[{"stream_name":"stderr","time":7.722412659,"data":"0.00s - Debugger warning: It seems that frozen modules are being used, which may\n"}
,{"stream_name":"stderr","time":7.722497657,"data":"0.00s - make the debugger miss breakpoints. Please pass -Xfrozen_modules=off\n"}
,{"stream_name":"stderr","time":7.722506385,"data":"0.00s - to python to disable frozen modules.\n"}
,{"stream_name":"stderr","time":7.722511102,"data":"0.00s - Note: Debugging will proceed. Set PYDEVD_DISABLE_FILE_VALIDATION=1 to disable this validation.\n"}
,{"stream_name":"stderr","time":8.340851471,"data":"0.00s - Debugger warning: It seems that frozen modules are being used, which may\n"}
,{"stream_name":"stderr","time":8.340901222,"data":"0.00s - make the debugger miss breakpoints. Please pass -Xfrozen_modules=off\n"}
,{"stream_name":"stderr","time":8.340907467,"data":"0.00s - to python to disable frozen modules.\n"}
,{"stream_name":"stderr","time":8.340911368,"data":"0.00s - Note: Debugging will proceed. Set PYDEVD_DISABLE_FILE_VALIDATION=1 to disable this validation.\n"}
,{"stream_name":"stdout","time":9.412604339,"data":"Phase 5: không cần resume state.\n"}
,{"stream_name":"stdout","time":9.412655582,"data":"Selected resume path: None\n"}
,{"stream_name":"stderr","time":9.459284105,"data":"Cloning into '/tmp/FL_IL_IDS'...\n"}
,{"stream_name":"stdout","time":9.613561809,"data":"Cloning from GitHub...\n"}
,{"stream_name":"stderr","time":9.662333914,"data":"Cloning into '/tmp/FL_IL_IDS'...\n"}
,{"stream_name":"stderr","time":9.662371371999999,"data":"\n"}
,{"stream_name":"stderr","time":9.662378391,"data":"Cloning into '/tmp/FL_IL_IDS'...\n"}
,{"stream_name":"stdout","time":12.733936053,"data":"sys.path[0]: /tmp/FL_IL_IDS\n"}
,{"stream_name":"stderr","time":18.62822118,"data":"INFO:numexpr.utils:NumExpr defaulting to 4 threads.\n"}
,{"stream_name":"stderr","time":18.628263218,"data":"\n"}
,{"stream_name":"stderr","time":18.628271828,"data":"INFO:numexpr.utils:NumExpr defaulting to 4 threads.\n"}
,{"stream_name":"stderr","time":19.632375087,"data":"INFO:fed_learning.data.incremental_loader:Initialized IncrementalLoader from /kaggle/input/datasets/khoilv2005/100-clients/100-clients\n"}
,{"stream_name":"stderr","time":19.63240757,"data":"\n"}
,{"stream_name":"stderr","time":19.632413761,"data":"INFO:fed_learning.data.incremental_loader:Initialized IncrementalLoader from /kaggle/input/datasets/khoilv2005/100-clients/100-clients\n"}
,{"stream_name":"stderr","time":19.633375474,"data":"INFO:fed_learning.data.incremental_loader:Task structure: 6 tasks found\n"}
,{"stream_name":"stderr","time":19.633403677,"data":"\n"}
,{"stream_name":"stderr","time":19.633410186,"data":"INFO:fed_learning.data.incremental_loader:Task structure: 6 tasks found\n"}
,{"stream_name":"stdout","time":20.068020091,"data":"🌱 Seed set to 42\n"}
,{"stream_name":"stdout","time":20.068099621,"data":"\n"}
,{"stream_name":"stdout","time":20.068107634,"data":"================================================================================\n"}
,{"stream_name":"stdout","time":20.068115976,"data":"DECENTRALIZED DeNICE-IL\n"}
,{"stream_name":"stdout","time":20.068119324,"data":"================================================================================\n"}
,{"stream_name":"stdout","time":20.715002014,"data":"\n"}
,{"stream_name":"stdout","time":20.715093882,"data":"================================================================================\n"}
,{"stream_name":"stdout","time":20.715106077,"data":"TASK 0/5 - Decentralized DeNICE-IL\n"}
,{"stream_name":"stdout","time":20.715112522,"data":"================================================================================\n"}
,{"stream_name":"stdout","time":38.673019347,"data":"  Active DeNICE clients: 50\n"}
,{"stream_name":"stdout","time":38.67310475,"data":"  DeNICE debug: new_model_shared_init=True, new_model_max_init_param_diff=0.0, samples=955948\n"}
,{"stream_name":"stdout","time":40.24851648,"data":"   Task base checkpoint saved: /kaggle/working/results_denice/checkpoint_task_0_base.pt\n"}
,{"stream_name":"stdout","time":40.248548099,"data":"  Round 0/19\n"}
,{"stream_name":"stdout","time":68.262027832,"data":"    Metrics skipped -\u003e train_loss=1.5882, eval_every=9999\n"}
,{"stream_name":"stdout","time":68.610360225,"data":"   Delta round checkpoint saved: /kaggle/working/results_denice/checkpoint_task_0_round_0.pt\n"}
,{"stream_name":"stdout","time":68.610411427,"data":"    DeNICE debug: train=25.1s, ctx=0.7s, capsule=0.3s, agg=1.8s, ckpt=0.4s, K=9, clusters={0: 11, 1: 3, 2: 8, 3: 6, 4: 7, 5: 6, 6: 1, 7: 3, 8: 5}\n"}
,{"stream_name":"stdout","time":68.610416285,"data":"  Round 1/19\n"}
,{"stream_name":"stdout","time":99.775369697,"data":"    Metrics skipped -\u003e train_loss=0.8378, eval_every=9999\n"}
,{"stream_name":"stdout","time":100.121504844,"data":"   Delta round checkpoint saved: /kaggle/working/results_denice/checkpoint_task_0_round_1.pt\n"}
,{"stream_name":"stdout","time":100.121550289,"data":"    DeNICE debug: train=28.5s, ctx=0.6s, capsule=0.3s, agg=1.6s, ckpt=0.4s, K=9, clusters={0: 11, 1: 3, 2: 8, 3: 6, 4: 1, 5: 3, 6: 6, 7: 5, 8: 7}\n"}
,{"stream_name":"stdout","time":100.12155642,"data":"  Round 2/19\n"}
,{"stream_name":"stdout","time":133.685295631,"data":"    Metrics skipped -\u003e train_loss=0.6731, eval_every=9999\n"}
,{"stream_name":"stdout","time":134.027892416,"data":"   Delta round checkpoint saved: /kaggle/working/results_denice/checkpoint_task_0_round_2.pt\n"}
,{"stream_name":"stdout","time":134.027966184,"data":"    DeNICE debug: train=30.9s, ctx=0.6s, capsule=0.3s, agg=1.6s, ckpt=0.4s, K=9, clusters={0: 11, 1: 3, 2: 8, 3: 6, 4: 1, 5: 3, 6: 6, 7: 5, 8: 7}\n"}
,{"stream_name":"stdout","time":134.027974926,"data":"  Round 3/19\n"}
,{"stream_name":"stdout","time":168.572239625,"data":"    Metrics skipped -\u003e train_loss=0.6231, eval_every=9999\n"}
,{"stream_name":"stdout","time":168.91620515,"data":"   Delta round checkpoint saved: /kaggle/working/results_denice/checkpoint_task_0_round_3.pt\n"}
,{"stream_name":"stdout","time":168.916258019,"data":"    DeNICE debug: train=32.1s, ctx=0.6s, capsule=0.3s, agg=1.4s, ckpt=0.4s, K=10, clusters={0: 6, 1: 8, 2: 7, 3: 6, 4: 1, 5: 5, 6: 3, 7: 3, 8: 6, 9: 5}\n"}
,{"stream_name":"stdout","time":168.9162675,"data":"  Round 4/19\n"}
,{"stream_name":"stdout","time":204.821077732,"data":"    Metrics skipped -\u003e train_loss=0.6109, eval_every=9999\n"}
,{"stream_name":"stdout","time":205.176106203,"data":"   Delta round checkpoint saved: /kaggle/working/results_denice/checkpoint_task_0_round_4.pt\n"}
,{"stream_name":"stdout","time":205.176143046,"data":"    DeNICE debug: train=33.3s, ctx=0.6s, capsule=0.4s, agg=1.5s, ckpt=0.4s, K=10, clusters={0: 6, 1: 5, 2: 8, 3: 7, 4: 6, 5: 1, 6: 3, 7: 3, 8: 6, 9: 5}\n"}
,{"stream_name":"stdout","time":205.176151123,"data":"  Round 5/19\n"}
,{"stream_name":"stdout","time":241.907431107,"data":"    Metrics skipped -\u003e train_loss=0.6211, eval_every=9999\n"}
,{"stream_name":"stdout","time":242.284163574,"data":"   Delta round checkpoint saved: /kaggle/working/results_denice/checkpoint_task_0_round_5.pt\n"}
,{"stream_name":"stdout","time":242.284209957,"data":"    DeNICE debug: train=34.1s, ctx=0.6s, capsule=0.4s, agg=1.5s, ckpt=0.4s, K=10, clusters={0: 6, 1: 5, 2: 6, 3: 8, 4: 7, 5: 6, 6: 1, 7: 3, 8: 3, 9: 5}\n"}
,{"stream_name":"stdout","time":242.284217093,"data":"  Round 6/19\n"}
,{"stream_name":"stdout","time":279.009835695,"data":"    Metrics skipped -\u003e train_loss=0.6196, eval_every=9999\n"}
,{"stream_name":"stdout","time":279.359084397,"data":"   Delta round checkpoint saved: /kaggle/working/results_denice/checkpoint_task_0_round_6.pt\n"}
,{"stream_name":"stdout","time":279.359134685,"data":"    DeNICE debug: train=34.1s, ctx=0.6s, capsule=0.4s, agg=1.5s, ckpt=0.4s, K=10, clusters={0: 6, 1: 5, 2: 8, 3: 7, 4: 6, 5: 1, 6: 3, 7: 3, 8: 6, 9: 5}\n"}
,{"stream_name":"stdout","time":279.359139786,"data":"  Round 7/19\n"}
,{"stream_name":"stdout","time":316.347552802,"data":"    Metrics skipped -\u003e train_loss=0.5850, eval_every=9999\n"}
,{"stream_name":"stdout","time":316.738666087,"data":"   Delta round checkpoint saved: /kaggle/working/results_denice/checkpoint_task_0_round_7.pt\n"}
,{"stream_name":"stdout","time":317.025589896,"data":"    DeNICE debug: train=34.4s, ctx=0.6s, capsule=0.3s, agg=1.5s, ckpt=0.4s, K=10, clusters={0: 6, 1: 5, 2: 6, 3: 8, 4: 7, 5: 6, 6: 1, 7: 3, 8: 3, 9: 5}\n"}
,{"stream_name":"stdout","time":317.025656254,"data":"  Round 8/19\n"}
,{"stream_name":"stdout","time":354.127505496,"data":"    Metrics skipped -\u003e train_loss=0.6002, eval_every=9999\n"}
,{"stream_name":"stdout","time":354.478258873,"data":"   Delta round checkpoint saved: /kaggle/working/results_denice/checkpoint_task_0_round_8.pt\n"}
,{"stream_name":"stdout","time":354.47829927,"data":"    DeNICE debug: train=34.5s, ctx=0.6s, capsule=0.4s, agg=1.5s, ckpt=0.4s, K=10, clusters={0: 6, 1: 5, 2: 6, 3: 8, 4: 7, 5: 6, 6: 1, 7: 3, 8: 3, 9: 5}\n"}
,{"stream_name":"stdout","time":354.478305222,"data":"  Round 9/19\n"}
,{"stream_name":"stdout","time":391.866717026,"data":"    Metrics skipped -\u003e train_loss=0.5852, eval_every=9999\n"}
,{"stream_name":"stdout","time":392.214213208,"data":"   Delta round checkpoint saved: /kaggle/working/results_denice/checkpoint_task_0_round_9.pt\n"}
,{"stream_name":"stdout","time":392.214257157,"data":"    DeNICE debug: train=34.7s, ctx=0.6s, capsule=0.3s, agg=1.6s, ckpt=0.4s, K=10, clusters={0: 6, 1: 5, 2: 6, 3: 8, 4: 7, 5: 6, 6: 1, 7: 3, 8: 3, 9: 5}\n"}
,{"stream_name":"stdout","time":392.21426865,"data":"  Round 10/19\n"}
,{"stream_name":"stdout","time":429.505986364,"data":"    Metrics skipped -\u003e train_loss=0.6238, eval_every=9999\n"}
,{"stream_name":"stdout","time":429.883307953,"data":"   Delta round checkpoint saved: /kaggle/working/results_denice/checkpoint_task_0_round_10.pt\n"}
,{"stream_name":"stdout","time":429.883367513,"data":"    DeNICE debug: train=34.6s, ctx=0.6s, capsule=0.4s, agg=1.5s, ckpt=0.4s, K=10, clusters={0: 6, 1: 5, 2: 6, 3: 8, 4: 7, 5: 6, 6: 1, 7: 3, 8: 3, 9: 5}\n"}
,{"stream_name":"stdout","time":429.883375575,"data":"  Round 11/19\n"}
,{"stream_name":"stdout","time":467.071412002,"data":"    Metrics skipped -\u003e train_loss=0.5921, eval_every=9999\n"}
,{"stream_name":"stdout","time":467.441838368,"data":"   Delta round checkpoint saved: /kaggle/working/results_denice/checkpoint_task_0_round_11.pt\n"}
,{"stream_name":"stdout","time":467.441896855,"data":"    DeNICE debug: train=34.5s, ctx=0.6s, capsule=0.3s, agg=1.5s, ckpt=0.4s, K=10, clusters={0: 6, 1: 5, 2: 6, 3: 8, 4: 7, 5: 6, 6: 1, 7: 3, 8: 3, 9: 5}\n"}
,{"stream_name":"stdout","time":467.441904261,"data":"  Round 12/19\n"}
,{"stream_name":"stdout","time":504.554761194,"data":"    Metrics skipped -\u003e train_loss=0.6366, eval_every=9999\n"}
,{"stream_name":"stdout","time":504.910668013,"data":"   Delta round checkpoint saved: /kaggle/working/results_denice/checkpoint_task_0_round_12.pt\n"}
,{"stream_name":"stdout","time":504.910728325,"data":"    DeNICE debug: train=34.5s, ctx=0.6s, capsule=0.3s, agg=1.4s, ckpt=0.4s, K=10, clusters={0: 6, 1: 5, 2: 8, 3: 6, 4: 7, 5: 6, 6: 1, 7: 3, 8: 3, 9: 5}\n"}
,{"stream_name":"stdout","time":504.910751125,"data":"  Round 13/19\n"}
,{"stream_name":"stdout","time":542.460235683,"data":"    Metrics skipped -\u003e train_loss=0.6051, eval_every=9999\n"}
,{"stream_name":"stdout","time":542.815605051,"data":"   Delta round checkpoint saved: /kaggle/working/results_denice/checkpoint_task_0_round_13.pt\n"}
,{"stream_name":"stdout","time":542.815639725,"data":"    DeNICE debug: train=34.7s, ctx=0.6s, capsule=0.4s, agg=1.6s, ckpt=0.4s, K=10, clusters={0: 6, 1: 5, 2: 8, 3: 7, 4: 6, 5: 1, 6: 3, 7: 3, 8: 6, 9: 5}\n"}
,{"stream_name":"stdout","time":542.815645885,"data":"  Round 14/19\n"}
,{"stream_name":"stdout","time":580.568723261,"data":"    Metrics skipped -\u003e train_loss=0.6470, eval_every=9999\n"}
,{"stream_name":"stdout","time":580.937098691,"data":"   Delta round checkpoint saved: /kaggle/working/results_denice/checkpoint_task_0_round_14.pt\n"}
,{"stream_name":"stdout","time":581.136645635,"data":"    DeNICE debug: train=34.7s, ctx=0.7s, capsule=0.4s, agg=1.5s, ckpt=0.6s, K=10, clusters={0: 5, 1: 8, 2: 6, 3: 1, 4: 3, 5: 3, 6: 6, 7: 6, 8: 5, 9: 7}\n"}
,{"stream_name":"stdout","time":581.136679061,"data":"  Round 15/19\n"}
,{"stream_name":"stdout","time":618.74981007,"data":"    Metrics skipped -\u003e train_loss=0.6107, eval_every=9999\n"}
,{"stream_name":"stdout","time":619.1074482,"data":"   Delta round checkpoint saved: /kaggle/working/results_denice/checkpoint_task_0_round_15.pt\n"}
,{"stream_name":"stdout","time":619.107484413,"data":"    DeNICE debug: train=35.0s, ctx=0.7s, capsule=0.4s, agg=1.6s, ckpt=0.4s, K=10, clusters={0: 6, 1: 5, 2: 8, 3: 7, 4: 6, 5: 1, 6: 3, 7: 3, 8: 6, 9: 5}\n"}
,{"stream_name":"stdout","time":619.107491317,"data":"  Round 16/19\n"}
,{"stream_name":"stdout","time":656.835112902,"data":"    Metrics skipped -\u003e train_loss=0.6136, eval_every=9999\n"}
,{"stream_name":"stdout","time":657.244826686,"data":"   Delta round checkpoint saved: /kaggle/working/results_denice/checkpoint_task_0_round_16.pt\n"}
,{"stream_name":"stdout","time":657.446167932,"data":"    DeNICE debug: train=34.9s, ctx=0.7s, capsule=0.4s, agg=1.6s, ckpt=0.4s, K=10, clusters={0: 6, 1: 5, 2: 8, 3: 6, 4: 1, 5: 3, 6: 3, 7: 6, 8: 5, 9: 7}\n"}
,{"stream_name":"stdout","time":657.446237224,"data":"  Round 17/19\n"}
,{"stream_name":"stdout","time":695.171622882,"data":"    Metrics skipped -\u003e train_loss=0.6211, eval_every=9999\n"}
,{"stream_name":"stdout","time":695.519636947,"data":"   Delta round checkpoint saved: /kaggle/working/results_denice/checkpoint_task_0_round_17.pt\n"}
,{"stream_name":"stdout","time":695.779899122,"data":"    DeNICE debug: train=35.1s, ctx=0.6s, capsule=0.4s, agg=1.6s, ckpt=0.4s, K=10, clusters={0: 6, 1: 5, 2: 8, 3: 6, 4: 1, 5: 3, 6: 3, 7: 6, 8: 5, 9: 7}\n"}
,{"stream_name":"stdout","time":695.779951914,"data":"  Round 18/19\n"}
,{"stream_name":"stdout","time":733.498945812,"data":"    Metrics skipped -\u003e train_loss=0.6196, eval_every=9999\n"}
,{"stream_name":"stdout","time":733.9029008,"data":"   Delta round checkpoint saved: /kaggle/working/results_denice/checkpoint_task_0_round_18.pt\n"}
,{"stream_name":"stdout","time":734.104529996,"data":"    DeNICE debug: train=35.2s, ctx=0.6s, capsule=0.3s, agg=1.4s, ckpt=0.4s, K=10, clusters={0: 6, 1: 5, 2: 6, 3: 8, 4: 7, 5: 6, 6: 1, 7: 3, 8: 3, 9: 5}\n"}
,{"stream_name":"stdout","time":734.104583979,"data":"  Round 19/19\n"}
,{"stream_name":"stdout","time":771.729601272,"data":"    Metrics skipped -\u003e train_loss=0.6275, eval_every=9999\n"}
,{"stream_name":"stdout","time":772.072947824,"data":"   Delta round checkpoint saved: /kaggle/working/results_denice/checkpoint_task_0_round_19.pt\n"}
,{"stream_name":"stdout","time":772.32864643,"data":"    DeNICE debug: train=35.0s, ctx=0.7s, capsule=0.3s, agg=1.5s, ckpt=0.4s, K=10, clusters={0: 6, 1: 5, 2: 8, 3: 7, 4: 6, 5: 1, 6: 3, 7: 3, 8: 6, 9: 5}\n"}
,{"stream_name":"stdout","time":780.398749985,"data":"  Starting post-task DeNICE eval: task=0, clients=50/50, test_samples=409691/409691, sample_limited=False, batch_size=8192\n"}
,{"stream_name":"stdout","time":780.399632967,"data":"  DeNICE eval start [task=0,post_task]: clients=50, test_samples=409691, batch_size=8192, routing=cluster, episodes=group/local, seen_classes=[0, 1, 2, 3, 4, 5]\n"}
,{"stream_name":"stdout","time":788.656338295,"data":"    Eval client 1/50 cid=0 done: acc=79.00%, f1=19.35%, route_acc=100.00%, time=8.3s, total_elapsed=8.3s\n"}
,{"stream_name":"stdout","time":862.893089975,"data":"    Eval client 10/50 cid=26 done: acc=79.00%, f1=19.37%, route_acc=100.00%, time=8.1s, total_elapsed=82.5s\n"}
,{"stream_name":"stdout","time":944.256375985,"data":"    Eval client 20/50 cid=48 done: acc=98.92%, f1=49.64%, route_acc=100.00%, time=8.0s, total_elapsed=163.9s\n"}
,{"stream_name":"stdout","time":1024.960516843,"data":"    Eval client 30/50 cid=64 done: acc=98.88%, f1=49.56%, route_acc=100.00%, time=8.1s, total_elapsed=244.6s\n"}
,{"stream_name":"stdout","time":1106.023981576,"data":"    Eval client 40/50 cid=80 done: acc=98.93%, f1=49.65%, route_acc=100.00%, time=8.0s, total_elapsed=325.6s\n"}
,{"stream_name":"stdout","time":1187.164393915,"data":"    Eval client 50/50 cid=99 done: acc=96.94%, f1=32.44%, route_acc=100.00%, time=8.1s, total_elapsed=406.8s\n"}
,{"stream_name":"stdout","time":1187.165399204,"data":"  DeNICE eval done [task=0,post_task]: accuracy=75.41%, f1=30.88%, route_acc=100.00% (routing=cluster), elapsed=406.8s\n"}
,{"stream_name":"stdout","time":1187.491102715,"data":"  Task summary -\u003e accuracy=75.41%, f1=30.88%, route_acc=100.00% (routing=cluster)\n"}
,{"stream_name":"stdout","time":1188.444583292,"data":"\n"}
,{"stream_name":"stdout","time":1188.444625261,"data":"================================================================================\n"}
,{"stream_name":"stdout","time":1188.444633324,"data":"TASK 1/5 - Decentralized DeNICE-IL\n"}
,{"stream_name":"stdout","time":1188.444638799,"data":"================================================================================\n"}
,{"stream_name":"stdout","time":1203.985123423,"data":"  Active DeNICE clients: 60\n"}
,{"stream_name":"stdout","time":1203.985176852,"data":"  DeNICE debug: new_model_shared_init=True, new_model_max_init_param_diff=0.0, samples=13011358\n"}
,{"stream_name":"stdout","time":1205.175358973,"data":"   Task base checkpoint saved: /kaggle/working/results_denice/checkpoint_task_1_base.pt\n"}
,{"stream_name":"stdout","time":1205.17539488,"data":"  Round 0/19\n"}
,{"stream_name":"stdout","time":1483.31494553,"data":"    Metrics skipped -\u003e train_loss=0.3132, eval_every=9999\n"}
,{"stream_name":"stdout","time":1483.728884092,"data":"   Delta round checkpoint saved: /kaggle/working/results_denice/checkpoint_task_1_round_0.pt\n"}
,{"stream_name":"stdout","time":1484.009135908,"data":"    DeNICE debug: train=271.7s, ctx=1.6s, capsule=1.7s, agg=2.5s, ckpt=0.5s, K=9, clusters={0: 4, 1: 4, 2: 8, 3: 2, 4: 2, 5: 4, 6: 6, 7: 23, 8: 7}\n"}
,{"stream_name":"stdout","time":1484.009179606,"data":"  Round 1/19\n"}
,{"stream_name":"stdout","time":1773.377312093,"data":"    Metrics skipped -\u003e train_loss=0.1167, eval_every=9999\n"}
,{"stream_name":"stdout","time":1773.881648063,"data":"   Delta round checkpoint saved: /kaggle/working/results_denice/checkpoint_task_1_round_1.pt\n"}
,{"stream_name":"stdout","time":1774.083271306,"data":"    DeNICE debug: train=283.5s, ctx=1.5s, capsule=1.7s, agg=2.1s, ckpt=0.5s, K=9, clusters={0: 4, 1: 8, 2: 6, 3: 7, 4: 6, 5: 11, 6: 5, 7: 11, 8: 2}\n"}
,{"stream_name":"stdout","time":1774.083346571,"data":"  Round 2/19\n"}
,{"stream_name":"stdout","time":2062.23952321,"data":"    Metrics skipped -\u003e train_loss=0.1340, eval_every=9999\n"}
,{"stream_name":"stdout","time":2062.724434847,"data":"   Delta round checkpoint saved: /kaggle/working/results_denice/checkpoint_task_1_round_2.pt\n"}
,{"stream_name":"stdout","time":2063.125723364,"data":"    DeNICE debug: train=282.3s, ctx=1.5s, capsule=1.8s, agg=2.1s, ckpt=0.4s, K=10, clusters={0: 4, 1: 6, 2: 7, 3: 6, 4: 8, 5: 3, 6: 5, 7: 11, 8: 8, 9: 2}\n"}
,{"stream_name":"stdout","time":2063.125757919,"data":"  Round 3/19\n"}
,{"stream_name":"stdout","time":2350.620462613,"data":"    Metrics skipped -\u003e train_loss=0.1829, eval_every=9999\n"}
,{"stream_name":"stdout","time":2351.029687662,"data":"   Delta round checkpoint saved: /kaggle/working/results_denice/checkpoint_task_1_round_3.pt\n"}
,{"stream_name":"stdout","time":2351.360599747,"data":"    DeNICE debug: train=281.8s, ctx=1.5s, capsule=1.7s, agg=1.9s, ckpt=0.4s, K=9, clusters={0: 4, 1: 6, 2: 8, 3: 6, 4: 11, 5: 5, 6: 10, 7: 8, 8: 2}\n"}
,{"stream_name":"stdout","time":2351.360640401,"data":"  Round 4/19\n"}
,{"stream_name":"stdout","time":2640.61662037,"data":"    Metrics skipped -\u003e train_loss=0.2351, eval_every=9999\n"}
,{"stream_name":"stdout","time":2641.06620971,"data":"   Delta round checkpoint saved: /kaggle/working/results_denice/checkpoint_task_1_round_4.pt\n"}
,{"stream_name":"stdout","time":2641.433654335,"data":"    DeNICE debug: train=283.5s, ctx=1.5s, capsule=1.7s, agg=2.0s, ckpt=0.5s, K=9, clusters={0: 7, 1: 7, 2: 6, 3: 11, 4: 3, 5: 5, 6: 11, 7: 8, 8: 2}\n"}
,{"stream_name":"stdout","time":2641.433713441,"data":"  Round 5/19\n"}
,{"stream_name":"stdout","time":2930.860552431,"data":"    Metrics skipped -\u003e train_loss=0.2531, eval_every=9999\n"}
,{"stream_name":"stdout","time":2931.324575271,"data":"   Delta round checkpoint saved: /kaggle/working/results_denice/checkpoint_task_1_round_5.pt\n"}
,{"stream_name":"stdout","time":2931.674583908,"data":"    DeNICE debug: train=283.8s, ctx=1.6s, capsule=1.7s, agg=1.9s, ckpt=0.5s, K=10, clusters={0: 6, 1: 7, 2: 7, 3: 2, 4: 4, 5: 3, 6: 5, 7: 7, 8: 11, 9: 8}\n"}
,{"stream_name":"stdout","time":2931.674640282,"data":"  Round 6/19\n"}
,{"stream_name":"stdout","time":3220.179948519,"data":"    Metrics skipped -\u003e train_loss=0.2749, eval_every=9999\n"}
,{"stream_name":"stdout","time":3220.585124734,"data":"   Delta round checkpoint saved: /kaggle/working/results_denice/checkpoint_task_1_round_6.pt\n"}
,{"stream_name":"stdout","time":3220.936111254,"data":"    DeNICE debug: train=282.9s, ctx=1.6s, capsule=1.7s, agg=2.0s, ckpt=0.4s, K=10, clusters={0: 6, 1: 8, 2: 6, 3: 5, 4: 3, 5: 5, 6: 6, 7: 11, 8: 8, 9: 2}\n"}
,{"stream_name":"stdout","time":3220.936145301,"data":"  Round 7/19\n"}
,{"stream_name":"stdout","time":3508.946686091,"data":"    Metrics skipped -\u003e train_loss=0.2901, eval_every=9999\n"}
,{"stream_name":"stdout","time":3509.402621025,"data":"   Delta round checkpoint saved: /kaggle/working/results_denice/checkpoint_task_1_round_7.pt\n"}
,{"stream_name":"stdout","time":3509.74337602,"data":"    DeNICE debug: train=282.3s, ctx=1.5s, capsule=1.9s, agg=1.8s, ckpt=0.4s, K=10, clusters={0: 6, 1: 6, 2: 8, 3: 8, 4: 3, 5: 3, 6: 5, 7: 11, 8: 8, 9: 2}\n"}
,{"stream_name":"stdout","time":3509.743407506,"data":"  Round 8/19\n"}
,{"stream_name":"stdout","time":3797.913252467,"data":"    Metrics skipped -\u003e train_loss=0.3002, eval_every=9999\n"}
,{"stream_name":"stdout","time":3798.340614363,"data":"   Delta round checkpoint saved: /kaggle/working/results_denice/checkpoint_task_1_round_8.pt\n"}
,{"stream_name":"stdout","time":3798.720099038,"data":"    DeNICE debug: train=282.5s, ctx=1.5s, capsule=1.7s, agg=1.9s, ckpt=0.4s, K=9, clusters={0: 6, 1: 6, 2: 8, 3: 11, 4: 3, 5: 5, 6: 11, 7: 8, 8: 2}\n"}
,{"stream_name":"stdout","time":3798.720149995,"data":"  Round 9/19\n"}
,{"stream_name":"stdout","time":4087.487887599,"data":"    Metrics skipped -\u003e train_loss=0.3373, eval_every=9999\n"}
,{"stream_name":"stdout","time":4087.959148432,"data":"   Delta round checkpoint saved: /kaggle/working/results_denice/checkpoint_task_1_round_9.pt\n"}
,{"stream_name":"stdout","time":4088.295354448,"data":"    DeNICE debug: train=282.8s, ctx=1.5s, capsule=1.7s, agg=2.2s, ckpt=0.5s, K=8, clusters={0: 6, 1: 6, 2: 11, 3: 15, 4: 3, 5: 9, 6: 8, 7: 2}\n"}
,{"stream_name":"stdout","time":4088.295391728,"data":"  Round 10/19\n"}
,{"stream_name":"stdout","time":4377.876634531,"data":"    Metrics skipped -\u003e train_loss=0.2975, eval_every=9999\n"}
,{"stream_name":"stdout","time":4378.347697927,"data":"   Delta round checkpoint saved: /kaggle/working/results_denice/checkpoint_task_1_round_10.pt\n"}
,{"stream_name":"stdout","time":4378.887958675,"data":"    DeNICE debug: train=283.6s, ctx=1.5s, capsule=1.7s, agg=2.2s, ckpt=0.4s, K=8, clusters={0: 6, 1: 10, 2: 6, 3: 11, 4: 3, 5: 14, 6: 8, 7: 2}\n"}
,{"stream_name":"stdout","time":4378.887999833,"data":"  Round 11/19\n"}
,{"stream_name":"stdout","time":4667.691204127,"data":"    Metrics skipped -\u003e train_loss=0.2705, eval_every=9999\n"}
,{"stream_name":"stdout","time":4668.206139422,"data":"   Delta round checkpoint saved: /kaggle/working/results_denice/checkpoint_task_1_round_11.pt\n"}
,{"stream_name":"stdout","time":4668.550724749,"data":"    DeNICE debug: train=282.8s, ctx=1.5s, capsule=1.7s, agg=2.1s, ckpt=0.4s, K=8, clusters={0: 6, 1: 10, 2: 6, 3: 2, 4: 3, 5: 11, 6: 14, 7: 8}\n"}
,{"stream_name":"stdout","time":4668.550755728,"data":"  Round 12/19\n"}
,{"stream_name":"stdout","time":4958.13566343,"data":"    Metrics skipped -\u003e train_loss=0.2587, eval_every=9999\n"}
,{"stream_name":"stdout","time":4958.556989112,"data":"   Delta round checkpoint saved: /kaggle/working/results_denice/checkpoint_task_1_round_12.pt\n"}
,{"stream_name":"stdout","time":4958.998959105,"data":"    DeNICE debug: train=283.7s, ctx=1.5s, capsule=1.7s, agg=2.1s, ckpt=0.4s, K=8, clusters={0: 6, 1: 10, 2: 6, 3: 3, 4: 11, 5: 14, 6: 8, 7: 2}\n"}
,{"stream_name":"stdout","time":4958.999016709,"data":"  Round 13/19\n"}
,{"stream_name":"stdout","time":5248.876509668,"data":"    Metrics skipped -\u003e train_loss=0.2641, eval_every=9999\n"}
,{"stream_name":"stdout","time":5249.322487099,"data":"   Delta round checkpoint saved: /kaggle/working/results_denice/checkpoint_task_1_round_13.pt\n"}
,{"stream_name":"stdout","time":5249.756941182,"data":"    DeNICE debug: train=284.1s, ctx=1.5s, capsule=1.7s, agg=2.1s, ckpt=0.4s, K=8, clusters={0: 6, 1: 10, 2: 6, 3: 11, 4: 3, 5: 14, 6: 8, 7: 2}\n"}
,{"stream_name":"stdout","time":5249.756973024,"data":"  Round 14/19\n"}
,{"stream_name":"stdout","time":5539.39481825,"data":"    Metrics skipped -\u003e train_loss=0.2797, eval_every=9999\n"}
,{"stream_name":"stdout","time":5539.970253969,"data":"   Delta round checkpoint saved: /kaggle/working/results_denice/checkpoint_task_1_round_14.pt\n"}
,{"stream_name":"stdout","time":5540.319250367,"data":"    DeNICE debug: train=283.6s, ctx=1.5s, capsule=1.7s, agg=2.2s, ckpt=0.6s, K=8, clusters={0: 6, 1: 6, 2: 10, 3: 11, 4: 3, 5: 14, 6: 8, 7: 2}\n"}
,{"stream_name":"stdout","time":5540.319292292,"data":"  Round 15/19\n"}
,{"stream_name":"stdout","time":5831.152426039,"data":"    Metrics skipped -\u003e train_loss=0.2739, eval_every=9999\n"}
,{"stream_name":"stdout","time":5831.633218592,"data":"   Delta round checkpoint saved: /kaggle/working/results_denice/checkpoint_task_1_round_15.pt\n"}
,{"stream_name":"stdout","time":5832.134791286,"data":"    DeNICE debug: train=284.8s, ctx=1.5s, capsule=1.7s, agg=2.3s, ckpt=0.5s, K=8, clusters={0: 6, 1: 6, 2: 11, 3: 12, 4: 3, 5: 12, 6: 8, 7: 2}\n"}
,{"stream_name":"stdout","time":5832.134843617,"data":"  Round 16/19\n"}
,{"stream_name":"stdout","time":6122.697447395,"data":"    Metrics skipped -\u003e train_loss=0.2883, eval_every=9999\n"}
,{"stream_name":"stdout","time":6123.1198657,"data":"   Delta round checkpoint saved: /kaggle/working/results_denice/checkpoint_task_1_round_16.pt\n"}
,{"stream_name":"stdout","time":6123.683865122,"data":"    DeNICE debug: train=284.7s, ctx=1.5s, capsule=1.7s, agg=2.2s, ckpt=0.4s, K=8, clusters={0: 6, 1: 6, 2: 11, 3: 12, 4: 3, 5: 12, 6: 8, 7: 2}\n"}
,{"stream_name":"stdout","time":6123.683900297,"data":"  Round 17/19\n"}
,{"stream_name":"stdout","time":6414.031873722,"data":"    Metrics skipped -\u003e train_loss=0.2961, eval_every=9999\n"}
,{"stream_name":"stdout","time":6414.641581086,"data":"   Delta round checkpoint saved: /kaggle/working/results_denice/checkpoint_task_1_round_17.pt\n"}
,{"stream_name":"stdout","time":6415.165128767,"data":"    DeNICE debug: train=284.4s, ctx=1.5s, capsule=1.8s, agg=2.2s, ckpt=0.6s, K=8, clusters={0: 6, 1: 10, 2: 6, 3: 11, 4: 2, 5: 3, 6: 14, 7: 8}\n"}
,{"stream_name":"stdout","time":6415.165150661,"data":"  Round 18/19\n"}
,{"stream_name":"stdout","time":6705.526253194,"data":"    Metrics skipped -\u003e train_loss=0.2870, eval_every=9999\n"}
,{"stream_name":"stdout","time":6705.935339503,"data":"   Delta round checkpoint saved: /kaggle/working/results_denice/checkpoint_task_1_round_18.pt\n"}
,{"stream_name":"stdout","time":6706.473771644,"data":"    DeNICE debug: train=284.4s, ctx=1.5s, capsule=1.7s, agg=2.2s, ckpt=0.4s, K=8, clusters={0: 6, 1: 10, 2: 6, 3: 11, 4: 3, 5: 14, 6: 8, 7: 2}\n"}
,{"stream_name":"stdout","time":6706.473804224,"data":"  Round 19/19\n"}
,{"stream_name":"stdout","time":6996.42532748,"data":"    Metrics skipped -\u003e train_loss=0.2882, eval_every=9999\n"}
,{"stream_name":"stdout","time":6996.893504016,"data":"   Delta round checkpoint saved: /kaggle/working/results_denice/checkpoint_task_1_round_19.pt\n"}
,{"stream_name":"stdout","time":6997.393031962,"data":"    DeNICE debug: train=284.1s, ctx=1.6s, capsule=1.7s, agg=2.1s, ckpt=0.4s, K=8, clusters={0: 6, 1: 6, 2: 2, 3: 11, 4: 3, 5: 11, 6: 13, 7: 8}\n"}
,{"stream_name":"stdout","time":6998.646560175,"data":"  Starting post-task DeNICE eval: task=1, clients=24/60, test_samples=5985988/5985988, sample_limited=False, batch_size=8192\n"}
,{"stream_name":"stdout","time":6998.647297626,"data":"  DeNICE eval start [task=1,post_task]: clients=24, test_samples=5985988, batch_size=8192, routing=cluster, episodes=group/local, seen_classes=[0, 1, 2, 3, 4, 5, 6, 7, 8, 9, 10, 11]\n"}
,{"stream_name":"stdout","time":7144.371396926,"data":"    Eval client 1/24 cid=4 done: acc=95.37%, f1=45.66%, route_acc=95.63%, time=145.7s, total_elapsed=145.7s\n"}
,{"stream_name":"stdout","time":8443.49991331,"data":"    Eval client 10/24 cid=54 done: acc=93.17%, f1=43.53%, route_acc=93.73%, time=144.1s, total_elapsed=1444.8s\n"}
,{"stream_name":"stdout","time":9864.598554669,"data":"    Eval client 20/24 cid=83 done: acc=6.04%, f1=2.19%, route_acc=7.83%, time=142.3s, total_elapsed=2865.9s\n"}
,{"stream_name":"stdout","time":10437.83496121,"data":"    Eval client 24/24 cid=98 done: acc=92.98%, f1=48.46%, route_acc=93.27%, time=143.5s, total_elapsed=3439.2s\n"}
,{"stream_name":"stdout","time":10437.836378518,"data":"  DeNICE eval done [task=1,post_task]: accuracy=76.06%, f1=33.36%, route_acc=87.40% (routing=cluster), elapsed=3439.2s\n"}
,{"stream_name":"stdout","time":10438.052691469,"data":"  Task summary -\u003e accuracy=76.06%, f1=33.36%, route_acc=87.40% (routing=cluster)\n"}
,{"stream_name":"stdout","time":10439.931107193,"data":"\n"}
,{"stream_name":"stdout","time":10439.931153793,"data":"================================================================================\n"}
,{"stream_name":"stdout","time":10439.931168895,"data":"TASK 2/5 - Decentralized DeNICE-IL\n"}
,{"stream_name":"stdout","time":10439.931173115,"data":"================================================================================\n"}
,{"stream_name":"stdout","time":10454.202736815,"data":"  Active DeNICE clients: 70\n"}
,{"stream_name":"stdout","time":10454.202778913,"data":"  DeNICE debug: new_model_shared_init=True, new_model_max_init_param_diff=0.0, samples=9682499\n"}
,{"stream_name":"stdout","time":10455.56218579,"data":"   Task base checkpoint saved: /kaggle/working/results_denice/checkpoint_task_2_base.pt\n"}
,{"stream_name":"stdout","time":10455.56222753,"data":"  Round 0/19\n"}
,{"stream_name":"stdout","time":10672.088258203,"data":"    Metrics skipped -\u003e train_loss=1.5394, eval_every=9999\n"}
,{"stream_name":"stdout","time":10672.669978307,"data":"   Delta round checkpoint saved: /kaggle/working/results_denice/checkpoint_task_2_round_0.pt\n"}
,{"stream_name":"stdout","time":10673.24828979,"data":"    DeNICE debug: train=208.7s, ctx=2.8s, capsule=1.4s, agg=3.0s, ckpt=0.6s, K=9, clusters={0: 8, 1: 7, 2: 2, 3: 5, 4: 11, 5: 2, 6: 6, 7: 13, 8: 16}\n"}
,{"stream_name":"stdout","time":10673.248326655,"data":"  Round 1/19\n"}
,{"stream_name":"stdout","time":10879.834128057,"data":"    Metrics skipped -\u003e train_loss=0.8402, eval_every=9999\n"}
,{"stream_name":"stdout","time":10880.639216693,"data":"   Delta round checkpoint saved: /kaggle/working/results_denice/checkpoint_task_2_round_1.pt\n"}
,{"stream_name":"stdout","time":10881.272792286,"data":"    DeNICE debug: train=198.9s, ctx=2.8s, capsule=1.5s, agg=2.9s, ckpt=0.8s, K=10, clusters={0: 7, 1: 7, 2: 2, 3: 7, 4: 6, 5: 9, 6: 6, 7: 2, 8: 2, 9: 22}\n"}
,{"stream_name":"stdout","time":10881.272824521,"data":"  Round 2/19\n"}
,{"stream_name":"stdout","time":11087.064426096,"data":"    Metrics skipped -\u003e train_loss=0.6861, eval_every=9999\n"}
,{"stream_name":"stdout","time":11087.613315627,"data":"   Delta round checkpoint saved: /kaggle/working/results_denice/checkpoint_task_2_round_2.pt\n"}
,{"stream_name":"stdout","time":11088.278470501,"data":"    DeNICE debug: train=198.2s, ctx=2.8s, capsule=1.4s, agg=2.9s, ckpt=0.6s, K=10, clusters={0: 7, 1: 7, 2: 2, 3: 6, 4: 6, 5: 10, 6: 6, 7: 2, 8: 2, 9: 22}\n"}
,{"stream_name":"stdout","time":11088.278506209,"data":"  Round 3/19\n"}
,{"stream_name":"stdout","time":11294.616379278,"data":"    Metrics skipped -\u003e train_loss=0.6401, eval_every=9999\n"}
,{"stream_name":"stdout","time":11295.319639353,"data":"   Delta round checkpoint saved: /kaggle/working/results_denice/checkpoint_task_2_round_3.pt\n"}
,{"stream_name":"stdout","time":11296.043673327,"data":"    DeNICE debug: train=198.6s, ctx=2.8s, capsule=1.5s, agg=2.9s, ckpt=0.6s, K=10, clusters={0: 7, 1: 7, 2: 2, 3: 6, 4: 6, 5: 10, 6: 2, 7: 6, 8: 2, 9: 22}\n"}
,{"stream_name":"stdout","time":11296.043709454,"data":"  Round 4/19\n"}
,{"stream_name":"stdout","time":11502.070036967,"data":"    Metrics skipped -\u003e train_loss=0.6382, eval_every=9999\n"}
,{"stream_name":"stdout","time":11502.621447914,"data":"   Delta round checkpoint saved: /kaggle/working/results_denice/checkpoint_task_2_round_4.pt\n"}
,{"stream_name":"stdout","time":11503.29316848,"data":"    DeNICE debug: train=198.3s, ctx=2.7s, capsule=1.4s, agg=3.0s, ckpt=0.6s, K=11, clusters={0: 7, 1: 7, 2: 1, 3: 1, 4: 6, 5: 6, 6: 10, 7: 2, 8: 6, 9: 2, 10: 22}\n"}
,{"stream_name":"stdout","time":11503.293199901,"data":"  Round 5/19\n"}
,{"stream_name":"stdout","time":11708.746254815,"data":"    Metrics skipped -\u003e train_loss=0.6384, eval_every=9999\n"}
,{"stream_name":"stdout","time":11709.306169318,"data":"   Delta round checkpoint saved: /kaggle/working/results_denice/checkpoint_task_2_round_5.pt\n"}
,{"stream_name":"stdout","time":11709.994906229,"data":"    DeNICE debug: train=197.8s, ctx=2.7s, capsule=1.4s, agg=3.0s, ckpt=0.6s, K=11, clusters={0: 7, 1: 7, 2: 1, 3: 1, 4: 6, 5: 6, 6: 10, 7: 2, 8: 6, 9: 2, 10: 22}\n"}
,{"stream_name":"stdout","time":11709.994936647,"data":"  Round 6/19\n"}
,{"stream_name":"stdout","time":11915.717146007,"data":"    Metrics skipped -\u003e train_loss=0.6400, eval_every=9999\n"}
,{"stream_name":"stdout","time":11916.254639733,"data":"   Delta round checkpoint saved: /kaggle/working/results_denice/checkpoint_task_2_round_6.pt\n"}
,{"stream_name":"stdout","time":11916.968841509,"data":"    DeNICE debug: train=198.0s, ctx=2.7s, capsule=1.4s, agg=3.0s, ckpt=0.5s, K=12, clusters={0: 5, 1: 7, 2: 1, 3: 1, 4: 6, 5: 6, 6: 10, 7: 3, 8: 6, 9: 2, 10: 2, 11: 21}\n"}
,{"stream_name":"stdout","time":11916.968891246,"data":"  Round 7/19\n"}
,{"stream_name":"stdout","time":12122.5849911,"data":"    Metrics skipped -\u003e train_loss=0.6515, eval_every=9999\n"}
,{"stream_name":"stdout","time":12123.159667641,"data":"   Delta round checkpoint saved: /kaggle/working/results_denice/checkpoint_task_2_round_7.pt\n"}
,{"stream_name":"stdout","time":12123.978226642,"data":"    DeNICE debug: train=198.1s, ctx=2.7s, capsule=1.4s, agg=2.9s, ckpt=0.6s, K=12, clusters={0: 5, 1: 7, 2: 1, 3: 1, 4: 6, 5: 6, 6: 10, 7: 3, 8: 6, 9: 2, 10: 2, 11: 21}\n"}
,{"stream_name":"stdout","time":12123.97827106,"data":"  Round 8/19\n"}
,{"stream_name":"stdout","time":12329.726887519,"data":"    Metrics skipped -\u003e train_loss=0.6572, eval_every=9999\n"}
,{"stream_name":"stdout","time":12330.485145597,"data":"   Delta round checkpoint saved: /kaggle/working/results_denice/checkpoint_task_2_round_8.pt\n"}
,{"stream_name":"stdout","time":12331.239701497,"data":"    DeNICE debug: train=198.2s, ctx=2.7s, capsule=1.4s, agg=2.9s, ckpt=0.8s, K=12, clusters={0: 5, 1: 7, 2: 1, 3: 1, 4: 6, 5: 6, 6: 10, 7: 3, 8: 2, 9: 6, 10: 2, 11: 21}\n"}
,{"stream_name":"stdout","time":12331.23975359,"data":"  Round 9/19\n"}
,{"stream_name":"stdout","time":12536.784123629,"data":"    Metrics skipped -\u003e train_loss=0.6642, eval_every=9999\n"}
,{"stream_name":"stdout","time":12537.354356522,"data":"   Delta round checkpoint saved: /kaggle/working/results_denice/checkpoint_task_2_round_9.pt\n"}
,{"stream_name":"stdout","time":12538.131544434,"data":"    DeNICE debug: train=197.9s, ctx=2.7s, capsule=1.4s, agg=2.9s, ckpt=0.6s, K=12, clusters={0: 5, 1: 7, 2: 1, 3: 1, 4: 6, 5: 6, 6: 10, 7: 3, 8: 2, 9: 6, 10: 2, 11: 21}\n"}
,{"stream_name":"stdout","time":12538.131575228,"data":"  Round 10/19\n"}
,{"stream_name":"stdout","time":12743.702389692,"data":"    Metrics skipped -\u003e train_loss=0.6982, eval_every=9999\n"}
,{"stream_name":"stdout","time":12744.426474203,"data":"   Delta round checkpoint saved: /kaggle/working/results_denice/checkpoint_task_2_round_10.pt\n"}
,{"stream_name":"stdout","time":12745.260150948,"data":"    DeNICE debug: train=197.8s, ctx=2.7s, capsule=1.4s, agg=3.0s, ckpt=0.6s, K=11, clusters={0: 7, 1: 7, 2: 1, 3: 1, 4: 6, 5: 6, 6: 10, 7: 2, 8: 6, 9: 2, 10: 22}\n"}
,{"stream_name":"stdout","time":12745.260186592,"data":"  Round 11/19\n"}
,{"stream_name":"stdout","time":12950.584754963,"data":"    Metrics skipped -\u003e train_loss=0.7142, eval_every=9999\n"}
,{"stream_name":"stdout","time":12951.144311409,"data":"   Delta round checkpoint saved: /kaggle/working/results_denice/checkpoint_task_2_round_11.pt\n"}
,{"stream_name":"stdout","time":12951.989191992,"data":"    DeNICE debug: train=197.8s, ctx=2.7s, capsule=1.4s, agg=2.9s, ckpt=0.6s, K=11, clusters={0: 7, 1: 7, 2: 1, 3: 1, 4: 6, 5: 6, 6: 10, 7: 2, 8: 6, 9: 2, 10: 22}\n"}
,{"stream_name":"stdout","time":12951.989229056,"data":"  Round 12/19\n"}
,{"stream_name":"stdout","time":13157.396488073,"data":"    Metrics skipped -\u003e train_loss=0.7367, eval_every=9999\n"}
,{"stream_name":"stdout","time":13157.979882428,"data":"   Delta round checkpoint saved: /kaggle/working/results_denice/checkpoint_task_2_round_12.pt\n"}
,{"stream_name":"stdout","time":13159.000952085,"data":"    DeNICE debug: train=197.7s, ctx=2.7s, capsule=1.4s, agg=2.9s, ckpt=0.6s, K=12, clusters={0: 5, 1: 7, 2: 1, 3: 1, 4: 5, 5: 6, 6: 10, 7: 2, 8: 6, 9: 2, 10: 4, 11: 21}\n"}
,{"stream_name":"stdout","time":13159.00098745,"data":"  Round 13/19\n"}
,{"stream_name":"stdout","time":13364.968838354,"data":"    Metrics skipped -\u003e train_loss=0.7167, eval_every=9999\n"}
,{"stream_name":"stdout","time":13365.509556712,"data":"   Delta round checkpoint saved: /kaggle/working/results_denice/checkpoint_task_2_round_13.pt\n"}
,{"stream_name":"stdout","time":13366.386459653,"data":"    DeNICE debug: train=198.4s, ctx=2.8s, capsule=1.5s, agg=3.0s, ckpt=0.6s, K=11, clusters={0: 7, 1: 7, 2: 1, 3: 1, 4: 6, 5: 6, 6: 10, 7: 2, 8: 6, 9: 2, 10: 22}\n"}
,{"stream_name":"stdout","time":13366.38649408,"data":"  Round 14/19\n"}
,{"stream_name":"stdout","time":13571.801402167,"data":"    Metrics skipped -\u003e train_loss=0.7554, eval_every=9999\n"}
,{"stream_name":"stdout","time":13572.380554431,"data":"   Delta round checkpoint saved: /kaggle/working/results_denice/checkpoint_task_2_round_14.pt\n"}
,{"stream_name":"stdout","time":13573.259517301,"data":"    DeNICE debug: train=197.8s, ctx=2.8s, capsule=1.4s, agg=2.8s, ckpt=0.6s, K=12, clusters={0: 5, 1: 7, 2: 1, 3: 1, 4: 5, 5: 6, 6: 10, 7: 2, 8: 6, 9: 2, 10: 4, 11: 21}\n"}
,{"stream_name":"stdout","time":13573.259549092,"data":"  Round 15/19\n"}
,{"stream_name":"stdout","time":13778.941196453,"data":"    Metrics skipped -\u003e train_loss=0.7597, eval_every=9999\n"}
,{"stream_name":"stdout","time":13779.511268093,"data":"   Delta round checkpoint saved: /kaggle/working/results_denice/checkpoint_task_2_round_15.pt\n"}
,{"stream_name":"stdout","time":13780.443668018,"data":"    DeNICE debug: train=197.8s, ctx=2.8s, capsule=1.4s, agg=3.1s, ckpt=0.6s, K=11, clusters={0: 7, 1: 7, 2: 1, 3: 1, 4: 6, 5: 6, 6: 10, 7: 2, 8: 6, 9: 2, 10: 22}\n"}
,{"stream_name":"stdout","time":13780.443702921,"data":"  Round 16/19\n"}
,{"stream_name":"stdout","time":13985.914824825,"data":"    Metrics skipped -\u003e train_loss=0.7865, eval_every=9999\n"}
,{"stream_name":"stdout","time":13986.465534557,"data":"   Delta round checkpoint saved: /kaggle/working/results_denice/checkpoint_task_2_round_16.pt\n"}
,{"stream_name":"stdout","time":13987.38560303,"data":"    DeNICE debug: train=197.7s, ctx=2.8s, capsule=1.4s, agg=2.9s, ckpt=0.6s, K=12, clusters={0: 5, 1: 7, 2: 1, 3: 1, 4: 5, 5: 6, 6: 10, 7: 2, 8: 6, 9: 2, 10: 4, 11: 21}\n"}
,{"stream_name":"stdout","time":13987.385631656,"data":"  Round 17/19\n"}
,{"stream_name":"stdout","time":14192.593490104,"data":"    Metrics skipped -\u003e train_loss=0.7884, eval_every=9999\n"}
,{"stream_name":"stdout","time":14193.156862525,"data":"   Delta round checkpoint saved: /kaggle/working/results_denice/checkpoint_task_2_round_17.pt\n"}
,{"stream_name":"stdout","time":14194.152921869,"data":"    DeNICE debug: train=197.5s, ctx=2.7s, capsule=1.4s, agg=3.0s, ckpt=0.6s, K=11, clusters={0: 7, 1: 7, 2: 1, 3: 1, 4: 6, 5: 6, 6: 10, 7: 2, 8: 6, 9: 2, 10: 22}\n"}
,{"stream_name":"stdout","time":14194.152955108,"data":"  Round 18/19\n"}
,{"stream_name":"stdout","time":14398.937184193,"data":"    Metrics skipped -\u003e train_loss=0.8221, eval_every=9999\n"}
,{"stream_name":"stdout","time":14399.489425937,"data":"   Delta round checkpoint saved: /kaggle/working/results_denice/checkpoint_task_2_round_18.pt\n"}
,{"stream_name":"stdout","time":14400.455408017,"data":"    DeNICE debug: train=197.4s, ctx=2.7s, capsule=1.4s, agg=2.8s, ckpt=0.6s, K=12, clusters={0: 5, 1: 7, 2: 1, 3: 1, 4: 5, 5: 6, 6: 10, 7: 2, 8: 6, 9: 2, 10: 4, 11: 21}\n"}
,{"stream_name":"stdout","time":14400.455468831,"data":"  Round 19/19\n"}
,{"stream_name":"stdout","time":14606.108396527,"data":"    Metrics skipped -\u003e train_loss=0.8527, eval_every=9999\n"}
,{"stream_name":"stdout","time":14606.689564591,"data":"   Delta round checkpoint saved: /kaggle/working/results_denice/checkpoint_task_2_round_19.pt\n"}
,{"stream_name":"stdout","time":14607.711433526,"data":"    DeNICE debug: train=197.8s, ctx=2.8s, capsule=1.4s, agg=3.2s, ckpt=0.6s, K=11, clusters={0: 7, 1: 7, 2: 1, 3: 1, 4: 6, 5: 6, 6: 10, 7: 2, 8: 6, 9: 2, 10: 22}\n"}
,{"stream_name":"stdout","time":14609.249816942,"data":"  Starting post-task DeNICE eval: task=2, clients=18/70, test_samples=10135631/10135631, sample_limited=False, batch_size=8192\n"}
,{"stream_name":"stdout","time":14609.251210705,"data":"  DeNICE eval start [task=2,post_task]: clients=18, test_samples=10135631, batch_size=8192, routing=cluster, episodes=group/local, seen_classes=[0, 1, 2, 3, 4, 5, 6, 7, 8, 9, 10, 11, 12, 13, 14, 15, 16, 17]\n"}
,{"stream_name":"stdout","time":14909.691137945,"data":"    Eval client 1/18 cid=15 done: acc=15.57%, f1=13.60%, route_acc=15.65%, time=300.4s, total_elapsed=300.4s\n"}
,{"stream_name":"stdout","time":17570.292659854,"data":"    Eval client 10/18 cid=73 done: acc=79.03%, f1=38.46%, route_acc=79.26%, time=292.3s, total_elapsed=2961.0s\n"}
,{"stream_name":"stdout","time":19985.050414842,"data":"    Eval client 18/18 cid=98 done: acc=41.44%, f1=23.71%, route_acc=42.40%, time=316.9s, total_elapsed=5375.8s\n"}
,{"stream_name":"stdout","time":19985.051411843,"data":"  DeNICE eval done [task=2,post_task]: accuracy=40.87%, f1=18.80%, route_acc=47.63% (routing=cluster), elapsed=5375.8s\n"}
,{"stream_name":"stdout","time":19985.262264772,"data":"  Task summary -\u003e accuracy=40.87%, f1=18.80%, route_acc=47.63% (routing=cluster)\n"}
,{"stream_name":"stdout","time":19988.374987558,"data":"\n"}
,{"stream_name":"stdout","time":19988.375035235,"data":"================================================================================\n"}
,{"stream_name":"stdout","time":19988.37504306,"data":"TASK 3/5 - Decentralized DeNICE-IL\n"}
,{"stream_name":"stdout","time":19988.375070122,"data":"================================================================================\n"}
,{"stream_name":"stdout","time":20002.192936641,"data":"  Active DeNICE clients: 80\n"}
,{"stream_name":"stdout","time":20002.192986028,"data":"  DeNICE debug: new_model_shared_init=True, new_model_max_init_param_diff=0.0, samples=6590913\n"}
,{"stream_name":"stdout","time":20003.89149838,"data":"   Task base checkpoint saved: /kaggle/working/results_denice/checkpoint_task_3_base.pt\n"}
,{"stream_name":"stdout","time":20003.891558146,"data":"  Round 0/19\n"}
,{"stream_name":"stdout","time":20155.605201913,"data":"    Metrics skipped -\u003e train_loss=1.7885, eval_every=9999\n"}
,{"stream_name":"stdout","time":20156.366701392,"data":"   Delta round checkpoint saved: /kaggle/working/results_denice/checkpoint_task_3_round_0.pt\n"}
,{"stream_name":"stdout","time":20157.402790626,"data":"    DeNICE debug: train=140.7s, ctx=5.4s, capsule=1.2s, agg=3.9s, ckpt=0.8s, K=11, clusters={0: 4, 1: 7, 2: 3, 3: 2, 4: 5, 5: 5, 6: 19, 7: 21, 8: 1, 9: 11, 10: 2}\n"}
,{"stream_name":"stdout","time":20157.402823751,"data":"  Round 1/19\n"}
,{"stream_name":"stdout","time":20304.828715139,"data":"    Metrics skipped -\u003e train_loss=0.8991, eval_every=9999\n"}
,{"stream_name":"stdout","time":20305.587034928,"data":"   Delta round checkpoint saved: /kaggle/working/results_denice/checkpoint_task_3_round_1.pt\n"}
,{"stream_name":"stdout","time":20306.657967709,"data":"    DeNICE debug: train=136.8s, ctx=5.3s, capsule=1.1s, agg=3.8s, ckpt=0.8s, K=12, clusters={0: 4, 1: 10, 2: 6, 3: 2, 4: 3, 5: 2, 6: 6, 7: 15, 8: 20, 9: 1, 10: 8, 11: 3}\n"}
,{"stream_name":"stdout","time":20306.658013362,"data":"  Round 2/19\n"}
,{"stream_name":"stdout","time":20454.044946449,"data":"    Metrics skipped -\u003e train_loss=0.6957, eval_every=9999\n"}
,{"stream_name":"stdout","time":20455.014915866,"data":"   Delta round checkpoint saved: /kaggle/working/results_denice/checkpoint_task_3_round_2.pt\n"}
,{"stream_name":"stdout","time":20456.102591717,"data":"    DeNICE debug: train=136.9s, ctx=5.4s, capsule=1.1s, agg=3.6s, ckpt=0.8s, K=13, clusters={0: 10, 1: 4, 2: 6, 3: 5, 4: 2, 5: 3, 6: 2, 7: 7, 8: 5, 9: 17, 10: 1, 11: 13, 12: 5}\n"}
,{"stream_name":"stdout","time":20456.102622011,"data":"  Round 3/19\n"}
,{"stream_name":"stdout","time":20603.338332771,"data":"    Metrics skipped -\u003e train_loss=0.6756, eval_every=9999\n"}
,{"stream_name":"stdout","time":20604.080998733,"data":"   Delta round checkpoint saved: /kaggle/working/results_denice/checkpoint_task_3_round_3.pt\n"}
,{"stream_name":"stdout","time":20605.217279994,"data":"    DeNICE debug: train=136.8s, ctx=5.5s, capsule=1.1s, agg=3.4s, ckpt=0.8s, K=13, clusters={0: 10, 1: 4, 2: 5, 3: 5, 4: 2, 5: 3, 6: 2, 7: 8, 8: 5, 9: 17, 10: 1, 11: 13, 12: 5}\n"}
,{"stream_name":"stdout","time":20605.217310038,"data":"  Round 4/19\n"}
,{"stream_name":"stdout","time":20752.514497921,"data":"    Metrics skipped -\u003e train_loss=0.7040, eval_every=9999\n"}
,{"stream_name":"stdout","time":20753.402925202,"data":"   Delta round checkpoint saved: /kaggle/working/results_denice/checkpoint_task_3_round_4.pt\n"}
,{"stream_name":"stdout","time":20754.659237525,"data":"    DeNICE debug: train=136.8s, ctx=5.2s, capsule=1.2s, agg=3.5s, ckpt=0.8s, K=12, clusters={0: 11, 1: 10, 2: 4, 3: 6, 4: 2, 5: 3, 6: 3, 7: 5, 8: 17, 9: 1, 10: 14, 11: 4}\n"}
,{"stream_name":"stdout","time":20754.659272132,"data":"  Round 5/19\n"}
,{"stream_name":"stdout","time":20902.216463233,"data":"    Metrics skipped -\u003e train_loss=0.7431, eval_every=9999\n"}
,{"stream_name":"stdout","time":20902.977027645,"data":"   Delta round checkpoint saved: /kaggle/working/results_denice/checkpoint_task_3_round_5.pt\n"}
,{"stream_name":"stdout","time":20904.124388471,"data":"    DeNICE debug: train=136.9s, ctx=5.5s, capsule=1.1s, agg=3.7s, ckpt=0.7s, K=12, clusters={0: 10, 1: 10, 2: 4, 3: 2, 4: 3, 5: 8, 6: 2, 7: 5, 8: 17, 9: 1, 10: 12, 11: 6}\n"}
,{"stream_name":"stdout","time":20904.124427891,"data":"  Round 6/19\n"}
,{"stream_name":"stdout","time":21051.33904356,"data":"    Metrics skipped -\u003e train_loss=0.9870, eval_every=9999\n"}
,{"stream_name":"stdout","time":21052.346623807,"data":"   Delta round checkpoint saved: /kaggle/working/results_denice/checkpoint_task_3_round_6.pt\n"}
,{"stream_name":"stdout","time":21053.51683369,"data":"    DeNICE debug: train=136.8s, ctx=5.2s, capsule=1.1s, agg=3.6s, ckpt=1.0s, K=12, clusters={0: 11, 1: 10, 2: 4, 3: 5, 4: 2, 5: 3, 6: 3, 7: 17, 8: 1, 9: 14, 10: 4, 11: 6}\n"}
,{"stream_name":"stdout","time":21053.516865817,"data":"  Round 7/19\n"}
,{"stream_name":"stdout","time":21200.791849404,"data":"    Metrics skipped -\u003e train_loss=0.7806, eval_every=9999\n"}
,{"stream_name":"stdout","time":21201.562321013,"data":"   Delta round checkpoint saved: /kaggle/working/results_denice/checkpoint_task_3_round_7.pt\n"}
,{"stream_name":"stdout","time":21202.776387046,"data":"    DeNICE debug: train=137.0s, ctx=5.2s, capsule=1.1s, agg=3.4s, ckpt=0.8s, K=12, clusters={0: 11, 1: 10, 2: 4, 3: 6, 4: 2, 5: 3, 6: 3, 7: 5, 8: 17, 9: 1, 10: 14, 11: 4}\n"}
,{"stream_name":"stdout","time":21202.776419396,"data":"  Round 8/19\n"}
,{"stream_name":"stdout","time":21350.445271343,"data":"    Metrics skipped -\u003e train_loss=0.7058, eval_every=9999\n"}
,{"stream_name":"stdout","time":21351.197232792,"data":"   Delta round checkpoint saved: /kaggle/working/results_denice/checkpoint_task_3_round_8.pt\n"}
,{"stream_name":"stdout","time":21352.462914063,"data":"    DeNICE debug: train=136.9s, ctx=5.4s, capsule=1.1s, agg=3.8s, ckpt=0.7s, K=12, clusters={0: 11, 1: 10, 2: 4, 3: 6, 4: 2, 5: 3, 6: 3, 7: 5, 8: 17, 9: 1, 10: 14, 11: 4}\n"}
,{"stream_name":"stdout","time":21352.46294657,"data":"  Round 9/19\n"}
,{"stream_name":"stdout","time":21499.961365338,"data":"    Metrics skipped -\u003e train_loss=0.6798, eval_every=9999\n"}
,{"stream_name":"stdout","time":21500.949419737,"data":"   Delta round checkpoint saved: /kaggle/working/results_denice/checkpoint_task_3_round_9.pt\n"}
,{"stream_name":"stdout","time":21502.249580218,"data":"    DeNICE debug: train=137.2s, ctx=5.3s, capsule=1.2s, agg=3.5s, ckpt=0.8s, K=13, clusters={0: 11, 1: 10, 2: 4, 3: 5, 4: 2, 5: 3, 6: 3, 7: 5, 8: 15, 9: 1, 10: 14, 11: 3, 12: 4}\n"}
,{"stream_name":"stdout","time":21502.249622065,"data":"  Round 10/19\n"}
,{"stream_name":"stdout","time":21649.97019167,"data":"    Metrics skipped -\u003e train_loss=0.6524, eval_every=9999\n"}
,{"stream_name":"stdout","time":21650.752398101,"data":"   Delta round checkpoint saved: /kaggle/working/results_denice/checkpoint_task_3_round_10.pt\n"}
,{"stream_name":"stdout","time":21652.162688424,"data":"    DeNICE debug: train=137.2s, ctx=5.4s, capsule=1.2s, agg=3.6s, ckpt=0.8s, K=13, clusters={0: 3, 1: 10, 2: 10, 3: 4, 4: 2, 5: 3, 6: 3, 7: 6, 8: 5, 9: 16, 10: 1, 11: 11, 12: 6}\n"}
,{"stream_name":"stdout","time":21652.162753313,"data":"  Round 11/19\n"}
,{"stream_name":"stdout","time":21799.521429858,"data":"    Metrics skipped -\u003e train_loss=0.9125, eval_every=9999\n"}
,{"stream_name":"stdout","time":21800.504510584,"data":"   Delta round checkpoint saved: /kaggle/working/results_denice/checkpoint_task_3_round_11.pt\n"}
,{"stream_name":"stdout","time":21801.827225604,"data":"    DeNICE debug: train=137.2s, ctx=5.3s, capsule=1.2s, agg=3.4s, ckpt=1.0s, K=13, clusters={0: 3, 1: 10, 2: 11, 3: 4, 4: 2, 5: 3, 6: 3, 7: 6, 8: 5, 9: 15, 10: 1, 11: 11, 12: 6}\n"}
,{"stream_name":"stdout","time":21801.827257762,"data":"  Round 12/19\n"}
,{"stream_name":"stdout","time":21949.296585322,"data":"    Metrics skipped -\u003e train_loss=0.9475, eval_every=9999\n"}
,{"stream_name":"stdout","time":21950.078125436,"data":"   Delta round checkpoint saved: /kaggle/working/results_denice/checkpoint_task_3_round_12.pt\n"}
,{"stream_name":"stdout","time":21951.426319433,"data":"    DeNICE debug: train=137.2s, ctx=5.3s, capsule=1.1s, agg=3.4s, ckpt=0.8s, K=13, clusters={0: 10, 1: 11, 2: 4, 3: 2, 4: 3, 5: 3, 6: 5, 7: 5, 8: 15, 9: 1, 10: 12, 11: 3, 12: 6}\n"}
,{"stream_name":"stdout","time":21951.42634923,"data":"  Round 13/19\n"}
,{"stream_name":"stdout","time":22099.015211258,"data":"    Metrics skipped -\u003e train_loss=0.9456, eval_every=9999\n"}
,{"stream_name":"stdout","time":22099.763037989,"data":"   Delta round checkpoint saved: /kaggle/working/results_denice/checkpoint_task_3_round_13.pt\n"}
,{"stream_name":"stdout","time":22101.140097629,"data":"    DeNICE debug: train=137.4s, ctx=5.3s, capsule=1.1s, agg=3.5s, ckpt=0.8s, K=13, clusters={0: 10, 1: 11, 2: 4, 3: 2, 4: 3, 5: 3, 6: 5, 7: 5, 8: 15, 9: 1, 10: 12, 11: 3, 12: 6}\n"}
,{"stream_name":"stdout","time":22101.140123014,"data":"  Round 14/19\n"}
,{"stream_name":"stdout","time":22248.47117294,"data":"    Metrics skipped -\u003e train_loss=0.9600, eval_every=9999\n"}
,{"stream_name":"stdout","time":22249.356742501,"data":"   Delta round checkpoint saved: /kaggle/working/results_denice/checkpoint_task_3_round_14.pt\n"}
,{"stream_name":"stdout","time":22250.818737382,"data":"    DeNICE debug: train=137.0s, ctx=5.5s, capsule=1.2s, agg=3.4s, ckpt=0.7s, K=13, clusters={0: 10, 1: 11, 2: 4, 3: 2, 4: 3, 5: 3, 6: 5, 7: 5, 8: 14, 9: 1, 10: 12, 11: 7, 12: 3}\n"}
,{"stream_name":"stdout","time":22250.818781212,"data":"  Round 15/19\n"}
,{"stream_name":"stdout","time":22398.778447516,"data":"    Metrics skipped -\u003e train_loss=0.8365, eval_every=9999\n"}
,{"stream_name":"stdout","time":22399.529829506,"data":"   Delta round checkpoint saved: /kaggle/working/results_denice/checkpoint_task_3_round_15.pt\n"}
,{"stream_name":"stdout","time":22400.941989159,"data":"    DeNICE debug: train=137.4s, ctx=5.6s, capsule=1.2s, agg=3.5s, ckpt=0.8s, K=13, clusters={0: 3, 1: 10, 2: 11, 3: 4, 4: 2, 5: 3, 6: 3, 7: 6, 8: 5, 9: 15, 10: 1, 11: 11, 12: 6}\n"}
,{"stream_name":"stdout","time":22400.94202125,"data":"  Round 16/19\n"}
,{"stream_name":"stdout","time":22547.875773244,"data":"    Metrics skipped -\u003e train_loss=1.0114, eval_every=9999\n"}
,{"stream_name":"stdout","time":22548.812442168,"data":"   Delta round checkpoint saved: /kaggle/working/results_denice/checkpoint_task_3_round_16.pt\n"}
,{"stream_name":"stdout","time":22550.246517097,"data":"    DeNICE debug: train=136.7s, ctx=5.3s, capsule=1.1s, agg=3.4s, ckpt=1.0s, K=12, clusters={0: 10, 1: 4, 2: 2, 3: 3, 4: 15, 5: 3, 6: 4, 7: 14, 8: 1, 9: 13, 10: 7, 11: 4}\n"}
,{"stream_name":"stdout","time":22550.246554152,"data":"  Round 17/19\n"}
,{"stream_name":"stdout","time":22697.60598434,"data":"    Metrics skipped -\u003e train_loss=0.7038, eval_every=9999\n"}
,{"stream_name":"stdout","time":22698.559324993,"data":"   Delta round checkpoint saved: /kaggle/working/results_denice/checkpoint_task_3_round_17.pt\n"}
,{"stream_name":"stdout","time":22700.128463194,"data":"    DeNICE debug: train=137.0s, ctx=5.5s, capsule=1.1s, agg=3.5s, ckpt=0.8s, K=12, clusters={0: 9, 1: 5, 2: 2, 3: 3, 4: 15, 5: 3, 6: 4, 7: 14, 8: 1, 9: 13, 10: 7, 11: 4}\n"}
,{"stream_name":"stdout","time":22700.128496388,"data":"  Round 18/19\n"}
,{"stream_name":"stdout","time":22847.24707277,"data":"    Metrics skipped -\u003e train_loss=0.6837, eval_every=9999\n"}
,{"stream_name":"stdout","time":22847.999989111,"data":"   Delta round checkpoint saved: /kaggle/working/results_denice/checkpoint_task_3_round_18.pt\n"}
,{"stream_name":"stdout","time":22849.473031993,"data":"    DeNICE debug: train=136.7s, ctx=5.2s, capsule=1.1s, agg=3.6s, ckpt=0.7s, K=12, clusters={0: 9, 1: 5, 2: 2, 3: 3, 4: 15, 5: 3, 6: 4, 7: 14, 8: 1, 9: 13, 10: 7, 11: 4}\n"}
,{"stream_name":"stdout","time":22849.473098743,"data":"  Round 19/19\n"}
,{"stream_name":"stdout","time":22996.636097745,"data":"    Metrics skipped -\u003e train_loss=0.6902, eval_every=9999\n"}
,{"stream_name":"stdout","time":22997.60844216,"data":"   Delta round checkpoint saved: /kaggle/working/results_denice/checkpoint_task_3_round_19.pt\n"}
,{"stream_name":"stdout","time":22999.108560633,"data":"    DeNICE debug: train=136.9s, ctx=5.3s, capsule=1.1s, agg=3.5s, ckpt=1.0s, K=12, clusters={0: 9, 1: 5, 2: 2, 3: 3, 4: 15, 5: 3, 6: 4, 7: 14, 8: 1, 9: 13, 10: 7, 11: 4}\n"}
,{"stream_name":"stdout","time":23000.862947789,"data":"  Starting post-task DeNICE eval: task=3, clients=15/80, test_samples=12960308/12960308, sample_limited=False, batch_size=8192\n"}
,{"stream_name":"stdout","time":23000.864470811,"data":"  DeNICE eval start [task=3,post_task]: clients=15, test_samples=12960308, batch_size=8192, routing=cluster, episodes=group/local, seen_classes=[0, 1, 2, 3, 4, 5, 6, 7, 8, 9, 10, 11, 12, 13, 14, 15, 16, 17, 18, 19, 20, 21, 22, 23]\n"}
,{"stream_name":"stdout","time":23440.364005424,"data":"    Eval client 1/15 cid=15 done: acc=42.15%, f1=23.77%, route_acc=44.74%, time=439.5s, total_elapsed=439.5s\n"}
,{"stream_name":"stdout","time":27264.299581788,"data":"    Eval client 10/15 cid=80 done: acc=53.08%, f1=31.93%, route_acc=62.77%, time=409.7s, total_elapsed=4263.4s\n"}
,{"stream_name":"stdout","time":29434.020320072,"data":"    Eval client 15/15 cid=98 done: acc=19.90%, f1=12.02%, route_acc=40.79%, time=449.1s, total_elapsed=6433.1s\n"}
,{"stream_name":"stdout","time":29434.021511495,"data":"  DeNICE eval done [task=3,post_task]: accuracy=33.80%, f1=17.80%, route_acc=41.89% (routing=cluster), elapsed=6433.1s\n"}
,{"stream_name":"stdout","time":29434.233125314,"data":"  Task summary -\u003e accuracy=33.80%, f1=17.80%, route_acc=41.89% (routing=cluster)\n"}
,{"stream_name":"stdout","time":29438.694924842,"data":"\n"}
,{"stream_name":"stdout","time":29438.694961214,"data":"================================================================================\n"}
,{"stream_name":"stdout","time":29438.694967636,"data":"TASK 4/5 - Decentralized DeNICE-IL\n"}
,{"stream_name":"stdout","time":29438.694975471,"data":"================================================================================\n"}
,{"stream_name":"stdout","time":29452.001028317,"data":"  Active DeNICE clients: 89\n"}
,{"stream_name":"stdout","time":29452.001088626,"data":"  DeNICE debug: new_model_shared_init=True, new_model_max_init_param_diff=0.0, samples=1015491\n"}
,{"stream_name":"stdout","time":29453.895318789,"data":"   Task base checkpoint saved: /kaggle/working/results_denice/checkpoint_task_4_base.pt\n"}
,{"stream_name":"stdout","time":29453.895353956,"data":"  Round 0/19\n"}
,{"stream_name":"stdout","time":29495.870600727,"data":"    Metrics skipped -\u003e train_loss=4.8271, eval_every=9999\n"}
,{"stream_name":"stdout","time":29496.965245365,"data":"   Delta round checkpoint saved: /kaggle/working/results_denice/checkpoint_task_4_round_0.pt\n"}
,{"stream_name":"stdout","time":29498.532005079,"data":"    DeNICE debug: train=23.5s, ctx=13.7s, capsule=0.6s, agg=4.1s, ckpt=1.1s, K=15, clusters={0: 7, 1: 3, 2: 8, 3: 7, 4: 4, 5: 10, 6: 3, 7: 3, 8: 1, 9: 15, 10: 5, 11: 11, 12: 6, 13: 4, 14: 2}\n"}
,{"stream_name":"stdout","time":29498.532089173,"data":"  Round 1/19\n"}
,{"stream_name":"stdout","time":29540.574767158,"data":"    Metrics skipped -\u003e train_loss=3.7588, eval_every=9999\n"}
,{"stream_name":"stdout","time":29541.482448875,"data":"   Delta round checkpoint saved: /kaggle/working/results_denice/checkpoint_task_4_round_1.pt\n"}
,{"stream_name":"stdout","time":29543.322417767,"data":"    DeNICE debug: train=22.9s, ctx=14.0s, capsule=0.6s, agg=4.4s, ckpt=0.9s, K=10, clusters={0: 13, 1: 9, 2: 13, 3: 6, 4: 13, 5: 1, 6: 20, 7: 3, 8: 9, 9: 2}\n"}
,{"stream_name":"stdout","time":29543.322452484,"data":"  Round 2/19\n"}
,{"stream_name":"stdout","time":29585.848663484,"data":"    Metrics skipped -\u003e train_loss=3.5772, eval_every=9999\n"}
,{"stream_name":"stdout","time":29586.729609285,"data":"   Delta round checkpoint saved: /kaggle/working/results_denice/checkpoint_task_4_round_2.pt\n"}
,{"stream_name":"stdout","time":29588.366121798,"data":"    DeNICE debug: train=23.2s, ctx=13.9s, capsule=0.6s, agg=4.8s, ckpt=0.9s, K=10, clusters={0: 13, 1: 13, 2: 6, 3: 11, 4: 1, 5: 26, 6: 4, 7: 4, 8: 9, 9: 2}\n"}
,{"stream_name":"stdout","time":29588.36615682,"data":"  Round 3/19\n"}
,{"stream_name":"stdout","time":29630.935727646,"data":"    Metrics skipped -\u003e train_loss=3.6617, eval_every=9999\n"}
,{"stream_name":"stdout","time":29631.858693151,"data":"   Delta round checkpoint saved: /kaggle/working/results_denice/checkpoint_task_4_round_3.pt\n"}
,{"stream_name":"stdout","time":29633.576130255,"data":"    DeNICE debug: train=22.8s, ctx=13.6s, capsule=0.6s, agg=5.4s, ckpt=0.9s, K=9, clusters={0: 14, 1: 6, 2: 11, 3: 10, 4: 1, 5: 29, 6: 4, 7: 12, 8: 2}\n"}
,{"stream_name":"stdout","time":29633.576166053,"data":"  Round 4/19\n"}
,{"stream_name":"stdout","time":29675.565835475,"data":"    Metrics skipped -\u003e train_loss=3.4957, eval_every=9999\n"}
,{"stream_name":"stdout","time":29676.51615816,"data":"   Delta round checkpoint saved: /kaggle/working/results_denice/checkpoint_task_4_round_4.pt\n"}
,{"stream_name":"stdout","time":29678.382324047,"data":"    DeNICE debug: train=22.8s, ctx=13.4s, capsule=0.6s, agg=5.1s, ckpt=0.9s, K=9, clusters={0: 14, 1: 7, 2: 11, 3: 10, 4: 1, 5: 28, 6: 4, 7: 12, 8: 2}\n"}
,{"stream_name":"stdout","time":29678.38235678,"data":"  Round 5/19\n"}
,{"stream_name":"stdout","time":29718.952202468,"data":"    Metrics skipped -\u003e train_loss=3.4869, eval_every=9999\n"}
,{"stream_name":"stdout","time":29719.837841175,"data":"   Delta round checkpoint saved: /kaggle/working/results_denice/checkpoint_task_4_round_5.pt\n"}
,{"stream_name":"stdout","time":29721.901127624,"data":"    DeNICE debug: train=22.9s, ctx=12.4s, capsule=0.6s, agg=4.5s, ckpt=0.9s, K=11, clusters={0: 14, 1: 8, 2: 6, 3: 11, 4: 1, 5: 23, 6: 4, 7: 3, 8: 11, 9: 2, 10: 6}\n"}
,{"stream_name":"stdout","time":29721.901167749,"data":"  Round 6/19\n"}
,{"stream_name":"stdout","time":29764.005095951,"data":"    Metrics skipped -\u003e train_loss=3.4980, eval_every=9999\n"}
,{"stream_name":"stdout","time":29764.890439525,"data":"   Delta round checkpoint saved: /kaggle/working/results_denice/checkpoint_task_4_round_6.pt\n"}
,{"stream_name":"stdout","time":29766.675422894,"data":"    DeNICE debug: train=23.0s, ctx=13.9s, capsule=0.6s, agg=4.5s, ckpt=0.9s, K=11, clusters={0: 14, 1: 3, 2: 8, 3: 6, 4: 11, 5: 1, 6: 23, 7: 4, 8: 10, 9: 2, 10: 7}\n"}
,{"stream_name":"stdout","time":29766.675460069,"data":"  Round 7/19\n"}
,{"stream_name":"stdout","time":29808.973551576,"data":"    Metrics skipped -\u003e train_loss=3.5184, eval_every=9999\n"}
,{"stream_name":"stdout","time":29809.895209264,"data":"   Delta round checkpoint saved: /kaggle/working/results_denice/checkpoint_task_4_round_7.pt\n"}
,{"stream_name":"stdout","time":29811.759362254,"data":"    DeNICE debug: train=23.1s, ctx=13.7s, capsule=0.6s, agg=4.8s, ckpt=0.9s, K=11, clusters={0: 14, 1: 3, 2: 8, 3: 6, 4: 11, 5: 1, 6: 23, 7: 4, 8: 10, 9: 2, 10: 7}\n"}
,{"stream_name":"stdout","time":29811.759396921,"data":"  Round 8/19\n"}
,{"stream_name":"stdout","time":29853.460365961,"data":"    Metrics skipped -\u003e train_loss=3.6000, eval_every=9999\n"}
,{"stream_name":"stdout","time":29854.424774993,"data":"   Delta round checkpoint saved: /kaggle/working/results_denice/checkpoint_task_4_round_8.pt\n"}
,{"stream_name":"stdout","time":29856.444170812,"data":"    DeNICE debug: train=22.9s, ctx=13.4s, capsule=0.6s, agg=4.7s, ckpt=0.9s, K=11, clusters={0: 14, 1: 3, 2: 7, 3: 6, 4: 10, 5: 1, 6: 23, 7: 5, 8: 11, 9: 2, 10: 7}\n"}
,{"stream_name":"stdout","time":29856.444200839,"data":"  Round 9/19\n"}
,{"stream_name":"stdout","time":29898.053042809,"data":"    Metrics skipped -\u003e train_loss=3.6135, eval_every=9999\n"}
,{"stream_name":"stdout","time":29898.940263905,"data":"   Delta round checkpoint saved: /kaggle/working/results_denice/checkpoint_task_4_round_9.pt\n"}
,{"stream_name":"stdout","time":29901.052258844,"data":"    DeNICE debug: train=23.0s, ctx=13.5s, capsule=0.6s, agg=4.5s, ckpt=0.9s, K=11, clusters={0: 14, 1: 3, 2: 7, 3: 6, 4: 10, 5: 1, 6: 23, 7: 5, 8: 11, 9: 2, 10: 7}\n"}
,{"stream_name":"stdout","time":29901.052284463,"data":"  Round 10/19\n"}
,{"stream_name":"stdout","time":29943.424749788,"data":"    Metrics skipped -\u003e train_loss=3.6316, eval_every=9999\n"}
,{"stream_name":"stdout","time":29944.302245814,"data":"   Delta round checkpoint saved: /kaggle/working/results_denice/checkpoint_task_4_round_10.pt\n"}
,{"stream_name":"stdout","time":29946.458469682,"data":"    DeNICE debug: train=23.0s, ctx=14.0s, capsule=0.6s, agg=4.7s, ckpt=0.9s, K=11, clusters={0: 14, 1: 3, 2: 7, 3: 6, 4: 10, 5: 1, 6: 23, 7: 5, 8: 11, 9: 2, 10: 7}\n"}
,{"stream_name":"stdout","time":29946.458510004,"data":"  Round 11/19\n"}
,{"stream_name":"stdout","time":29987.845403214,"data":"    Metrics skipped -\u003e train_loss=3.6782, eval_every=9999\n"}
,{"stream_name":"stdout","time":29988.716441853,"data":"   Delta round checkpoint saved: /kaggle/working/results_denice/checkpoint_task_4_round_11.pt\n"}
,{"stream_name":"stdout","time":29990.670153162,"data":"    DeNICE debug: train=22.9s, ctx=13.5s, capsule=0.6s, agg=4.4s, ckpt=0.9s, K=11, clusters={0: 14, 1: 3, 2: 7, 3: 6, 4: 10, 5: 1, 6: 23, 7: 5, 8: 11, 9: 2, 10: 7}\n"}
,{"stream_name":"stdout","time":29990.670220547,"data":"  Round 12/19\n"}
,{"stream_name":"stdout","time":30032.255968316,"data":"    Metrics skipped -\u003e train_loss=3.7525, eval_every=9999\n"}
,{"stream_name":"stdout","time":30033.197163289,"data":"   Delta round checkpoint saved: /kaggle/working/results_denice/checkpoint_task_4_round_12.pt\n"}
,{"stream_name":"stdout","time":30035.330135105,"data":"    DeNICE debug: train=22.9s, ctx=13.6s, capsule=0.6s, agg=4.4s, ckpt=0.9s, K=11, clusters={0: 14, 1: 3, 2: 7, 3: 6, 4: 10, 5: 1, 6: 23, 7: 5, 8: 11, 9: 2, 10: 7}\n"}
,{"stream_name":"stdout","time":30035.330174968,"data":"  Round 13/19\n"}
,{"stream_name":"stdout","time":30076.961555904,"data":"    Metrics skipped -\u003e train_loss=3.7665, eval_every=9999\n"}
,{"stream_name":"stdout","time":30077.840782397,"data":"   Delta round checkpoint saved: /kaggle/working/results_denice/checkpoint_task_4_round_13.pt\n"}
,{"stream_name":"stdout","time":30080.095064629,"data":"    DeNICE debug: train=22.8s, ctx=13.7s, capsule=0.6s, agg=4.5s, ckpt=0.9s, K=10, clusters={0: 12, 1: 14, 2: 7, 3: 8, 4: 1, 5: 22, 6: 5, 7: 10, 8: 2, 9: 8}\n"}
,{"stream_name":"stdout","time":30080.095099817,"data":"  Round 14/19\n"}
,{"stream_name":"stdout","time":30120.250128867,"data":"    Metrics skipped -\u003e train_loss=3.7442, eval_every=9999\n"}
,{"stream_name":"stdout","time":30121.137444077,"data":"   Delta round checkpoint saved: /kaggle/working/results_denice/checkpoint_task_4_round_14.pt\n"}
,{"stream_name":"stdout","time":30123.477120729,"data":"    DeNICE debug: train=22.8s, ctx=12.2s, capsule=0.6s, agg=4.5s, ckpt=0.9s, K=12, clusters={0: 5, 1: 13, 2: 7, 3: 5, 4: 1, 5: 23, 6: 5, 7: 3, 8: 12, 9: 7, 10: 2, 11: 6}\n"}
,{"stream_name":"stdout","time":30123.477153339,"data":"  Round 15/19\n"}
,{"stream_name":"stdout","time":30165.367123182,"data":"    Metrics skipped -\u003e train_loss=4.1473, eval_every=9999\n"}
,{"stream_name":"stdout","time":30166.238883683,"data":"   Delta round checkpoint saved: /kaggle/working/results_denice/checkpoint_task_4_round_15.pt\n"}
,{"stream_name":"stdout","time":30168.322622375,"data":"    DeNICE debug: train=22.8s, ctx=13.8s, capsule=0.6s, agg=4.5s, ckpt=0.9s, K=11, clusters={0: 11, 1: 6, 2: 13, 3: 7, 4: 1, 5: 22, 6: 5, 7: 11, 8: 5, 9: 2, 10: 6}\n"}
,{"stream_name":"stdout","time":30168.322652872,"data":"  Round 16/19\n"}
,{"stream_name":"stdout","time":30209.404841928,"data":"    Metrics skipped -\u003e train_loss=3.6247, eval_every=9999\n"}
,{"stream_name":"stdout","time":30210.527504116,"data":"   Delta round checkpoint saved: /kaggle/working/results_denice/checkpoint_task_4_round_16.pt\n"}
,{"stream_name":"stdout","time":30212.651787044,"data":"    DeNICE debug: train=22.8s, ctx=13.4s, capsule=0.6s, agg=4.2s, ckpt=1.1s, K=12, clusters={0: 6, 1: 13, 2: 7, 3: 5, 4: 1, 5: 23, 6: 5, 7: 3, 8: 12, 9: 6, 10: 2, 11: 6}\n"}
,{"stream_name":"stdout","time":30212.65181897,"data":"  Round 17/19\n"}
,{"stream_name":"stdout","time":30254.408286898,"data":"    Metrics skipped -\u003e train_loss=3.9612, eval_every=9999\n"}
,{"stream_name":"stdout","time":30255.516193563,"data":"   Delta round checkpoint saved: /kaggle/working/results_denice/checkpoint_task_4_round_17.pt\n"}
,{"stream_name":"stdout","time":30257.68518438,"data":"    DeNICE debug: train=22.8s, ctx=13.8s, capsule=0.6s, agg=4.5s, ckpt=0.9s, K=11, clusters={0: 10, 1: 6, 2: 13, 3: 8, 4: 1, 5: 22, 6: 5, 7: 10, 8: 7, 9: 5, 10: 2}\n"}
,{"stream_name":"stdout","time":30257.685265545,"data":"  Round 18/19\n"}
,{"stream_name":"stdout","time":30300.600033418,"data":"    Metrics skipped -\u003e train_loss=3.6207, eval_every=9999\n"}
,{"stream_name":"stdout","time":30301.538243792,"data":"   Delta round checkpoint saved: /kaggle/working/results_denice/checkpoint_task_4_round_18.pt\n"}
,{"stream_name":"stdout","time":30303.986166101,"data":"    DeNICE debug: train=23.1s, ctx=14.8s, capsule=0.6s, agg=4.4s, ckpt=0.9s, K=12, clusters={0: 5, 1: 14, 2: 8, 3: 5, 4: 6, 5: 1, 6: 23, 7: 5, 8: 3, 9: 10, 10: 7, 11: 2}\n"}
,{"stream_name":"stdout","time":30303.986195927,"data":"  Round 19/19\n"}
,{"stream_name":"stdout","time":30346.237634264,"data":"    Metrics skipped -\u003e train_loss=3.9413, eval_every=9999\n"}
,{"stream_name":"stdout","time":30347.150911152,"data":"   Delta round checkpoint saved: /kaggle/working/results_denice/checkpoint_task_4_round_19.pt\n"}
,{"stream_name":"stdout","time":30349.34350184,"data":"    DeNICE debug: train=22.8s, ctx=14.2s, capsule=0.6s, agg=4.6s, ckpt=0.9s, K=11, clusters={0: 12, 1: 6, 2: 13, 3: 8, 4: 1, 5: 8, 6: 21, 7: 4, 8: 9, 9: 5, 10: 2}\n"}
,{"stream_name":"stdout","time":30352.041076578,"data":"  Starting post-task DeNICE eval: task=4, clients=13/89, test_samples=13395519/13395519, sample_limited=False, batch_size=8192\n"}
,{"stream_name":"stdout","time":30352.041746889,"data":"  DeNICE eval start [task=4,post_task]: clients=13, test_samples=13395519, batch_size=8192, routing=cluster, episodes=group/local, seen_classes=[0, 1, 2, 3, 4, 5, 6, 7, 8, 9, 10, 11, 12, 13, 14, 15, 16, 17, 18, 19, 20, 21, 22, 23, 24, 25, 26, 27, 28, 29]\n"}
,{"stream_name":"stdout","time":30823.801965379,"data":"    Eval client 1/13 cid=18 done: acc=51.20%, f1=20.77%, route_acc=58.07%, time=471.7s, total_elapsed=471.7s\n"}
,{"stream_name":"stdout","time":35053.42519968,"data":"    Eval client 10/13 cid=91 done: acc=10.00%, f1=5.81%, route_acc=31.86%, time=465.0s, total_elapsed=4701.4s\n"}
,{"stream_name":"stdout","time":36462.019596433,"data":"    Eval client 13/13 cid=98 done: acc=26.44%, f1=10.68%, route_acc=39.60%, time=465.6s, total_elapsed=6110.0s\n"}
,{"stream_name":"stdout","time":36462.020606322,"data":"  DeNICE eval done [task=4,post_task]: accuracy=31.50%, f1=12.20%, route_acc=45.13% (routing=cluster), elapsed=6110.0s\n"}
,{"stream_name":"stdout","time":36462.207007485,"data":"  Task summary -\u003e accuracy=31.50%, f1=12.20%, route_acc=45.13% (routing=cluster)\n"}
,{"stream_name":"stdout","time":36468.569894702,"data":"\n"}
,{"stream_name":"stdout","time":36468.569950229,"data":"================================================================================\n"}
,{"stream_name":"stdout","time":36468.569957959,"data":"TASK 5/5 - Decentralized DeNICE-IL\n"}
,{"stream_name":"stdout","time":36468.569962735,"data":"================================================================================\n"}
,{"stream_name":"stdout","time":36481.879203102,"data":"  Active DeNICE clients: 98\n"}
,{"stream_name":"stdout","time":36481.879281082,"data":"  DeNICE debug: new_model_shared_init=True, new_model_max_init_param_diff=0.0, samples=257254\n"}
,{"stream_name":"stdout","time":36484.145153869,"data":"   Task base checkpoint saved: /kaggle/working/results_denice/checkpoint_task_5_base.pt\n"}
,{"stream_name":"stdout","time":36484.145194982,"data":"  Round 0/19\n"}
,{"stream_name":"stdout","time":36522.015965471,"data":"    Metrics skipped -\u003e train_loss=3.5708, eval_every=9999\n"}
,{"stream_name":"stdout","time":36523.036854393,"data":"   Delta round checkpoint saved: /kaggle/working/results_denice/checkpoint_task_5_round_0.pt\n"}
,{"stream_name":"stdout","time":36525.583369381,"data":"    DeNICE debug: train=9.8s, ctx=22.9s, capsule=0.5s, agg=4.6s, ckpt=1.0s, K=18, clusters={0: 5, 1: 3, 2: 9, 3: 7, 4: 8, 5: 6, 6: 3, 7: 4, 8: 1, 9: 1, 10: 3, 11: 3, 12: 3, 13: 3, 14: 5, 15: 9, 16: 11, 17: 14}\n"}
,{"stream_name":"stdout","time":36525.583420051,"data":"  Round 1/19\n"}
,{"stream_name":"stdout","time":36563.891369403,"data":"    Metrics skipped -\u003e train_loss=3.2966, eval_every=9999\n"}
,{"stream_name":"stdout","time":36564.921422372,"data":"   Delta round checkpoint saved: /kaggle/working/results_denice/checkpoint_task_5_round_1.pt\n"}
,{"stream_name":"stdout","time":36567.469554249,"data":"    DeNICE debug: train=7.8s, ctx=25.3s, capsule=0.5s, agg=4.7s, ckpt=1.0s, K=14, clusters={0: 4, 1: 15, 2: 8, 3: 7, 4: 6, 5: 2, 6: 3, 7: 3, 8: 1, 9: 3, 10: 4, 11: 18, 12: 10, 13: 14}\n"}
,{"stream_name":"stdout","time":36567.469602443,"data":"  Round 2/19\n"}
,{"stream_name":"stdout","time":36606.180507038,"data":"    Metrics skipped -\u003e train_loss=3.2633, eval_every=9999\n"}
,{"stream_name":"stdout","time":36607.254465999,"data":"   Delta round checkpoint saved: /kaggle/working/results_denice/checkpoint_task_5_round_2.pt\n"}
,{"stream_name":"stdout","time":36609.871441522,"data":"    DeNICE debug: train=7.8s, ctx=24.7s, capsule=0.5s, agg=5.7s, ckpt=1.1s, K=12, clusters={0: 33, 1: 8, 2: 6, 3: 6, 4: 3, 5: 4, 6: 1, 7: 3, 8: 3, 9: 4, 10: 12, 11: 15}\n"}
,{"stream_name":"stdout","time":36609.871488108,"data":"  Round 3/19\n"}
,{"stream_name":"stdout","time":36645.662496752,"data":"    Metrics skipped -\u003e train_loss=3.2905, eval_every=9999\n"}
,{"stream_name":"stdout","time":36646.705129637,"data":"   Delta round checkpoint saved: /kaggle/working/results_denice/checkpoint_task_5_round_3.pt\n"}
,{"stream_name":"stdout","time":36649.103608762,"data":"    DeNICE debug: train=7.7s, ctx=21.7s, capsule=0.5s, agg=5.8s, ckpt=1.1s, K=11, clusters={0: 11, 1: 9, 2: 7, 3: 4, 4: 3, 5: 1, 6: 29, 7: 4, 8: 15, 9: 3, 10: 12}\n"}
,{"stream_name":"stdout","time":36649.103647859,"data":"  Round 4/19\n"}
,{"stream_name":"stdout","time":36685.795838437,"data":"    Metrics skipped -\u003e train_loss=3.2803, eval_every=9999\n"}
,{"stream_name":"stdout","time":36687.097565319,"data":"   Delta round checkpoint saved: /kaggle/working/results_denice/checkpoint_task_5_round_4.pt\n"}
,{"stream_name":"stdout","time":36689.502266103,"data":"    DeNICE debug: train=7.8s, ctx=23.4s, capsule=0.5s, agg=4.9s, ckpt=1.3s, K=13, clusters={0: 10, 1: 7, 2: 4, 3: 3, 4: 3, 5: 1, 6: 15, 7: 17, 8: 3, 9: 3, 10: 17, 11: 2, 12: 13}\n"}
,{"stream_name":"stdout","time":36689.502312776,"data":"  Round 5/19\n"}
,{"stream_name":"stdout","time":36727.073194227,"data":"    Metrics skipped -\u003e train_loss=3.5316, eval_every=9999\n"}
,{"stream_name":"stdout","time":36728.298727196,"data":"   Delta round checkpoint saved: /kaggle/working/results_denice/checkpoint_task_5_round_5.pt\n"}
,{"stream_name":"stdout","time":36730.85712828,"data":"    DeNICE debug: train=8.0s, ctx=24.1s, capsule=0.5s, agg=5.0s, ckpt=1.1s, K=13, clusters={0: 15, 1: 9, 2: 4, 3: 3, 4: 3, 5: 1, 6: 3, 7: 15, 8: 4, 9: 17, 10: 2, 11: 7, 12: 15}\n"}
,{"stream_name":"stdout","time":36730.857169145,"data":"  Round 6/19\n"}
,{"stream_name":"stdout","time":36767.525009752,"data":"    Metrics skipped -\u003e train_loss=3.8610, eval_every=9999\n"}
,{"stream_name":"stdout","time":36768.541044319,"data":"   Delta round checkpoint saved: /kaggle/working/results_denice/checkpoint_task_5_round_6.pt\n"}
,{"stream_name":"stdout","time":36771.36893888,"data":"    DeNICE debug: train=7.8s, ctx=23.1s, capsule=0.5s, agg=5.2s, ckpt=1.0s, K=12, clusters={0: 10, 1: 12, 2: 4, 3: 5, 4: 1, 5: 3, 6: 11, 7: 3, 8: 16, 9: 2, 10: 13, 11: 18}\n"}
,{"stream_name":"stdout","time":36771.368990273,"data":"  Round 7/19\n"}
,{"stream_name":"stdout","time":36809.595095573,"data":"    Metrics skipped -\u003e train_loss=4.0899, eval_every=9999\n"}
,{"stream_name":"stdout","time":36810.637538114,"data":"   Delta round checkpoint saved: /kaggle/working/results_denice/checkpoint_task_5_round_7.pt\n"}
,{"stream_name":"stdout","time":36813.460573991,"data":"    DeNICE debug: train=7.9s, ctx=25.0s, capsule=0.5s, agg=4.8s, ckpt=1.0s, K=12, clusters={0: 10, 1: 11, 2: 4, 3: 1, 4: 3, 5: 10, 6: 14, 7: 3, 8: 15, 9: 3, 10: 11, 11: 13}\n"}
,{"stream_name":"stdout","time":36813.460623118,"data":"  Round 8/19\n"}
,{"stream_name":"stdout","time":36848.584010885,"data":"    Metrics skipped -\u003e train_loss=3.9404, eval_every=9999\n"}
,{"stream_name":"stdout","time":36849.621954837,"data":"   Delta round checkpoint saved: /kaggle/working/results_denice/checkpoint_task_5_round_8.pt\n"}
,{"stream_name":"stdout","time":36852.476393304,"data":"    DeNICE debug: train=8.0s, ctx=21.7s, capsule=0.5s, agg=4.9s, ckpt=1.0s, K=13, clusters={0: 2, 1: 10, 2: 11, 3: 3, 4: 4, 5: 1, 6: 3, 7: 10, 8: 14, 9: 3, 10: 15, 11: 9, 12: 13}\n"}
,{"stream_name":"stdout","time":36852.476430486,"data":"  Round 9/19\n"}
,{"stream_name":"stdout","time":36888.447931435,"data":"    Metrics skipped -\u003e train_loss=3.9040, eval_every=9999\n"}
,{"stream_name":"stdout","time":36889.494097059,"data":"   Delta round checkpoint saved: /kaggle/working/results_denice/checkpoint_task_5_round_9.pt\n"}
,{"stream_name":"stdout","time":36892.202619915,"data":"    DeNICE debug: train=7.9s, ctx=22.6s, capsule=0.5s, agg=4.9s, ckpt=1.0s, K=13, clusters={0: 10, 1: 11, 2: 3, 3: 3, 4: 1, 5: 3, 6: 10, 7: 14, 8: 3, 9: 15, 10: 3, 11: 9, 12: 13}\n"}
,{"stream_name":"stdout","time":36892.202667541,"data":"  Round 10/19\n"}
,{"stream_name":"stdout","time":36930.521619137,"data":"    Metrics skipped -\u003e train_loss=3.8650, eval_every=9999\n"}
,{"stream_name":"stdout","time":36931.590653353,"data":"   Delta round checkpoint saved: /kaggle/working/results_denice/checkpoint_task_5_round_10.pt\n"}
,{"stream_name":"stdout","time":36934.217354119,"data":"    DeNICE debug: train=8.4s, ctx=24.5s, capsule=0.4s, agg=5.0s, ckpt=1.1s, K=13, clusters={0: 10, 1: 11, 2: 4, 3: 3, 4: 1, 5: 3, 6: 11, 7: 13, 8: 3, 9: 15, 10: 2, 11: 9, 12: 13}\n"}
,{"stream_name":"stdout","time":36934.217399076,"data":"  Round 11/19\n"}
,{"stream_name":"stdout","time":36972.789436432,"data":"    Metrics skipped -\u003e train_loss=3.7796, eval_every=9999\n"}
,{"stream_name":"stdout","time":36973.805090652,"data":"   Delta round checkpoint saved: /kaggle/working/results_denice/checkpoint_task_5_round_11.pt\n"}
,{"stream_name":"stdout","time":36976.565458724,"data":"    DeNICE debug: train=7.8s, ctx=25.3s, capsule=0.5s, agg=4.9s, ckpt=1.0s, K=13, clusters={0: 10, 1: 11, 2: 3, 3: 4, 4: 1, 5: 3, 6: 10, 7: 14, 8: 3, 9: 15, 10: 2, 11: 9, 12: 13}\n"}
,{"stream_name":"stdout","time":36976.565500684,"data":"  Round 12/19\n"}
,{"stream_name":"stdout","time":37014.597306941,"data":"    Metrics skipped -\u003e train_loss=3.7389, eval_every=9999\n"}
,{"stream_name":"stdout","time":37015.872250844,"data":"   Delta round checkpoint saved: /kaggle/working/results_denice/checkpoint_task_5_round_12.pt\n"}
,{"stream_name":"stdout","time":37018.586120723,"data":"    DeNICE debug: train=7.8s, ctx=24.8s, capsule=0.5s, agg=4.9s, ckpt=1.3s, K=13, clusters={0: 2, 1: 10, 2: 11, 3: 3, 4: 4, 5: 1, 6: 3, 7: 10, 8: 14, 9: 3, 10: 15, 11: 9, 12: 13}\n"}
,{"stream_name":"stdout","time":37018.586170622,"data":"  Round 13/19\n"}
,{"stream_name":"stdout","time":37055.80170013,"data":"    Metrics skipped -\u003e train_loss=3.6951, eval_every=9999\n"}
,{"stream_name":"stdout","time":37057.079158484,"data":"   Delta round checkpoint saved: /kaggle/working/results_denice/checkpoint_task_5_round_13.pt\n"}
,{"stream_name":"stdout","time":37059.833148828,"data":"    DeNICE debug: train=8.0s, ctx=23.8s, capsule=0.5s, agg=4.9s, ckpt=1.3s, K=13, clusters={0: 10, 1: 11, 2: 4, 3: 3, 4: 1, 5: 3, 6: 10, 7: 14, 8: 4, 9: 15, 10: 2, 11: 9, 12: 12}\n"}
,{"stream_name":"stdout","time":37059.833213701,"data":"  Round 14/19\n"}
,{"stream_name":"stdout","time":37098.180797224,"data":"    Metrics skipped -\u003e train_loss=3.7742, eval_every=9999\n"}
,{"stream_name":"stdout","time":37099.471529186,"data":"   Delta round checkpoint saved: /kaggle/working/results_denice/checkpoint_task_5_round_14.pt\n"}
,{"stream_name":"stdout","time":37102.273804848,"data":"    DeNICE debug: train=7.9s, ctx=25.0s, capsule=0.5s, agg=4.9s, ckpt=1.3s, K=13, clusters={0: 2, 1: 10, 2: 13, 3: 3, 4: 4, 5: 1, 6: 3, 7: 10, 8: 13, 9: 14, 10: 3, 11: 14, 12: 8}\n"}
,{"stream_name":"stdout","time":37102.273845929,"data":"  Round 15/19\n"}
,{"stream_name":"stdout","time":37138.756223266,"data":"    Metrics skipped -\u003e train_loss=3.9433, eval_every=9999\n"}
,{"stream_name":"stdout","time":37139.905744041,"data":"   Delta round checkpoint saved: /kaggle/working/results_denice/checkpoint_task_5_round_15.pt\n"}
,{"stream_name":"stdout","time":37142.902428112,"data":"    DeNICE debug: train=7.9s, ctx=23.4s, capsule=0.5s, agg=4.6s, ckpt=1.0s, K=12, clusters={0: 10, 1: 11, 2: 12, 3: 1, 4: 3, 5: 10, 6: 14, 7: 3, 8: 14, 9: 3, 10: 5, 11: 12}\n"}
,{"stream_name":"stdout","time":37142.902469244,"data":"  Round 16/19\n"}
,{"stream_name":"stdout","time":37178.432693512,"data":"    Metrics skipped -\u003e train_loss=3.7635, eval_every=9999\n"}
,{"stream_name":"stdout","time":37179.635725979,"data":"   Delta round checkpoint saved: /kaggle/working/results_denice/checkpoint_task_5_round_16.pt\n"}
,{"stream_name":"stdout","time":37182.60401049,"data":"    DeNICE debug: train=7.9s, ctx=22.2s, capsule=0.5s, agg=4.9s, ckpt=1.0s, K=13, clusters={0: 10, 1: 10, 2: 8, 3: 4, 4: 2, 5: 1, 6: 3, 7: 10, 8: 16, 9: 3, 10: 16, 11: 3, 12: 12}\n"}
,{"stream_name":"stdout","time":37182.604070654,"data":"  Round 17/19\n"}
,{"stream_name":"stdout","time":37218.900520795,"data":"    Metrics skipped -\u003e train_loss=3.8719, eval_every=9999\n"}
,{"stream_name":"stdout","time":37219.906478542,"data":"   Delta round checkpoint saved: /kaggle/working/results_denice/checkpoint_task_5_round_17.pt\n"}
,{"stream_name":"stdout","time":37223.091716594,"data":"    DeNICE debug: train=7.8s, ctx=22.9s, capsule=0.5s, agg=5.0s, ckpt=1.0s, K=13, clusters={0: 10, 1: 11, 2: 3, 3: 3, 4: 1, 5: 3, 6: 11, 7: 3, 8: 15, 9: 3, 10: 9, 11: 13, 12: 13}\n"}
,{"stream_name":"stdout","time":37223.09176088,"data":"  Round 18/19\n"}
,{"stream_name":"stdout","time":37259.349490073,"data":"    Metrics skipped -\u003e train_loss=3.7139, eval_every=9999\n"}
,{"stream_name":"stdout","time":37260.36532195,"data":"   Delta round checkpoint saved: /kaggle/working/results_denice/checkpoint_task_5_round_18.pt\n"}
,{"stream_name":"stdout","time":37263.628444367,"data":"    DeNICE debug: train=8.3s, ctx=22.9s, capsule=0.5s, agg=4.6s, ckpt=1.0s, K=13, clusters={0: 10, 1: 11, 2: 3, 3: 3, 4: 1, 5: 3, 6: 10, 7: 13, 8: 4, 9: 15, 10: 3, 11: 10, 12: 12}\n"}
,{"stream_name":"stdout","time":37263.628495965,"data":"  Round 19/19\n"}
,{"stream_name":"stdout","time":37299.983498202,"data":"    Metrics skipped -\u003e train_loss=3.7696, eval_every=9999\n"}
,{"stream_name":"stdout","time":37301.014807579,"data":"   Delta round checkpoint saved: /kaggle/working/results_denice/checkpoint_task_5_round_19.pt\n"}
,{"stream_name":"stdout","time":37304.255708501,"data":"    DeNICE debug: train=7.9s, ctx=23.1s, capsule=0.4s, agg=4.8s, ckpt=1.0s, K=13, clusters={0: 2, 1: 10, 2: 11, 3: 2, 4: 3, 5: 1, 6: 3, 7: 10, 8: 13, 9: 3, 10: 13, 11: 14, 12: 13}\n"}
,{"stream_name":"stdout","time":37308.030556034,"data":"  Starting post-task DeNICE eval: task=5, clients=13/98, test_samples=13505771/13505771, sample_limited=False, batch_size=8192\n"}
,{"stream_name":"stdout","time":37308.031475148,"data":"  DeNICE eval start [task=5,post_task]: clients=13, test_samples=13505771, batch_size=8192, routing=cluster, episodes=group/local, seen_classes=[0, 1, 2, 3, 4, 5, 6, 7, 8, 9, 10, 11, 12, 13, 14, 15, 16, 17, 18, 19, 20, 21, 22, 23, 24, 25, 26, 27, 28, 29, 30, 31, 32, 33]\n"}
,{"stream_name":"stdout","time":37844.559237433,"data":"    Eval client 1/13 cid=18 done: acc=11.84%, f1=3.88%, route_acc=21.14%, time=536.5s, total_elapsed=536.5s\n"}
,{"stream_name":"stdout","time":42628.259728482,"data":"    Eval client 10/13 cid=91 done: acc=13.36%, f1=4.64%, route_acc=17.54%, time=516.7s, total_elapsed=5320.2s\n"}
,{"stream_name":"stderr","time":43209.420704373,"data":"Timeout waiting for execute reply (43200s).\n"}
]