6.5s 1 0.00s - Debugger warning: It seems that frozen modules are being used, which may
6.5s 2 0.00s - make the debugger miss breakpoints. Please pass -Xfrozen_modules=off
6.5s 3 0.00s - to python to disable frozen modules.
6.5s 4 0.00s - Note: Debugging will proceed. Set PYDEVD_DISABLE_FILE_VALIDATION=1 to disable this validation.
7.1s 5 0.00s - Debugger warning: It seems that frozen modules are being used, which may
7.1s 6 0.00s - make the debugger miss breakpoints. Please pass -Xfrozen_modules=off
7.1s 7 0.00s - to python to disable frozen modules.
7.1s 8 0.00s - Note: Debugging will proceed. Set PYDEVD_DISABLE_FILE_VALIDATION=1 to disable this validation.
8.2s 9 Cloning into '/tmp/FL_IL_IDS'...
8.4s 10 Cloning from GitHub...
8.4s 11 Cloning into '/tmp/FL_IL_IDS'...
8.4s 12 
8.4s 13 Cloning into '/tmp/FL_IL_IDS'...
10.8s 14 sys.path[0]: /tmp/FL_IL_IDS
16.0s 15 INFO:numexpr.utils:NumExpr defaulting to 4 threads.
16.0s 16 
16.0s 17 INFO:numexpr.utils:NumExpr defaulting to 4 threads.
16.9s 18 INFO:fed_learning.data.incremental_loader:Initialized IncrementalLoader from /kaggle/input/datasets/khoilv2005/100-clients/100-clients
16.9s 19 
16.9s 20 INFO:fed_learning.data.incremental_loader:Initialized IncrementalLoader from /kaggle/input/datasets/khoilv2005/100-clients/100-clients
16.9s 21 INFO:fed_learning.data.incremental_loader:Task structure: 6 tasks found
16.9s 22 
16.9s 23 INFO:fed_learning.data.incremental_loader:Task structure: 6 tasks found
17.0s 24 🌱 Seed set to 42
17.1s 25 
17.1s 26 ================================================================================
17.1s 27 🚀 FEDERATED CLASS INCREMENTAL LEARNING - NICE
17.1s 28 ================================================================================
17.1s 29 
17.1s 30 <fed_learning.data.incremental_loader.IncrementalDataLoader object at 0x7ba203c539b0>
17.1s 31 ✓ Trainer: NICETrainer
17.1s 32 ✓ Aggregator: NICEAggregator
17.1s 33 Task range: 0 -> 3
17.1s 34 
17.1s 35 ================================================================================
17.1s 36 📚 TASK 0/5
17.1s 37 ================================================================================
34.8s 38 Clients with data: 50
42.6s 39 
42.6s 40 🖥️  Detected 2 GPU(s), primary device: cuda:0
43.1s 41 📊 Strategy: NICE trainer + NICE aggregator
43.1s 42 Strategy: NICE (Neurogenesis Inspired Contextual Encoding)
43.1s 43 
43.1s 44 📌 Task 0: classes [0, 1, 2, 3, 4, 5]
43.1s 45 Total seen classes: 6
43.1s 46 NICE: Task 0 | new classes: [0, 1, 2, 3, 4, 5]
43.1s 47 NICE: Output neuron ages (fc2): learner=6, mature=0, young=28
43.1s 48 
43.1s 49 🎯 Training on 6 new classes...
43.1s 50 
43.1s 51 === NICE Training (20 phases) ===
43.1s 52 NICE local schedule: 20 phases x 1 epochs = 20 local epochs/client
43.1s 53 🔁 ROUND 0/19 [phase]
43.1s 54 
43.1s 55 NICE: Training 50 clients on 2 GPU(s)
56.7s 56 [GPU 0] NICE: 25 clients done in 13.6s
61.5s 57 [GPU 1] NICE: 25 clients done in 18.3s
61.5s 58 NICE loss: 2.0489 (18.5s)
61.5s 59 conv1: young=0, learner=64, mature=0
61.5s 60 fc1: young=0, learner=256, mature=0
61.5s 61 fc2: young=28, learner=6, mature=0
121.7s 62 
121.7s 63 NICE context detector debug:
121.7s 64 route_acc=100.00%
121.7s 65 true episode counts: {0: 409691}
121.7s 66 pred episode counts: {0: 409691}
121.7s 67 confidence max(chain_probs): q10=1.0000, q50=1.0000, q90=1.0000
121.7s 68 true 0 -> pred {0: 409691}
121.7s 69 Metrics -> train_loss=2.0489, test_loss=0.4931, accuracy=76.99%, f1=14.50%, precision=12.83%, recall=16.67%, AF=N/A (final round only)
121.7s 70 💾 Round checkpoint saved: ./results_incremental_nice_20260513_025553/checkpoint_task_0_round_0.pt
121.7s 71 🔁 ROUND 1/19 [phase]
121.7s 72 
121.7s 73 NICE: Training 50 clients on 2 GPU(s)
136.7s 74 [GPU 0] NICE: 25 clients done in 14.9s
141.4s 75 [GPU 1] NICE: 25 clients done in 19.5s
141.4s 76 NICE loss: 2.2790 (19.6s)
141.4s 77 conv1: young=2, learner=62, mature=0
141.4s 78 fc1: young=142, learner=114, mature=0
141.4s 79 fc2: young=28, learner=6, mature=0
200.6s 80 
200.6s 81 NICE context detector debug:
200.6s 82 route_acc=100.00%
200.6s 83 true episode counts: {0: 409691}
200.6s 84 pred episode counts: {0: 409691}
200.6s 85 confidence max(chain_probs): q10=1.0000, q50=1.0000, q90=1.0000
200.6s 86 true 0 -> pred {0: 409691}
200.6s 87 Metrics -> train_loss=2.2790, test_loss=0.2777, accuracy=93.40%, f1=31.02%, precision=32.01%, recall=30.36%, AF=N/A (final round only)
200.6s 88 💾 Round checkpoint saved: ./results_incremental_nice_20260513_025553/checkpoint_task_0_round_1.pt
200.6s 89 🔁 ROUND 2/19 [phase]
200.6s 90 
200.6s 91 NICE: Training 50 clients on 2 GPU(s)
216.1s 92 [GPU 0] NICE: 25 clients done in 15.3s
220.8s 93 [GPU 1] NICE: 25 clients done in 20.1s
220.8s 94 NICE loss: 0.9536 (20.2s)
220.8s 95 conv1: young=3, learner=61, mature=0
220.8s 96 fc1: young=147, learner=109, mature=0
220.8s 97 fc2: young=28, learner=6, mature=0
280.8s 98 
280.8s 99 NICE context detector debug:
280.8s 100 route_acc=100.00%
280.8s 101 true episode counts: {0: 409691}
280.8s 102 pred episode counts: {0: 409691}
280.8s 103 confidence max(chain_probs): q10=1.0000, q50=1.0000, q90=1.0000
280.8s 104 true 0 -> pred {0: 409691}
280.8s 105 Metrics -> train_loss=0.9536, test_loss=0.1411, accuracy=97.65%, f1=45.17%, precision=49.39%, recall=42.73%, AF=N/A (final round only)
280.8s 106 💾 Round checkpoint saved: ./results_incremental_nice_20260513_025553/checkpoint_task_0_round_2.pt
280.8s 107 🔁 ROUND 3/19 [phase]
280.8s 108 
280.8s 109 NICE: Training 50 clients on 2 GPU(s)
296.2s 110 [GPU 0] NICE: 25 clients done in 15.3s
301.1s 111 [GPU 1] NICE: 25 clients done in 20.2s
301.1s 112 NICE loss: 0.7179 (20.3s)
301.1s 113 conv1: young=3, learner=61, mature=0
301.1s 114 fc1: young=148, learner=108, mature=0
301.1s 115 fc2: young=28, learner=6, mature=0
361.7s 116 
361.7s 117 NICE context detector debug:
361.7s 118 route_acc=100.00%
361.7s 119 true episode counts: {0: 409691}
361.7s 120 pred episode counts: {0: 409691}
361.7s 121 confidence max(chain_probs): q10=1.0000, q50=1.0000, q90=1.0000
361.7s 122 true 0 -> pred {0: 409691}
361.7s 123 Metrics -> train_loss=0.7179, test_loss=0.0927, accuracy=98.54%, f1=48.81%, precision=49.65%, recall=48.07%, AF=N/A (final round only)
361.7s 124 💾 Round checkpoint saved: ./results_incremental_nice_20260513_025553/checkpoint_task_0_round_3.pt
361.7s 125 🔁 ROUND 4/19 [phase]
361.7s 126 
361.7s 127 NICE: Training 50 clients on 2 GPU(s)
377.2s 128 [GPU 0] NICE: 25 clients done in 15.4s
382.1s 129 [GPU 1] NICE: 25 clients done in 20.3s
382.1s 130 NICE loss: 0.6277 (20.4s)
382.1s 131 conv1: young=3, learner=61, mature=0
382.1s 132 fc1: young=148, learner=108, mature=0
382.1s 133 fc2: young=28, learner=6, mature=0
441.6s 134 
441.6s 135 NICE context detector debug:
441.6s 136 route_acc=100.00%
441.6s 137 true episode counts: {0: 409691}
441.6s 138 pred episode counts: {0: 409691}
441.6s 139 confidence max(chain_probs): q10=1.0000, q50=1.0000, q90=1.0000
441.6s 140 true 0 -> pred {0: 409691}
441.6s 141 Metrics -> train_loss=0.6277, test_loss=0.0806, accuracy=98.70%, f1=49.21%, precision=49.63%, recall=48.82%, AF=N/A (final round only)
441.6s 142 💾 Round checkpoint saved: ./results_incremental_nice_20260513_025553/checkpoint_task_0_round_4.pt
441.6s 143 🔁 ROUND 5/19 [phase]
441.6s 144 
441.6s 145 NICE: Training 50 clients on 2 GPU(s)
457.9s 146 [GPU 0] NICE: 25 clients done in 16.2s
462.9s 147 [GPU 1] NICE: 25 clients done in 21.2s
462.9s 148 NICE loss: 0.5809 (21.2s)
462.9s 149 conv1: young=3, learner=61, mature=0
462.9s 150 fc1: young=148, learner=108, mature=0
462.9s 151 fc2: young=28, learner=6, mature=0
521.7s 152 
521.7s 153 NICE context detector debug:
521.7s 154 route_acc=100.00%
521.7s 155 true episode counts: {0: 409691}
521.7s 156 pred episode counts: {0: 409691}
521.7s 157 confidence max(chain_probs): q10=1.0000, q50=1.0000, q90=1.0000
521.7s 158 true 0 -> pred {0: 409691}
521.7s 159 Metrics -> train_loss=0.5809, test_loss=0.0788, accuracy=98.78%, f1=49.45%, precision=49.53%, recall=49.38%, AF=N/A (final round only)
521.7s 160 💾 Round checkpoint saved: ./results_incremental_nice_20260513_025553/checkpoint_task_0_round_5.pt
521.7s 161 🔁 ROUND 6/19 [phase]
521.7s 162 
521.7s 163 NICE: Training 50 clients on 2 GPU(s)
537.8s 164 [GPU 0] NICE: 25 clients done in 16.0s
542.6s 165 [GPU 1] NICE: 25 clients done in 20.8s
542.6s 166 NICE loss: 0.5626 (20.9s)
542.6s 167 conv1: young=3, learner=61, mature=0
542.6s 168 fc1: young=148, learner=108, mature=0
542.6s 169 fc2: young=28, learner=6, mature=0
602.3s 170 
602.3s 171 NICE context detector debug:
602.3s 172 route_acc=100.00%
602.3s 173 true episode counts: {0: 409691}
602.3s 174 pred episode counts: {0: 409691}
602.3s 175 confidence max(chain_probs): q10=1.0000, q50=1.0000, q90=1.0000
602.3s 176 true 0 -> pred {0: 409691}
602.3s 177 Metrics -> train_loss=0.5626, test_loss=0.0754, accuracy=98.81%, f1=49.52%, precision=49.56%, recall=49.48%, AF=N/A (final round only)
602.3s 178 💾 Round checkpoint saved: ./results_incremental_nice_20260513_025553/checkpoint_task_0_round_6.pt
602.3s 179 🔁 ROUND 7/19 [phase]
602.3s 180 
602.3s 181 NICE: Training 50 clients on 2 GPU(s)
618.5s 182 [GPU 0] NICE: 25 clients done in 16.1s
623.6s 183 [GPU 1] NICE: 25 clients done in 21.2s
623.6s 184 NICE loss: 0.5591 (21.3s)
623.6s 185 conv1: young=3, learner=61, mature=0
623.6s 186 fc1: young=148, learner=108, mature=0
623.6s 187 fc2: young=28, learner=6, mature=0
683.6s 188 
683.6s 189 NICE context detector debug:
683.6s 190 route_acc=100.00%
683.6s 191 true episode counts: {0: 409691}
683.6s 192 pred episode counts: {0: 409691}
683.6s 193 confidence max(chain_probs): q10=1.0000, q50=1.0000, q90=1.0000
683.6s 194 true 0 -> pred {0: 409691}
683.6s 195 Metrics -> train_loss=0.5591, test_loss=0.0762, accuracy=98.82%, f1=49.52%, precision=49.54%, recall=49.50%, AF=N/A (final round only)
683.6s 196 💾 Round checkpoint saved: ./results_incremental_nice_20260513_025553/checkpoint_task_0_round_7.pt
683.6s 197 🔁 ROUND 8/19 [phase]
683.6s 198 
683.6s 199 NICE: Training 50 clients on 2 GPU(s)
699.8s 200 [GPU 0] NICE: 25 clients done in 16.1s
704.8s 201 [GPU 1] NICE: 25 clients done in 21.2s
704.8s 202 NICE loss: 0.5561 (21.3s)
704.8s 203 conv1: young=3, learner=61, mature=0
704.8s 204 fc1: young=148, learner=108, mature=0
704.8s 205 fc2: young=28, learner=6, mature=0
764.9s 206 
764.9s 207 NICE context detector debug:
764.9s 208 route_acc=100.00%
764.9s 209 true episode counts: {0: 409691}
764.9s 210 pred episode counts: {0: 409691}
764.9s 211 confidence max(chain_probs): q10=1.0000, q50=1.0000, q90=1.0000
764.9s 212 true 0 -> pred {0: 409691}
764.9s 213 Metrics -> train_loss=0.5561, test_loss=0.0749, accuracy=98.84%, f1=49.56%, precision=49.59%, recall=49.53%, AF=N/A (final round only)
764.9s 214 💾 Round checkpoint saved: ./results_incremental_nice_20260513_025553/checkpoint_task_0_round_8.pt
764.9s 215 🔁 ROUND 9/19 [phase]
764.9s 216 
764.9s 217 NICE: Training 50 clients on 2 GPU(s)
781.4s 218 [GPU 0] NICE: 25 clients done in 16.4s
786.6s 219 [GPU 1] NICE: 25 clients done in 21.6s
786.6s 220 NICE loss: 0.5294 (21.6s)
786.6s 221 conv1: young=3, learner=61, mature=0
786.6s 222 fc1: young=148, learner=108, mature=0
786.6s 223 fc2: young=28, learner=6, mature=0
846.2s 224 
846.2s 225 NICE context detector debug:
846.2s 226 route_acc=100.00%
846.2s 227 true episode counts: {0: 409691}
846.2s 228 pred episode counts: {0: 409691}
846.2s 229 confidence max(chain_probs): q10=1.0000, q50=1.0000, q90=1.0000
846.2s 230 true 0 -> pred {0: 409691}
846.2s 231 Metrics -> train_loss=0.5294, test_loss=0.0794, accuracy=98.84%, f1=49.55%, precision=49.58%, recall=49.52%, AF=N/A (final round only)
846.2s 232 💾 Round checkpoint saved: ./results_incremental_nice_20260513_025553/checkpoint_task_0_round_9.pt
846.2s 233 🔁 ROUND 10/19 [phase]
846.2s 234 
846.2s 235 NICE: Training 50 clients on 2 GPU(s)
862.3s 236 [GPU 0] NICE: 25 clients done in 16.0s
867.4s 237 [GPU 1] NICE: 25 clients done in 21.0s
867.4s 238 NICE loss: 0.5662 (21.1s)
867.4s 239 conv1: young=3, learner=61, mature=0
867.4s 240 fc1: young=149, learner=107, mature=0
867.4s 241 fc2: young=28, learner=6, mature=0
927.1s 242 
927.1s 243 NICE context detector debug:
927.1s 244 route_acc=100.00%
927.1s 245 true episode counts: {0: 409691}
927.1s 246 pred episode counts: {0: 409691}
927.1s 247 confidence max(chain_probs): q10=1.0000, q50=1.0000, q90=1.0000
927.1s 248 true 0 -> pred {0: 409691}
927.1s 249 Metrics -> train_loss=0.5662, test_loss=0.0768, accuracy=98.85%, f1=49.57%, precision=49.58%, recall=49.57%, AF=N/A (final round only)
927.1s 250 💾 Round checkpoint saved: ./results_incremental_nice_20260513_025553/checkpoint_task_0_round_10.pt
927.1s 251 🔁 ROUND 11/19 [phase]
927.1s 252 
927.1s 253 NICE: Training 50 clients on 2 GPU(s)
943.4s 254 [GPU 0] NICE: 25 clients done in 16.1s
948.5s 255 [GPU 1] NICE: 25 clients done in 21.2s
948.5s 256 NICE loss: 0.5559 (21.3s)
948.5s 257 conv1: young=3, learner=61, mature=0
948.5s 258 fc1: young=149, learner=107, mature=0
948.5s 259 fc2: young=28, learner=6, mature=0
1008.6s 260 
1008.6s 261 NICE context detector debug:
1008.6s 262 route_acc=100.00%
1008.6s 263 true episode counts: {0: 409691}
1008.6s 264 pred episode counts: {0: 409691}
1008.6s 265 confidence max(chain_probs): q10=1.0000, q50=1.0000, q90=1.0000
1008.6s 266 true 0 -> pred {0: 409691}
1008.6s 267 Metrics -> train_loss=0.5559, test_loss=0.0749, accuracy=98.85%, f1=49.56%, precision=49.52%, recall=49.60%, AF=N/A (final round only)
1008.6s 268 💾 Round checkpoint saved: ./results_incremental_nice_20260513_025553/checkpoint_task_0_round_11.pt
1008.6s 269 🔁 ROUND 12/19 [phase]
1008.6s 270 
1008.6s 271 NICE: Training 50 clients on 2 GPU(s)
1025.0s 272 [GPU 0] NICE: 25 clients done in 16.4s
1030.1s 273 [GPU 1] NICE: 25 clients done in 21.4s
1030.1s 274 NICE loss: 0.5444 (21.5s)
1030.1s 275 conv1: young=3, learner=61, mature=0
1030.1s 276 fc1: young=149, learner=107, mature=0
1030.1s 277 fc2: young=28, learner=6, mature=0
1089.5s 278 
1089.5s 279 NICE context detector debug:
1089.5s 280 route_acc=100.00%
1089.5s 281 true episode counts: {0: 409691}
1089.5s 282 pred episode counts: {0: 409691}
1089.5s 283 confidence max(chain_probs): q10=1.0000, q50=1.0000, q90=1.0000
1089.5s 284 true 0 -> pred {0: 409691}
1089.5s 285 Metrics -> train_loss=0.5444, test_loss=0.0757, accuracy=98.86%, f1=49.58%, precision=49.57%, recall=49.59%, AF=N/A (final round only)
1089.5s 286 💾 Round checkpoint saved: ./results_incremental_nice_20260513_025553/checkpoint_task_0_round_12.pt
1089.5s 287 🔁 ROUND 13/19 [phase]
1089.5s 288 
1089.5s 289 NICE: Training 50 clients on 2 GPU(s)
1105.6s 290 [GPU 0] NICE: 25 clients done in 16.0s
1110.6s 291 [GPU 1] NICE: 25 clients done in 21.0s
1110.6s 292 NICE loss: 0.5457 (21.1s)
1110.6s 293 conv1: young=3, learner=61, mature=0
1110.6s 294 fc1: young=149, learner=107, mature=0
1110.6s 295 fc2: young=28, learner=6, mature=0
1170.4s 296 
1170.4s 297 NICE context detector debug:
1170.4s 298 route_acc=100.00%
1170.4s 299 true episode counts: {0: 409691}
1170.4s 300 pred episode counts: {0: 409691}
1170.4s 301 confidence max(chain_probs): q10=1.0000, q50=1.0000, q90=1.0000
1170.4s 302 true 0 -> pred {0: 409691}
1170.4s 303 Metrics -> train_loss=0.5457, test_loss=0.0739, accuracy=98.87%, f1=49.60%, precision=49.59%, recall=49.60%, AF=N/A (final round only)
1170.4s 304 💾 Round checkpoint saved: ./results_incremental_nice_20260513_025553/checkpoint_task_0_round_13.pt
1170.4s 305 🔁 ROUND 14/19 [phase]
1170.4s 306 
1170.4s 307 NICE: Training 50 clients on 2 GPU(s)
1187.2s 308 [GPU 0] NICE: 25 clients done in 16.7s
1192.4s 309 [GPU 1] NICE: 25 clients done in 21.8s
1192.4s 310 NICE loss: 0.5511 (21.9s)
1192.4s 311 conv1: young=3, learner=61, mature=0
1192.4s 312 fc1: young=149, learner=107, mature=0
1192.4s 313 fc2: young=28, learner=6, mature=0
1251.7s 314 
1251.7s 315 NICE context detector debug:
1251.7s 316 route_acc=100.00%
1251.7s 317 true episode counts: {0: 409691}
1251.7s 318 pred episode counts: {0: 409691}
1251.7s 319 confidence max(chain_probs): q10=1.0000, q50=1.0000, q90=1.0000
1251.7s 320 true 0 -> pred {0: 409691}
1251.7s 321 Metrics -> train_loss=0.5511, test_loss=0.0743, accuracy=98.87%, f1=49.58%, precision=49.56%, recall=49.61%, AF=N/A (final round only)
1251.7s 322 💾 Round checkpoint saved: ./results_incremental_nice_20260513_025553/checkpoint_task_0_round_14.pt
1251.7s 323 🔁 ROUND 15/19 [phase]
1251.7s 324 
1251.7s 325 NICE: Training 50 clients on 2 GPU(s)
1267.7s 326 [GPU 0] NICE: 25 clients done in 15.9s
1272.8s 327 [GPU 1] NICE: 25 clients done in 21.0s
1272.8s 328 NICE loss: 0.5406 (21.0s)
1272.8s 329 conv1: young=3, learner=61, mature=0
1272.8s 330 fc1: young=149, learner=107, mature=0
1272.8s 331 fc2: young=28, learner=6, mature=0
1332.1s 332 
1332.1s 333 NICE context detector debug:
1332.1s 334 route_acc=100.00%
1332.1s 335 true episode counts: {0: 409691}
1332.1s 336 pred episode counts: {0: 409691}
1332.1s 337 confidence max(chain_probs): q10=1.0000, q50=1.0000, q90=1.0000
1332.1s 338 true 0 -> pred {0: 409691}
1332.1s 339 Metrics -> train_loss=0.5406, test_loss=0.0759, accuracy=98.88%, f1=49.60%, precision=49.60%, recall=49.60%, AF=N/A (final round only)
1332.1s 340 💾 Round checkpoint saved: ./results_incremental_nice_20260513_025553/checkpoint_task_0_round_15.pt
1332.1s 341 🔁 ROUND 16/19 [phase]
1332.1s 342 
1332.1s 343 NICE: Training 50 clients on 2 GPU(s)
1348.5s 344 [GPU 0] NICE: 25 clients done in 16.3s
1353.7s 345 [GPU 1] NICE: 25 clients done in 21.5s
1353.7s 346 NICE loss: 0.5448 (21.6s)
1353.7s 347 conv1: young=3, learner=61, mature=0
1353.7s 348 fc1: young=149, learner=107, mature=0
1353.7s 349 fc2: young=28, learner=6, mature=0
1412.3s 350 
1412.3s 351 NICE context detector debug:
1412.3s 352 route_acc=100.00%
1412.3s 353 true episode counts: {0: 409691}
1412.3s 354 pred episode counts: {0: 409691}
1412.3s 355 confidence max(chain_probs): q10=1.0000, q50=1.0000, q90=1.0000
1412.3s 356 true 0 -> pred {0: 409691}
1412.3s 357 Metrics -> train_loss=0.5448, test_loss=0.0764, accuracy=98.88%, f1=49.59%, precision=49.59%, recall=49.60%, AF=N/A (final round only)
1412.3s 358 💾 Round checkpoint saved: ./results_incremental_nice_20260513_025553/checkpoint_task_0_round_16.pt
1412.3s 359 🔁 ROUND 17/19 [phase]
1412.3s 360 
1412.3s 361 NICE: Training 50 clients on 2 GPU(s)
1428.7s 362 [GPU 0] NICE: 25 clients done in 16.3s
1433.8s 363 [GPU 1] NICE: 25 clients done in 21.4s
1433.8s 364 NICE loss: 0.5606 (21.5s)
1433.8s 365 conv1: young=3, learner=61, mature=0
1433.8s 366 fc1: young=150, learner=106, mature=0
1433.8s 367 fc2: young=28, learner=6, mature=0
1491.5s 368 
1491.5s 369 NICE context detector debug:
1491.5s 370 route_acc=100.00%
1491.5s 371 true episode counts: {0: 409691}
1491.5s 372 pred episode counts: {0: 409691}
1491.5s 373 confidence max(chain_probs): q10=1.0000, q50=1.0000, q90=1.0000
1491.5s 374 true 0 -> pred {0: 409691}
1491.5s 375 Metrics -> train_loss=0.5606, test_loss=0.0762, accuracy=98.88%, f1=49.58%, precision=49.52%, recall=49.65%, AF=N/A (final round only)
1491.5s 376 💾 Round checkpoint saved: ./results_incremental_nice_20260513_025553/checkpoint_task_0_round_17.pt
1491.5s 377 🔁 ROUND 18/19 [phase]
1491.5s 378 
1491.5s 379 NICE: Training 50 clients on 2 GPU(s)
1507.6s 380 [GPU 0] NICE: 25 clients done in 16.0s
1512.8s 381 [GPU 1] NICE: 25 clients done in 21.1s
1512.8s 382 NICE loss: 0.5672 (21.2s)
1512.8s 383 conv1: young=3, learner=61, mature=0
1512.8s 384 fc1: young=150, learner=106, mature=0
1512.8s 385 fc2: young=28, learner=6, mature=0
1570.3s 386 
1570.3s 387 NICE context detector debug:
1570.3s 388 route_acc=100.00%
1570.3s 389 true episode counts: {0: 409691}
1570.3s 390 pred episode counts: {0: 409691}
1570.3s 391 confidence max(chain_probs): q10=1.0000, q50=1.0000, q90=1.0000
1570.3s 392 true 0 -> pred {0: 409691}
1570.3s 393 Metrics -> train_loss=0.5672, test_loss=0.0747, accuracy=98.88%, f1=49.59%, precision=49.56%, recall=49.62%, AF=N/A (final round only)
1570.3s 394 💾 Round checkpoint saved: ./results_incremental_nice_20260513_025553/checkpoint_task_0_round_18.pt
1570.3s 395 🔁 ROUND 19/19 [phase]
1570.3s 396 
1570.3s 397 NICE: Training 50 clients on 2 GPU(s)
1587.0s 398 [GPU 0] NICE: 25 clients done in 16.6s
1592.2s 399 [GPU 1] NICE: 25 clients done in 21.8s
1592.2s 400 NICE loss: 0.5666 (21.9s)
1592.2s 401 conv1: young=3, learner=61, mature=0
1592.2s 402 fc1: young=150, learner=106, mature=0
1592.2s 403 fc2: young=28, learner=6, mature=0
1649.4s 404 
1649.4s 405 NICE context detector debug:
1649.4s 406 route_acc=100.00%
1649.4s 407 true episode counts: {0: 409691}
1649.4s 408 pred episode counts: {0: 409691}
1649.4s 409 confidence max(chain_probs): q10=1.0000, q50=1.0000, q90=1.0000
1649.4s 410 true 0 -> pred {0: 409691}
1649.4s 411 🔍 Computing Forgetting...
1706.3s 412 
1706.3s 413 NICE context detector debug:
1706.3s 414 route_acc=100.00%
1706.3s 415 true episode counts: {0: 409691}
1706.3s 416 pred episode counts: {0: 409691}
1706.3s 417 confidence max(chain_probs): q10=1.0000, q50=1.0000, q90=1.0000
1706.3s 418 true 0 -> pred {0: 409691}
1706.3s 419 Avg Forgetting: 0.00%
1706.3s 420 Metrics -> train_loss=0.5666, test_loss=0.0756, accuracy=98.88%, f1=49.59%, precision=49.55%, recall=49.63%, AF=0.00%
1706.3s 421 💾 Round checkpoint saved: ./results_incremental_nice_20260513_025553/checkpoint_task_0_round_19.pt
1706.3s 422 
1706.3s 423 NICE end_task(0):
1706.3s 424 Context detector: 0 models trained
1706.3s 425 conv1: young=3, learner=0, mature=61
1706.3s 426 conv2: young=25, learner=0, mature=103
1706.3s 427 conv3: young=25, learner=0, mature=231
1706.3s 428 gru: young=18, learner=0, mature=82
1706.3s 429 fc1: young=150, learner=0, mature=106
1706.3s 430 fc2: young=28, learner=0, mature=6
1706.3s 431 
1706.3s 432 📊 Evaluation:
1763.5s 433 
1763.5s 434 NICE context detector debug:
1763.5s 435 route_acc=100.00%
1763.5s 436 true episode counts: {0: 409691}
1763.5s 437 pred episode counts: {0: 409691}
1763.5s 438 confidence max(chain_probs): q10=1.0000, q50=1.0000, q90=1.0000
1763.5s 439 true 0 -> pred {0: 409691}
1763.5s 440 ✅ Task summary -> accuracy=98.88%, f1=49.59%, precision=49.55%, recall=49.63%
1763.5s 441 
1763.5s 442 🎨 Visualization & Debugging:
1763.8s 443 🔍 Unique predicted classes: [np.int64(1), np.int64(4), np.int64(5), np.int64(19)]
1763.8s 444 DEBUG[2]: Output layer weight norms per class:
1763.8s 445 Class 0: 0.0807
1763.8s 446 Class 1: 0.1356
1763.8s 447 Class 2: 0.0859
1763.8s 448 Class 3: 0.1105
1763.8s 449 Class 4: 0.2641
1763.8s 450 Class 5: 0.2949
1763.8s 451 DEBUG[7]: Mean prediction probability per class:
1763.8s 452 Class 0: 0.000398
1763.8s 453 Class 1: 0.605905
1763.8s 454 Class 2: 0.000514
1763.8s 455 Class 3: 0.000045
1763.8s 456 Class 4: 0.133489
1763.8s 457 Class 5: 0.011758
1763.8s 458 /tmp/FL_IL_IDS/fed_learning/visualization/metrics.py:54: RuntimeWarning: invalid value encountered in divide
1763.8s 459 cm = cm.astype('float') / cm.sum(axis=1)[:, np.newaxis]
1763.8s 460 
1763.8s 461 /tmp/FL_IL_IDS/fed_learning/visualization/metrics.py:54: RuntimeWarning: invalid value encountered in divide
1763.8s 462 cm = cm.astype('float') / cm.sum(axis=1)[:, np.newaxis]
1765.4s 463 📊 Saved: ./results_incremental_nice_20260513_025553/plots/task_0/confusion_matrix.png & ./results_incremental_nice_20260513_025553/plots/task_0/confusion_matrix.pdf
1766.1s 464 📊 Saved: ./results_incremental_nice_20260513_025553/plots/task_0/per_class_metrics.png & ./results_incremental_nice_20260513_025553/plots/task_0/per_class_metrics.pdf
1766.1s 465 📸 Saved plots to ./results_incremental_nice_20260513_025553/plots/task_0
1766.1s 466 🔍 Computing Forgetting...
1823.6s 467 
1823.6s 468 NICE context detector debug:
1823.6s 469 route_acc=100.00%
1823.6s 470 true episode counts: {0: 409691}
1823.6s 471 pred episode counts: {0: 409691}
1823.6s 472 confidence max(chain_probs): q10=1.0000, q50=1.0000, q90=1.0000
1823.6s 473 true 0 -> pred {0: 409691}
1823.6s 474 Avg Forgetting: 0.00%
1823.6s 475 💾 Checkpoint saved: ./results_incremental_nice_20260513_025553/checkpoint_task_0.pt
1823.6s 476 
1823.6s 477 📊 Generating FCIL Visualization Report...
1824.1s 478 📊 Saved: ./results_incremental_nice_20260513_025553/fcil_plots/task_accuracy_heatmap.png & ./results_incremental_nice_20260513_025553/fcil_plots/task_accuracy_heatmap.pdf
1824.4s 479 📊 Saved: ./results_incremental_nice_20260513_025553/fcil_plots/incremental_accuracy.png & ./results_incremental_nice_20260513_025553/fcil_plots/incremental_accuracy.pdf
1824.4s 480 
1824.4s 481 📈 FCIL Metrics:
1824.4s 482 • Final AIA: 98.88%
1824.4s 483 • Avg Forgetting: N/A
1824.4s 484 ✅ FCIL report saved to: ./results_incremental_nice_20260513_025553/fcil_plots
1824.4s 485 
1824.4s 486 ================================================================================
1824.4s 487 📚 TASK 1/5
1824.4s 488 ================================================================================
1839.1s 489 Clients with data: 60
1840.8s 490 Restored neuron ages from previous task
1840.8s 491 
1840.8s 492 📌 Task 1: classes [6, 7, 8, 9, 10, 11]
1840.8s 493 Total seen classes: 12
1840.8s 494 NICE: Task 1 | new classes: [6, 7, 8, 9, 10, 11]
1840.8s 495 NICE: Output neuron ages (fc2): learner=6, mature=6, young=22
1840.8s 496 
1840.8s 497 🎯 Training on 6 new classes...
1840.8s 498 
1840.8s 499 === NICE Training (20 phases) ===
1840.8s 500 NICE local schedule: 20 phases x 1 epochs = 20 local epochs/client
1840.8s 501 🔁 ROUND 0/19 [phase]
1840.8s 502 
1840.8s 503 NICE: Training 60 clients on 2 GPU(s)
1953.6s 504 [GPU 0] NICE: 30 clients done in 112.8s
1976.6s 505 [GPU 1] NICE: 30 clients done in 135.8s
1976.6s 506 NICE loss: 2.5797 (135.9s)
1976.6s 507 conv1: young=0, learner=3, mature=61
1976.6s 508 fc1: young=0, learner=150, mature=106
1976.6s 509 fc2: young=22, learner=6, mature=6
2979.0s 510 
2979.0s 511 NICE context detector debug:
2979.0s 512 route_acc=94.41%
2979.0s 513 true episode counts: {0: 409691, 1: 5576297}
2979.0s 514 pred episode counts: {0: 75856, 1: 5910132}
2979.0s 515 confidence max(chain_probs): q10=0.9944, q50=0.9992, q90=1.0000
2979.2s 516 true 0 -> pred {0: 75529, 1: 334162}
2979.2s 517 true 1 -> pred {0: 327, 1: 5575970}
2981.3s 518 Metrics -> train_loss=2.5797, test_loss=0.9446, accuracy=89.66%, f1=34.89%, precision=47.68%, recall=34.72%, AF=N/A (final round only)
2981.3s 519 💾 Round checkpoint saved: ./results_incremental_nice_20260513_025553/checkpoint_task_1_round_0.pt
2981.3s 520 🔁 ROUND 1/19 [phase]
2981.3s 521 
2981.3s 522 NICE: Training 60 clients on 2 GPU(s)
3095.9s 523 [GPU 0] NICE: 30 clients done in 114.6s
3118.7s 524 [GPU 1] NICE: 30 clients done in 137.4s
3118.7s 525 NICE loss: 0.1604 (137.5s)
3118.7s 526 conv1: young=0, learner=3, mature=61
3118.7s 527 fc1: young=124, learner=26, mature=106
3118.7s 528 fc2: young=22, learner=6, mature=6
4111.3s 529 
4111.3s 530 NICE context detector debug:
4111.3s 531 route_acc=93.74%
4111.3s 532 true episode counts: {0: 409691, 1: 5576297}
4111.3s 533 pred episode counts: {0: 35386, 1: 5950602}
4111.3s 534 confidence max(chain_probs): q10=0.9922, q50=0.9985, q90=0.9995
4111.5s 535 true 0 -> pred {0: 35183, 1: 374508}
4111.5s 536 true 1 -> pred {0: 203, 1: 5576094}
4113.5s 537 Metrics -> train_loss=0.1604, test_loss=0.3633, accuracy=93.44%, f1=40.22%, precision=60.15%, recall=42.34%, AF=N/A (final round only)
4113.5s 538 💾 Round checkpoint saved: ./results_incremental_nice_20260513_025553/checkpoint_task_1_round_1.pt
4113.5s 539 🔁 ROUND 2/19 [phase]
4113.5s 540 
4113.5s 541 NICE: Training 60 clients on 2 GPU(s)
4227.8s 542 [GPU 0] NICE: 30 clients done in 114.2s
4250.8s 543 [GPU 1] NICE: 30 clients done in 137.3s
4250.8s 544 NICE loss: 0.0323 (137.4s)
4250.8s 545 conv1: young=0, learner=3, mature=61
4250.8s 546 fc1: young=124, learner=26, mature=106
4250.8s 547 fc2: young=22, learner=6, mature=6
5240.8s 548 
5240.8s 549 NICE context detector debug:
5240.8s 550 route_acc=93.20%
5240.8s 551 true episode counts: {0: 409691, 1: 5576297}
5240.8s 552 pred episode counts: {0: 3002, 1: 5982986}
5240.8s 553 confidence max(chain_probs): q10=0.9923, q50=0.9983, q90=0.9996
5240.8s 554 true 0 -> pred {0: 2837, 1: 406854}
5241.0s 555 true 1 -> pred {0: 165, 1: 5576132}
5243.1s 556 Metrics -> train_loss=0.0323, test_loss=0.3813, accuracy=92.97%, f1=38.93%, precision=61.28%, recall=41.71%, AF=N/A (final round only)
5243.1s 557 💾 Round checkpoint saved: ./results_incremental_nice_20260513_025553/checkpoint_task_1_round_2.pt
5243.1s 558 🔁 ROUND 3/19 [phase]
5243.1s 559 
5243.1s 560 NICE: Training 60 clients on 2 GPU(s)
5357.3s 561 [GPU 0] NICE: 30 clients done in 114.1s
5380.1s 562 [GPU 1] NICE: 30 clients done in 137.0s
5380.1s 563 NICE loss: 0.0154 (137.1s)
5380.1s 564 conv1: young=0, learner=3, mature=61
5380.1s 565 fc1: young=124, learner=26, mature=106
5380.1s 566 fc2: young=22, learner=6, mature=6
6370.4s 567 
6370.4s 568 NICE context detector debug:
6370.4s 569 route_acc=93.17%
6370.4s 570 true episode counts: {0: 409691, 1: 5576297}
6370.4s 571 pred episode counts: {0: 1241, 1: 5984747}
6370.4s 572 confidence max(chain_probs): q10=0.9935, q50=0.9983, q90=0.9996
6370.6s 573 true 0 -> pred {0: 1163, 1: 408528}
6370.6s 574 true 1 -> pred {0: 78, 1: 5576219}
6372.7s 575 Metrics -> train_loss=0.0154, test_loss=0.3780, accuracy=92.96%, f1=39.66%, precision=57.81%, recall=42.40%, AF=N/A (final round only)
6372.7s 576 💾 Round checkpoint saved: ./results_incremental_nice_20260513_025553/checkpoint_task_1_round_3.pt
6372.7s 577 🔁 ROUND 4/19 [phase]
6372.7s 578 
6372.7s 579 NICE: Training 60 clients on 2 GPU(s)
6486.9s 580 [GPU 0] NICE: 30 clients done in 114.1s
6509.6s 581 [GPU 1] NICE: 30 clients done in 136.9s
6509.6s 582 NICE loss: 0.0117 (137.0s)
6509.6s 583 conv1: young=0, learner=3, mature=61
6509.6s 584 fc1: young=124, learner=26, mature=106
6509.6s 585 fc2: young=22, learner=6, mature=6
7492.9s 586 
7492.9s 587 NICE context detector debug:
7492.9s 588 route_acc=93.18%
7492.9s 589 true episode counts: {0: 409691, 1: 5576297}
7492.9s 590 pred episode counts: {0: 1582, 1: 5984406}
7492.9s 591 confidence max(chain_probs): q10=0.9939, q50=0.9987, q90=0.9995
7493.1s 592 true 0 -> pred {0: 1572, 1: 408119}
7493.1s 593 true 1 -> pred {0: 10, 1: 5576287}
7495.1s 594 Metrics -> train_loss=0.0117, test_loss=0.3691, accuracy=93.01%, f1=41.60%, precision=55.44%, recall=45.31%, AF=N/A (final round only)
7495.1s 595 💾 Round checkpoint saved: ./results_incremental_nice_20260513_025553/checkpoint_task_1_round_4.pt
7495.1s 596 🔁 ROUND 5/19 [phase]
7495.1s 597 
7495.1s 598 NICE: Training 60 clients on 2 GPU(s)
7608.8s 599 [GPU 0] NICE: 30 clients done in 113.7s
7631.9s 600 [GPU 1] NICE: 30 clients done in 136.8s
7631.9s 601 NICE loss: 0.0099 (136.9s)
7631.9s 602 conv1: young=0, learner=3, mature=61
7631.9s 603 fc1: young=125, learner=25, mature=106
7631.9s 604 fc2: young=22, learner=6, mature=6
8622.8s 605 
8622.8s 606 NICE context detector debug:
8622.8s 607 route_acc=93.17%
8622.8s 608 true episode counts: {0: 409691, 1: 5576297}
8622.8s 609 pred episode counts: {0: 988, 1: 5985000}
8622.8s 610 confidence max(chain_probs): q10=0.9946, q50=0.9986, q90=0.9995
8623.0s 611 true 0 -> pred {0: 979, 1: 408712}
8623.0s 612 true 1 -> pred {0: 9, 1: 5576288}
8625.1s 613 Metrics -> train_loss=0.0099, test_loss=0.3564, accuracy=93.01%, f1=41.83%, precision=47.25%, recall=45.72%, AF=N/A (final round only)
8625.1s 614 💾 Round checkpoint saved: ./results_incremental_nice_20260513_025553/checkpoint_task_1_round_5.pt
8625.1s 615 🔁 ROUND 6/19 [phase]
8625.1s 616 
8625.1s 617 NICE: Training 60 clients on 2 GPU(s)
8738.8s 618 [GPU 0] NICE: 30 clients done in 113.7s
8762.0s 619 [GPU 1] NICE: 30 clients done in 136.9s
8762.0s 620 NICE loss: 0.0093 (136.9s)
8762.0s 621 conv1: young=0, learner=3, mature=61
8762.0s 622 fc1: young=126, learner=24, mature=106
8762.0s 623 fc2: young=22, learner=6, mature=6
9750.1s 624 
9750.1s 625 NICE context detector debug:
9750.1s 626 route_acc=93.18%
9750.1s 627 true episode counts: {0: 409691, 1: 5576297}
9750.1s 628 pred episode counts: {0: 1636, 1: 5984352}
9750.1s 629 confidence max(chain_probs): q10=0.9954, q50=0.9987, q90=0.9997
9750.3s 630 true 0 -> pred {0: 1632, 1: 408059}
9750.3s 631 true 1 -> pred {0: 4, 1: 5576293}
9752.4s 632 Metrics -> train_loss=0.0093, test_loss=0.3457, accuracy=93.03%, f1=41.81%, precision=53.53%, recall=45.62%, AF=N/A (final round only)
9752.4s 633 💾 Round checkpoint saved: ./results_incremental_nice_20260513_025553/checkpoint_task_1_round_6.pt
9752.4s 634 🔁 ROUND 7/19 [phase]
9752.4s 635 
9752.4s 636 NICE: Training 60 clients on 2 GPU(s)
9866.4s 637 [GPU 0] NICE: 30 clients done in 114.0s
9889.2s 638 [GPU 1] NICE: 30 clients done in 136.8s
9889.2s 639 NICE loss: 0.0087 (136.9s)
9889.2s 640 conv1: young=0, learner=3, mature=61
9889.2s 641 fc1: young=127, learner=23, mature=106
9889.2s 642 fc2: young=22, learner=6, mature=6
10887.6s 643 
10887.6s 644 NICE context detector debug:
10887.6s 645 route_acc=93.17%
10887.6s 646 true episode counts: {0: 409691, 1: 5576297}
10887.6s 647 pred episode counts: {0: 841, 1: 5985147}
10887.6s 648 confidence max(chain_probs): q10=0.9957, q50=0.9986, q90=0.9997
10887.8s 649 true 0 -> pred {0: 841, 1: 408850}
10887.8s 650 true 1 -> pred {1: 5576297}
10889.8s 651 Metrics -> train_loss=0.0087, test_loss=0.3637, accuracy=93.02%, f1=41.99%, precision=55.80%, recall=45.99%, AF=N/A (final round only)
10889.8s 652 💾 Round checkpoint saved: ./results_incremental_nice_20260513_025553/checkpoint_task_1_round_7.pt
10889.8s 653 🔁 ROUND 8/19 [phase]
10889.8s 654 
10889.8s 655 NICE: Training 60 clients on 2 GPU(s)
11003.5s 656 [GPU 0] NICE: 30 clients done in 113.6s
11026.6s 657 [GPU 1] NICE: 30 clients done in 136.7s
11026.6s 658 NICE loss: 0.0081 (136.8s)
11026.6s 659 conv1: young=0, learner=3, mature=61
11026.6s 660 fc1: young=127, learner=23, mature=106
11026.6s 661 fc2: young=22, learner=6, mature=6
12014.2s 662 
12014.2s 663 NICE context detector debug:
12014.2s 664 route_acc=93.17%
12014.2s 665 true episode counts: {0: 409691, 1: 5576297}
12014.2s 666 pred episode counts: {0: 857, 1: 5985131}
12014.2s 667 confidence max(chain_probs): q10=0.9954, q50=0.9987, q90=0.9997
12014.4s 668 true 0 -> pred {0: 856, 1: 408835}
12014.4s 669 true 1 -> pred {0: 1, 1: 5576296}
12016.7s 670 Metrics -> train_loss=0.0081, test_loss=0.3675, accuracy=93.03%, f1=42.17%, precision=53.81%, recall=46.31%, AF=N/A (final round only)
12016.7s 671 💾 Round checkpoint saved: ./results_incremental_nice_20260513_025553/checkpoint_task_1_round_8.pt
12016.7s 672 🔁 ROUND 9/19 [phase]
12016.7s 673 
12016.7s 674 NICE: Training 60 clients on 2 GPU(s)
12131.7s 675 [GPU 0] NICE: 30 clients done in 115.0s
12154.9s 676 [GPU 1] NICE: 30 clients done in 138.2s
12154.9s 677 NICE loss: 0.0079 (138.3s)
12154.9s 678 conv1: young=0, learner=3, mature=61
12154.9s 679 fc1: young=127, learner=23, mature=106
12154.9s 680 fc2: young=22, learner=6, mature=6
13211.9s 681 
13211.9s 682 NICE context detector debug:
13211.9s 683 route_acc=93.17%
13211.9s 684 true episode counts: {0: 409691, 1: 5576297}
13211.9s 685 pred episode counts: {0: 626, 1: 5985362}
13211.9s 686 confidence max(chain_probs): q10=0.9960, q50=0.9988, q90=0.9998
13212.1s 687 true 0 -> pred {0: 625, 1: 409066}
13212.1s 688 true 1 -> pred {0: 1, 1: 5576296}
13214.2s 689 Metrics -> train_loss=0.0079, test_loss=0.3605, accuracy=93.02%, f1=42.14%, precision=51.73%, recall=46.30%, AF=N/A (final round only)
13214.2s 690 💾 Round checkpoint saved: ./results_incremental_nice_20260513_025553/checkpoint_task_1_round_9.pt
13214.2s 691 🔁 ROUND 10/19 [phase]
13214.2s 692 
13214.2s 693 NICE: Training 60 clients on 2 GPU(s)
13328.5s 694 [GPU 0] NICE: 30 clients done in 114.2s
13351.3s 695 [GPU 1] NICE: 30 clients done in 137.1s
13351.3s 696 NICE loss: 0.0075 (137.2s)
13351.3s 697 conv1: young=0, learner=3, mature=61
13351.3s 698 fc1: young=127, learner=23, mature=106
13351.3s 699 fc2: young=22, learner=6, mature=6
14354.0s 700 
14354.0s 701 NICE context detector debug:
14354.0s 702 route_acc=93.16%
14354.0s 703 true episode counts: {0: 409691, 1: 5576297}
14354.0s 704 pred episode counts: {0: 472, 1: 5985516}
14354.0s 705 confidence max(chain_probs): q10=0.9964, q50=0.9990, q90=0.9999
14354.2s 706 true 0 -> pred {0: 472, 1: 409219}
14354.2s 707 true 1 -> pred {1: 5576297}
14356.2s 708 Metrics -> train_loss=0.0075, test_loss=0.3446, accuracy=93.02%, f1=42.20%, precision=55.93%, recall=46.35%, AF=N/A (final round only)
14356.2s 709 💾 Round checkpoint saved: ./results_incremental_nice_20260513_025553/checkpoint_task_1_round_10.pt
14356.2s 710 🔁 ROUND 11/19 [phase]
14356.2s 711 
14356.2s 712 NICE: Training 60 clients on 2 GPU(s)
14469.9s 713 [GPU 0] NICE: 30 clients done in 113.7s
14493.1s 714 [GPU 1] NICE: 30 clients done in 136.8s
14493.1s 715 NICE loss: 0.0074 (136.9s)
14493.1s 716 conv1: young=0, learner=3, mature=61
14493.1s 717 fc1: young=127, learner=23, mature=106
14493.1s 718 fc2: young=22, learner=6, mature=6
15484.8s 719 
15484.8s 720 NICE context detector debug:
15484.8s 721 route_acc=93.16%
15484.8s 722 true episode counts: {0: 409691, 1: 5576297}
15484.8s 723 pred episode counts: {0: 254, 1: 5985734}
15484.8s 724 confidence max(chain_probs): q10=0.9963, q50=0.9990, q90=0.9998
15484.8s 725 true 0 -> pred {0: 253, 1: 409438}
15485.0s 726 true 1 -> pred {0: 1, 1: 5576296}
15487.0s 727 Metrics -> train_loss=0.0074, test_loss=0.3728, accuracy=93.02%, f1=42.27%, precision=55.93%, recall=46.54%, AF=N/A (final round only)
15487.0s 728 💾 Round checkpoint saved: ./results_incremental_nice_20260513_025553/checkpoint_task_1_round_11.pt
15487.0s 729 🔁 ROUND 12/19 [phase]
15487.0s 730 
15487.0s 731 NICE: Training 60 clients on 2 GPU(s)
15600.9s 732 [GPU 0] NICE: 30 clients done in 113.9s
15624.0s 733 [GPU 1] NICE: 30 clients done in 136.9s
15624.0s 734 NICE loss: 0.0070 (137.0s)
15624.0s 735 conv1: young=0, learner=3, mature=61
15624.0s 736 fc1: young=127, learner=23, mature=106
15624.0s 737 fc2: young=22, learner=6, mature=6
16617.7s 738 
16617.7s 739 NICE context detector debug:
16617.7s 740 route_acc=93.16%
16617.7s 741 true episode counts: {0: 409691, 1: 5576297}
16617.7s 742 pred episode counts: {0: 245, 1: 5985743}
16617.7s 743 confidence max(chain_probs): q10=0.9970, q50=0.9991, q90=0.9999
16617.7s 744 true 0 -> pred {0: 241, 1: 409450}
16617.9s 745 true 1 -> pred {0: 4, 1: 5576293}
16620.0s 746 Metrics -> train_loss=0.0070, test_loss=0.3756, accuracy=93.02%, f1=42.34%, precision=47.74%, recall=46.64%, AF=N/A (final round only)
16620.0s 747 💾 Round checkpoint saved: ./results_incremental_nice_20260513_025553/checkpoint_task_1_round_12.pt
16620.0s 748 🔁 ROUND 13/19 [phase]
16620.0s 749 
16620.0s 750 NICE: Training 60 clients on 2 GPU(s)
16734.1s 751 [GPU 0] NICE: 30 clients done in 114.1s
16757.0s 752 [GPU 1] NICE: 30 clients done in 137.0s
16757.0s 753 NICE loss: 0.0068 (137.1s)
16757.0s 754 conv1: young=0, learner=3, mature=61
16757.0s 755 fc1: young=127, learner=23, mature=106
16757.0s 756 fc2: young=22, learner=6, mature=6
17773.1s 757 
17773.1s 758 NICE context detector debug:
17773.1s 759 route_acc=93.16%
17773.1s 760 true episode counts: {0: 409691, 1: 5576297}
17773.1s 761 pred episode counts: {0: 225, 1: 5985763}
17773.1s 762 confidence max(chain_probs): q10=0.9972, q50=0.9991, q90=0.9999
17773.4s 763 true 0 -> pred {0: 224, 1: 409467}
17773.4s 764 true 1 -> pred {0: 1, 1: 5576296}
17775.6s 765 Metrics -> train_loss=0.0068, test_loss=0.3908, accuracy=93.03%, f1=42.53%, precision=47.80%, recall=47.03%, AF=N/A (final round only)
17775.6s 766 💾 Round checkpoint saved: ./results_incremental_nice_20260513_025553/checkpoint_task_1_round_13.pt
17775.6s 767 🔁 ROUND 14/19 [phase]
17775.6s 768 
17775.6s 769 NICE: Training 60 clients on 2 GPU(s)
17891.4s 770 [GPU 0] NICE: 30 clients done in 115.7s
17915.0s 771 [GPU 1] NICE: 30 clients done in 139.4s
17915.0s 772 NICE loss: 0.0067 (139.5s)
17915.0s 773 conv1: young=0, learner=3, mature=61
17915.0s 774 fc1: young=127, learner=23, mature=106
17915.0s 775 fc2: young=22, learner=6, mature=6
19011.4s 776 
19011.4s 777 NICE context detector debug:
19011.4s 778 route_acc=93.16%
19011.4s 779 true episode counts: {0: 409691, 1: 5576297}
19011.4s 780 pred episode counts: {0: 88, 1: 5985900}
19011.4s 781 confidence max(chain_probs): q10=0.9970, q50=0.9990, q90=0.9998
19011.7s 782 true 0 -> pred {0: 88, 1: 409603}
19011.7s 783 true 1 -> pred {1: 5576297}
19013.8s 784 Metrics -> train_loss=0.0067, test_loss=0.3845, accuracy=93.03%, f1=42.39%, precision=47.72%, recall=46.72%, AF=N/A (final round only)
19013.8s 785 💾 Round checkpoint saved: ./results_incremental_nice_20260513_025553/checkpoint_task_1_round_14.pt
19013.8s 786 🔁 ROUND 15/19 [phase]
19013.8s 787 
19013.8s 788 NICE: Training 60 clients on 2 GPU(s)
19128.6s 789 [GPU 0] NICE: 30 clients done in 114.7s
19151.9s 790 [GPU 1] NICE: 30 clients done in 138.0s
19151.9s 791 NICE loss: 0.0066 (138.1s)
19151.9s 792 conv1: young=0, learner=3, mature=61
19151.9s 793 fc1: young=127, learner=23, mature=106
19151.9s 794 fc2: young=22, learner=6, mature=6
20225.6s 795 
20225.6s 796 NICE context detector debug:
20225.6s 797 route_acc=93.16%
20225.6s 798 true episode counts: {0: 409691, 1: 5576297}
20225.6s 799 pred episode counts: {0: 148, 1: 5985840}
20225.6s 800 confidence max(chain_probs): q10=0.9970, q50=0.9990, q90=0.9999
20225.8s 801 true 0 -> pred {0: 144, 1: 409547}
20225.8s 802 true 1 -> pred {0: 4, 1: 5576293}
20228.0s 803 Metrics -> train_loss=0.0066, test_loss=0.3971, accuracy=93.03%, f1=42.48%, precision=47.69%, recall=46.87%, AF=N/A (final round only)
20228.0s 804 💾 Round checkpoint saved: ./results_incremental_nice_20260513_025553/checkpoint_task_1_round_15.pt
20228.0s 805 🔁 ROUND 16/19 [phase]
20228.0s 806 
20228.0s 807 NICE: Training 60 clients on 2 GPU(s)
20342.6s 808 [GPU 0] NICE: 30 clients done in 114.6s
20365.6s 809 [GPU 1] NICE: 30 clients done in 137.6s
20365.6s 810 NICE loss: 0.0064 (137.7s)
20365.6s 811 conv1: young=0, learner=3, mature=61
20365.6s 812 fc1: young=127, learner=23, mature=106
20365.6s 813 fc2: young=22, learner=6, mature=6
21409.6s 814 
21409.6s 815 NICE context detector debug:
21409.6s 816 route_acc=93.16%
21409.6s 817 true episode counts: {0: 409691, 1: 5576297}
21409.6s 818 pred episode counts: {0: 94, 1: 5985894}
21409.6s 819 confidence max(chain_probs): q10=0.9970, q50=0.9991, q90=0.9999
21409.8s 820 true 0 -> pred {0: 93, 1: 409598}
21409.8s 821 true 1 -> pred {0: 1, 1: 5576296}
21411.9s 822 Metrics -> train_loss=0.0064, test_loss=0.4125, accuracy=93.03%, f1=42.53%, precision=47.74%, recall=47.00%, AF=N/A (final round only)
21411.9s 823 💾 Round checkpoint saved: ./results_incremental_nice_20260513_025553/checkpoint_task_1_round_16.pt
21411.9s 824 🔁 ROUND 17/19 [phase]
21411.9s 825 
21411.9s 826 NICE: Training 60 clients on 2 GPU(s)
21526.2s 827 [GPU 0] NICE: 30 clients done in 114.3s
21549.5s 828 [GPU 1] NICE: 30 clients done in 137.6s
21549.5s 829 NICE loss: 0.0062 (137.7s)
21549.5s 830 conv1: young=0, learner=3, mature=61
21549.5s 831 fc1: young=127, learner=23, mature=106
21549.5s 832 fc2: young=22, learner=6, mature=6
22576.8s 833 
22576.8s 834 NICE context detector debug:
22576.8s 835 route_acc=93.16%
22576.8s 836 true episode counts: {0: 409691, 1: 5576297}
22576.8s 837 pred episode counts: {0: 76, 1: 5985912}
22576.8s 838 confidence max(chain_probs): q10=0.9968, q50=0.9989, q90=0.9999
22577.0s 839 true 0 -> pred {0: 74, 1: 409617}
22577.0s 840 true 1 -> pred {0: 2, 1: 5576295}
22579.2s 841 Metrics -> train_loss=0.0062, test_loss=0.4134, accuracy=93.03%, f1=42.55%, precision=47.81%, recall=46.99%, AF=N/A (final round only)
22579.2s 842 💾 Round checkpoint saved: ./results_incremental_nice_20260513_025553/checkpoint_task_1_round_17.pt
22579.2s 843 🔁 ROUND 18/19 [phase]
22579.2s 844 
22579.2s 845 NICE: Training 60 clients on 2 GPU(s)
22693.1s 846 [GPU 0] NICE: 30 clients done in 113.9s
22716.2s 847 [GPU 1] NICE: 30 clients done in 137.0s
22716.2s 848 NICE loss: 0.0063 (137.1s)
22716.2s 849 conv1: young=0, learner=3, mature=61
22716.2s 850 fc1: young=127, learner=23, mature=106
22716.2s 851 fc2: young=22, learner=6, mature=6
23721.5s 852 
23721.5s 853 NICE context detector debug:
23721.5s 854 route_acc=93.16%
23721.5s 855 true episode counts: {0: 409691, 1: 5576297}
23721.5s 856 pred episode counts: {0: 73, 1: 5985915}
23721.5s 857 confidence max(chain_probs): q10=0.9972, q50=0.9991, q90=0.9999
23721.7s 858 true 0 -> pred {0: 73, 1: 409618}
23721.7s 859 true 1 -> pred {1: 5576297}
23723.8s 860 Metrics -> train_loss=0.0063, test_loss=0.4187, accuracy=93.03%, f1=42.57%, precision=47.92%, recall=47.03%, AF=N/A (final round only)
23723.8s 861 💾 Round checkpoint saved: ./results_incremental_nice_20260513_025553/checkpoint_task_1_round_18.pt
23723.8s 862 🔁 ROUND 19/19 [phase]
23723.8s 863 
23723.8s 864 NICE: Training 60 clients on 2 GPU(s)
23837.8s 865 [GPU 0] NICE: 30 clients done in 114.1s
23860.8s 866 [GPU 1] NICE: 30 clients done in 137.0s
23860.8s 867 NICE loss: 0.0063 (137.1s)
23860.8s 868 conv1: young=0, learner=3, mature=61
23860.8s 869 fc1: young=127, learner=23, mature=106
23860.8s 870 fc2: young=22, learner=6, mature=6
24845.6s 871 
24845.6s 872 NICE context detector debug:
24845.6s 873 route_acc=93.16%
24845.6s 874 true episode counts: {0: 409691, 1: 5576297}
24845.6s 875 pred episode counts: {0: 94, 1: 5985894}
24845.6s 876 confidence max(chain_probs): q10=0.9967, q50=0.9990, q90=0.9999
24845.8s 877 true 0 -> pred {0: 92, 1: 409599}
24845.8s 878 true 1 -> pred {0: 2, 1: 5576295}
24847.9s 879 🔍 Computing Forgetting...
24914.9s 880 
24914.9s 881 NICE context detector debug:
24914.9s 882 route_acc=0.02%
24914.9s 883 true episode counts: {0: 409691}
24914.9s 884 pred episode counts: {0: 92, 1: 409599}
24914.9s 885 confidence max(chain_probs): q10=0.9522, q50=0.9880, q90=0.9949
24914.9s 886 true 0 -> pred {0: 92, 1: 409599}
25905.0s 887 
25905.0s 888 NICE context detector debug:
25905.0s 889 route_acc=93.16%
25905.0s 890 true episode counts: {0: 409691, 1: 5576297}
25905.0s 891 pred episode counts: {0: 94, 1: 5985894}
25905.0s 892 confidence max(chain_probs): q10=0.9967, q50=0.9990, q90=0.9999
25905.2s 893 true 0 -> pred {0: 92, 1: 409599}
25905.2s 894 true 1 -> pred {0: 2, 1: 5576295}
25907.3s 895 Per-task old accuracy -> T0: current=0.02%, best=98.88%
25907.3s 896 Avg Forgetting: 98.86%
25907.3s 897 Metrics -> train_loss=0.0063, test_loss=0.3972, accuracy=93.03%, f1=42.56%, precision=47.77%, recall=47.00%, AF=98.86%
25907.3s 898 💾 Round checkpoint saved: ./results_incremental_nice_20260513_025553/checkpoint_task_1_round_19.pt
25907.3s 899 
25907.3s 900 NICE end_task(1):
25907.3s 901 Context detector: 1 models trained
25907.3s 902 conv1: young=0, learner=0, mature=64
25907.3s 903 conv2: young=1, learner=0, mature=127
25907.3s 904 conv3: young=0, learner=0, mature=256
25907.3s 905 gru: young=0, learner=0, mature=100
25907.3s 906 fc1: young=127, learner=0, mature=129
25907.3s 907 fc2: young=22, learner=0, mature=12
25907.3s 908 
25907.3s 909 📊 Evaluation:
26896.1s 910 
26896.1s 911 NICE context detector debug:
26896.1s 912 route_acc=93.16%
26896.1s 913 true episode counts: {0: 409691, 1: 5576297}
26896.1s 914 pred episode counts: {0: 98, 1: 5985890}
26896.1s 915 confidence max(chain_probs): q10=0.9968, q50=0.9990, q90=0.9999
26896.3s 916 true 0 -> pred {0: 97, 1: 409594}
26896.3s 917 true 1 -> pred {0: 1, 1: 5576296}
26898.4s 918 ✅ Task summary -> accuracy=93.03%, f1=42.56%, precision=47.78%, recall=47.00%
26898.4s 919 
26898.4s 920 🎨 Visualization & Debugging:
26898.9s 921 🔍 Unique predicted classes: [np.int64(1), np.int64(6), np.int64(7), np.int64(8), np.int64(9), np.int64(11), np.int64(19)]
26898.9s 922 DEBUG[2]: Output layer weight norms per class:
26898.9s 923 Class 0: 0.0807
26898.9s 924 Class 1: 0.1356
26898.9s 925 Class 3: 0.1105
26898.9s 926 Class 4: 0.2641
26898.9s 927 Class 5: 0.2949
26898.9s 928 Class 6: 0.3192
26898.9s 929 Class 7: 0.4412
26898.9s 930 Class 8: 0.5484
26898.9s 931 Class 9: 0.4965
26898.9s 932 Class 10: 0.3844
26898.9s 933 Class 11: 0.5812
26898.9s 934 DEBUG[7]: Mean prediction probability per class:
26898.9s 935 Class 0: 0.000011
26898.9s 936 Class 1: 0.001332
26898.9s 937 Class 3: 0.000006
26898.9s 938 Class 4: 0.000999
26898.9s 939 Class 5: 0.000335
26898.9s 940 Class 6: 0.343395
26898.9s 941 Class 7: 0.030812
26898.9s 942 Class 8: 0.196139
26898.9s 943 Class 9: 0.240887
26898.9s 944 Class 10: 0.000031
26898.9s 945 Class 11: 0.179345
26898.9s 946 /tmp/FL_IL_IDS/fed_learning/visualization/metrics.py:54: RuntimeWarning: invalid value encountered in divide
26898.9s 947 cm = cm.astype('float') / cm.sum(axis=1)[:, np.newaxis]
26898.9s 948 
26898.9s 949 /tmp/FL_IL_IDS/fed_learning/visualization/metrics.py:54: RuntimeWarning: invalid value encountered in divide
26898.9s 950 cm = cm.astype('float') / cm.sum(axis=1)[:, np.newaxis]
26900.2s 951 📊 Saved: ./results_incremental_nice_20260513_025553/plots/task_1/confusion_matrix.png & ./results_incremental_nice_20260513_025553/plots/task_1/confusion_matrix.pdf
26901.1s 952 📊 Saved: ./results_incremental_nice_20260513_025553/plots/task_1/per_class_metrics.png & ./results_incremental_nice_20260513_025553/plots/task_1/per_class_metrics.pdf
26901.1s 953 📸 Saved plots to ./results_incremental_nice_20260513_025553/plots/task_1
26901.1s 954 🔍 Computing Forgetting...
26974.4s 955 
26974.4s 956 NICE context detector debug:
26974.4s 957 route_acc=0.02%
26974.4s 958 true episode counts: {0: 409691}
26974.4s 959 pred episode counts: {0: 97, 1: 409594}
26974.4s 960 confidence max(chain_probs): q10=0.9510, q50=0.9879, q90=0.9948
26974.4s 961 true 0 -> pred {0: 97, 1: 409594}
28049.5s 962 
28049.5s 963 NICE context detector debug:
28049.5s 964 route_acc=93.16%
28049.5s 965 true episode counts: {0: 409691, 1: 5576297}
28049.5s 966 pred episode counts: {0: 98, 1: 5985890}
28049.5s 967 confidence max(chain_probs): q10=0.9968, q50=0.9990, q90=0.9999
28049.7s 968 true 0 -> pred {0: 97, 1: 409594}
28049.7s 969 true 1 -> pred {0: 1, 1: 5576296}
28052.0s 970 Per-task old accuracy -> T0: current=0.02%, best=98.88%
28052.0s 971 Avg Forgetting: 98.86%
28052.0s 972 💾 Checkpoint saved: ./results_incremental_nice_20260513_025553/checkpoint_task_1.pt
28052.0s 973 
28052.0s 974 📊 Generating FCIL Visualization Report...
28052.5s 975 📊 Saved: ./results_incremental_nice_20260513_025553/fcil_plots/task_accuracy_heatmap.png & ./results_incremental_nice_20260513_025553/fcil_plots/task_accuracy_heatmap.pdf
28052.8s 976 📊 Saved: ./results_incremental_nice_20260513_025553/fcil_plots/incremental_accuracy.png & ./results_incremental_nice_20260513_025553/fcil_plots/incremental_accuracy.pdf
28052.8s 977 
28052.8s 978 📈 FCIL Metrics:
28052.8s 979 • Final AIA: 93.03%
28052.8s 980 • Avg Forgetting: 5.85%
28052.8s 981 ✅ FCIL report saved to: ./results_incremental_nice_20260513_025553/fcil_plots
28053.0s 982 
28053.0s 983 ================================================================================
28053.0s 984 📚 TASK 2/5
28053.0s 985 ================================================================================
28067.8s 986 Clients with data: 70
28070.0s 987 Restored neuron ages from previous task
28070.0s 988 
28070.0s 989 📌 Task 2: classes [12, 13, 14, 15, 16, 17]
28070.0s 990 Total seen classes: 18
28070.0s 991 NICE: Task 2 | new classes: [12, 13, 14, 15, 16, 17]
28070.0s 992 NICE: Output neuron ages (fc2): learner=6, mature=12, young=16
28070.0s 993 
28070.0s 994 🎯 Training on 6 new classes...
28070.0s 995 
28070.0s 996 === NICE Training (20 phases) ===
28070.0s 997 NICE local schedule: 20 phases x 1 epochs = 20 local epochs/client
28070.0s 998 🔁 ROUND 0/19 [phase]
28070.0s 999 
28070.0s 1000 NICE: Training 70 clients on 2 GPU(s)
28152.9s 1001 [GPU 0] NICE: 35 clients done in 82.9s
28187.4s 1002 [GPU 1] NICE: 35 clients done in 117.4s
28187.4s 1003 NICE loss: 3.5250 (117.5s)
28187.4s 1004 conv1: young=0, learner=0, mature=64
28187.4s 1005 fc1: young=0, learner=127, mature=129
28187.4s 1006 fc2: young=16, learner=6, mature=12
30116.6s 1007 
30116.6s 1008 NICE context detector debug:
30116.6s 1009 route_acc=42.43%
30116.6s 1010 true episode counts: {0: 409691, 1: 5576297, 2: 4149643}
30116.6s 1011 pred episode counts: {0: 1, 1: 177181, 2: 9958449}
30116.9s 1012 confidence max(chain_probs): q10=0.7421, q50=0.9908, q90=0.9988
30116.9s 1013 true 0 -> pred {1: 13837, 2: 395854}
30116.9s 1014 true 1 -> pred {1: 156932, 2: 5419365}
30117.2s 1015 true 2 -> pred {0: 1, 1: 6412, 2: 4143230}
30121.1s 1016 Metrics -> train_loss=3.5250, test_loss=1.0711, accuracy=39.39%, f1=12.78%, precision=23.11%, recall=17.51%, AF=N/A (final round only)
30121.1s 1017 💾 Round checkpoint saved: ./results_incremental_nice_20260513_025553/checkpoint_task_2_round_0.pt
30121.1s 1018 🔁 ROUND 1/19 [phase]
30121.1s 1019 
30121.1s 1020 NICE: Training 70 clients on 2 GPU(s)
30205.3s 1021 [GPU 0] NICE: 35 clients done in 84.1s
30230.9s 1022 [GPU 1] NICE: 35 clients done in 109.8s
30230.9s 1023 NICE loss: 0.9606 (109.9s)
30230.9s 1024 conv1: young=0, learner=0, mature=64
30230.9s 1025 fc1: young=120, learner=7, mature=129
30230.9s 1026 fc2: young=16, learner=6, mature=12
32160.1s 1027 
32160.1s 1028 NICE context detector debug:
32160.1s 1029 route_acc=47.17%
32160.1s 1030 true episode counts: {0: 409691, 1: 5576297, 2: 4149643}
32160.1s 1031 pred episode counts: {1: 657530, 2: 9478101}
32160.4s 1032 confidence max(chain_probs): q10=0.5985, q50=0.9895, q90=0.9986
32160.4s 1033 true 0 -> pred {1: 18721, 2: 390970}
32160.4s 1034 true 1 -> pred {1: 634969, 2: 4941328}
32160.7s 1035 true 2 -> pred {1: 3840, 2: 4145803}
32164.8s 1036 Metrics -> train_loss=0.9606, test_loss=0.6991, accuracy=45.98%, f1=20.89%, precision=28.58%, recall=27.04%, AF=N/A (final round only)
32164.8s 1037 💾 Round checkpoint saved: ./results_incremental_nice_20260513_025553/checkpoint_task_2_round_1.pt
32164.8s 1038 🔁 ROUND 2/19 [phase]
32164.8s 1039 
32164.8s 1040 NICE: Training 70 clients on 2 GPU(s)
32249.6s 1041 [GPU 0] NICE: 35 clients done in 84.9s
32282.6s 1042 [GPU 1] NICE: 35 clients done in 117.8s
32282.6s 1043 NICE loss: 0.5640 (117.9s)
32282.6s 1044 conv1: young=0, learner=0, mature=64
32282.6s 1045 fc1: young=120, learner=7, mature=129
32282.6s 1046 fc2: young=16, learner=6, mature=12
34218.7s 1047 
34218.7s 1048 NICE context detector debug:
34218.7s 1049 route_acc=51.25%
34218.7s 1050 true episode counts: {0: 409691, 1: 5576297, 2: 4149643}
34218.7s 1051 pred episode counts: {0: 2, 1: 1062900, 2: 9072729}
34219.0s 1052 confidence max(chain_probs): q10=0.6112, q50=0.9904, q90=0.9988
34219.0s 1053 true 0 -> pred {1: 8112, 2: 401579}
34219.0s 1054 true 1 -> pred {1: 1049928, 2: 4526369}
34219.3s 1055 true 2 -> pred {0: 2, 1: 4860, 2: 4144781}
34223.4s 1056 Metrics -> train_loss=0.5640, test_loss=1.0599, accuracy=50.22%, f1=21.57%, precision=29.54%, recall=28.28%, AF=N/A (final round only)
34223.4s 1057 💾 Round checkpoint saved: ./results_incremental_nice_20260513_025553/checkpoint_task_2_round_2.pt
34223.4s 1058 🔁 ROUND 3/19 [phase]
34223.4s 1059 
34223.4s 1060 NICE: Training 70 clients on 2 GPU(s)
34307.5s 1061 [GPU 0] NICE: 35 clients done in 84.1s
34341.9s 1062 [GPU 1] NICE: 35 clients done in 118.4s
34341.9s 1063 NICE loss: 0.4319 (118.5s)
34341.9s 1064 conv1: young=0, learner=0, mature=64
34341.9s 1065 fc1: young=120, learner=7, mature=129
34341.9s 1066 fc2: young=16, learner=6, mature=12
36267.3s 1067 
36267.3s 1068 NICE context detector debug:
36267.3s 1069 route_acc=41.68%
36267.3s 1070 true episode counts: {0: 409691, 1: 5576297, 2: 4149643}
36267.3s 1071 pred episode counts: {0: 1, 1: 98438, 2: 10037192}
36267.5s 1072 confidence max(chain_probs): q10=0.7559, q50=0.9925, q90=0.9987
36267.5s 1073 true 0 -> pred {1: 16569, 2: 393122}
36267.5s 1074 true 1 -> pred {1: 78458, 2: 5497839}
36267.8s 1075 true 2 -> pred {0: 1, 1: 3411, 2: 4146231}
36272.1s 1076 Metrics -> train_loss=0.4319, test_loss=1.4883, accuracy=40.74%, f1=13.63%, precision=22.32%, recall=23.38%, AF=N/A (final round only)
36272.1s 1077 💾 Round checkpoint saved: ./results_incremental_nice_20260513_025553/checkpoint_task_2_round_3.pt
36272.1s 1078 🔁 ROUND 4/19 [phase]
36272.1s 1079 
36272.1s 1080 NICE: Training 70 clients on 2 GPU(s)
36356.3s 1081 [GPU 0] NICE: 35 clients done in 84.2s
36385.1s 1082 [GPU 1] NICE: 35 clients done in 112.9s
36385.1s 1083 NICE loss: 0.3954 (113.0s)
36385.1s 1084 conv1: young=0, learner=0, mature=64
36385.1s 1085 fc1: young=120, learner=7, mature=129
36385.1s 1086 fc2: young=16, learner=6, mature=12
38322.0s 1087 
38322.0s 1088 NICE context detector debug:
38322.0s 1089 route_acc=40.96%
38322.0s 1090 true episode counts: {0: 409691, 1: 5576297, 2: 4149643}
38322.0s 1091 pred episode counts: {0: 1, 1: 4577, 2: 10131053}
38322.3s 1092 confidence max(chain_probs): q10=0.9248, q50=0.9959, q90=0.9990
38322.3s 1093 true 0 -> pred {1: 1557, 2: 408134}
38322.3s 1094 true 1 -> pred {1: 2563, 2: 5573734}
38322.6s 1095 true 2 -> pred {0: 1, 1: 457, 2: 4149185}
38326.9s 1096 Metrics -> train_loss=0.3954, test_loss=1.8736, accuracy=40.14%, f1=12.59%, precision=23.46%, recall=22.86%, AF=N/A (final round only)
38326.9s 1097 💾 Round checkpoint saved: ./results_incremental_nice_20260513_025553/checkpoint_task_2_round_4.pt
38326.9s 1098 🔁 ROUND 5/19 [phase]
38326.9s 1099 
38326.9s 1100 NICE: Training 70 clients on 2 GPU(s)
38411.2s 1101 [GPU 0] NICE: 35 clients done in 84.4s
38445.1s 1102 [GPU 1] NICE: 35 clients done in 118.2s
38445.1s 1103 NICE loss: 0.3974 (118.3s)
38445.1s 1104 conv1: young=0, learner=0, mature=64
38445.1s 1105 fc1: young=120, learner=7, mature=129
38445.1s 1106 fc2: young=16, learner=6, mature=12
40366.1s 1107 
40366.1s 1108 NICE context detector debug:
40366.1s 1109 route_acc=40.95%
40366.1s 1110 true episode counts: {0: 409691, 1: 5576297, 2: 4149643}
40366.1s 1111 pred episode counts: {0: 1, 1: 2505, 2: 10133125}
40366.4s 1112 confidence max(chain_probs): q10=0.9421, q50=0.9963, q90=0.9989
40366.4s 1113 true 0 -> pred {1: 1536, 2: 408155}
40366.4s 1114 true 1 -> pred {1: 760, 2: 5575537}
40366.7s 1115 true 2 -> pred {0: 1, 1: 209, 2: 4149433}
40370.9s 1116 Metrics -> train_loss=0.3974, test_loss=2.1542, accuracy=40.27%, f1=12.74%, precision=22.78%, recall=23.67%, AF=N/A (final round only)
40370.9s 1117 💾 Round checkpoint saved: ./results_incremental_nice_20260513_025553/checkpoint_task_2_round_5.pt
40370.9s 1118 🔁 ROUND 6/19 [phase]
40370.9s 1119 
40370.9s 1120 NICE: Training 70 clients on 2 GPU(s)
40454.9s 1121 [GPU 0] NICE: 35 clients done in 84.0s
40489.2s 1122 [GPU 1] NICE: 35 clients done in 118.2s
40489.2s 1123 NICE loss: 0.4241 (118.3s)
40489.2s 1124 conv1: young=0, learner=0, mature=64
40489.2s 1125 fc1: young=120, learner=7, mature=129
40489.2s 1126 fc2: young=16, learner=6, mature=12
42419.0s 1127 
42419.0s 1128 NICE context detector debug:
42419.0s 1129 route_acc=40.94%
42419.0s 1130 true episode counts: {0: 409691, 1: 5576297, 2: 4149643}
42419.0s 1131 pred episode counts: {0: 1, 1: 3108, 2: 10132522}
42419.3s 1132 confidence max(chain_probs): q10=0.9523, q50=0.9965, q90=0.9991
42419.3s 1133 true 0 -> pred {0: 1, 1: 2063, 2: 407627}
42419.3s 1134 true 1 -> pred {1: 699, 2: 5575598}
42419.6s 1135 true 2 -> pred {1: 346, 2: 4149297}
42423.9s 1136 Metrics -> train_loss=0.4241, test_loss=2.4661, accuracy=40.36%, f1=13.08%, precision=32.31%, recall=24.33%, AF=N/A (final round only)
42423.9s 1137 💾 Round checkpoint saved: ./results_incremental_nice_20260513_025553/checkpoint_task_2_round_6.pt
42423.9s 1138 🔁 ROUND 7/19 [phase]
42423.9s 1139 
42423.9s 1140 NICE: Training 70 clients on 2 GPU(s)
42507.4s 1141 [GPU 0] NICE: 35 clients done in 83.5s
42533.3s 1142 [GPU 1] NICE: 35 clients done in 109.4s
42533.3s 1143 NICE loss: 0.4742 (109.5s)
42533.3s 1144 conv1: young=0, learner=0, mature=64
42533.3s 1145 fc1: young=120, learner=7, mature=129
42533.3s 1146 fc2: young=16, learner=6, mature=12
43208.2s 1147 Timeout waiting for execute reply (43200s).
43211.6s 1148 Traceback (most recent call last):
43211.6s 1149 File "/usr/local/lib/python3.12/dist-packages/nbclient/client.py", line 730, in _async_poll_for_reply
43211.6s 1150 msg = await ensure_async(self.kc.shell_channel.get_msg(timeout=new_timeout))
43211.6s 1151 ^^^^^^^^^^^^^^^^^^^^^^^^^^^^^^^^^^^^^^^^^^^^^^^^^^^^^^^^^^^^^^^^^^^^^^
43211.6s 1152 File "/usr/local/lib/python3.12/dist-packages/nbclient/util.py", line 96, in ensure_async
43211.6s 1153 result = await obj
43211.6s 1154 ^^^^^^^^^
43211.6s 1155 File "/usr/local/lib/python3.12/dist-packages/jupyter_client/channels.py", line 230, in get_msg
43211.6s 1156 raise Empty
43211.6s 1157 _queue.Empty
43211.6s 1158 
43211.6s 1159 During handling of the above exception, another exception occurred:
43211.6s 1160 
43211.6s 1161 Traceback (most recent call last):
43211.6s 1162 File "<string>", line 1, in <module>
43211.6s 1163 File "/usr/local/lib/python3.12/dist-packages/papermill/execute.py", line 116, in execute_notebook
43211.6s 1164 nb = papermill_engines.execute_notebook_with_engine(
43211.6s 1165 ^^^^^^^^^^^^^^^^^^^^^^^^^^^^^^^^^^^^^^^^^^^^^^^
43211.6s 1166 File "/usr/local/lib/python3.12/dist-packages/papermill/engines.py", line 49, in execute_notebook_with_engine
43211.6s 1167 return self.get_engine(engine_name).execute_notebook(nb, kernel_name, **kwargs)
43211.6s 1168 ^^^^^^^^^^^^^^^^^^^^^^^^^^^^^^^^^^^^^^^^^^^^^^^^^^^^^^^^^^^^^^^^^^^^^^^^
43211.6s 1169 File "/usr/local/lib/python3.12/dist-packages/papermill/engines.py", line 371, in execute_notebook
43211.6s 1170 cls.execute_managed_notebook(nb_man, kernel_name, log_output=log_output, **kwargs)
43211.6s 1171 File "/usr/local/lib/python3.12/dist-packages/papermill/engines.py", line 443, in execute_managed_notebook
43211.6s 1172 return PapermillNotebookClient(nb_man, **final_kwargs).execute()
43211.6s 1173 ^^^^^^^^^^^^^^^^^^^^^^^^^^^^^^^^^^^^^^^^^^^^^^^^^^^^^^^^^
43211.6s 1174 File "/usr/local/lib/python3.12/dist-packages/papermill/clientwrap.py", line 45, in execute
43211.6s 1175 self.papermill_execute_cells()
43211.6s 1176 File "/usr/local/lib/python3.12/dist-packages/papermill/clientwrap.py", line 72, in papermill_execute_cells
43211.6s 1177 self.execute_cell(cell, index)
43211.6s 1178 File "/usr/local/lib/python3.12/dist-packages/nbclient/util.py", line 84, in wrapped
43211.6s 1179 return just_run(coro(*args, **kwargs))
43211.6s 1180 ^^^^^^^^^^^^^^^^^^^^^^^^^^^^^^^
43211.6s 1181 File "/usr/local/lib/python3.12/dist-packages/nbclient/util.py", line 62, in just_run
43211.6s 1182 return loop.run_until_complete(coro)
43211.6s 1183 ^^^^^^^^^^^^^^^^^^^^^^^^^^^^^
43211.6s 1184 File "/usr/lib/python3.12/asyncio/base_events.py", line 691, in run_until_complete
43211.6s 1185 return future.result()
43211.6s 1186 ^^^^^^^^^^^^^^^
43211.6s 1187 File "/usr/local/lib/python3.12/dist-packages/nbclient/client.py", line 949, in async_execute_cell
43211.6s 1188 exec_reply = await self.task_poll_for_reply
43211.6s 1189 ^^^^^^^^^^^^^^^^^^^^^^^^^^^^^^
43211.6s 1190 File "/usr/local/lib/python3.12/dist-packages/nbclient/client.py", line 754, in _async_poll_for_reply
43211.6s 1191 await self._async_handle_timeout(timeout, cell)
43211.6s 1192 File "/usr/local/lib/python3.12/dist-packages/nbclient/client.py", line 801, in _async_handle_timeout
43211.6s 1193 raise CellTimeoutError.error_from_timeout_and_cell(
43211.6s 1194 nbclient.exceptions.CellTimeoutError: A cell timed out while it was being executed, after 43200 seconds.
43211.6s 1195 The message was: Cell execution timed out.
43211.6s 1196 Here is a preview of the cell contents:
43211.6s 1197 -------------------
43211.6s 1198 ['"""', 'Federated Class Incremental Learning - Training Entry Point', '============================================================', 'CONFIG-only entry point. All training logic lives in fed_learning.training.task_loop.', '']
43211.6s 1199 ...
43211.6s 1200 ['# =============================================================================', 'if __name__ == "__main__":', '    from fed_learning.training.task_loop import run_incremental_training', '', '    run_incremental_training(CONFIG)']
43211.6s 1201 -------------------
43211.6s 1202 