11.8s 1 0.00s - Debugger warning: It seems that frozen modules are being used, which may
11.8s 2 0.00s - make the debugger miss breakpoints. Please pass -Xfrozen_modules=off
11.8s 3 0.00s - to python to disable frozen modules.
11.8s 4 0.00s - Note: Debugging will proceed. Set PYDEVD_DISABLE_FILE_VALIDATION=1 to disable this validation.
12.6s 5 0.00s - Debugger warning: It seems that frozen modules are being used, which may
12.6s 6 0.00s - make the debugger miss breakpoints. Please pass -Xfrozen_modules=off
12.6s 7 0.00s - to python to disable frozen modules.
12.6s 8 0.00s - Note: Debugging will proceed. Set PYDEVD_DISABLE_FILE_VALIDATION=1 to disable this validation.
13.9s 9 Cloning into '/tmp/FL_IL_IDS'...
14.1s 10 Cloning from GitHub...
14.1s 11 Cloning into '/tmp/FL_IL_IDS'...
14.1s 12 
14.1s 13 Cloning into '/tmp/FL_IL_IDS'...
18.0s 14 sys.path[0]: /tmp/FL_IL_IDS
27.5s 15 INFO:numexpr.utils:NumExpr defaulting to 4 threads.
27.5s 16 
27.5s 17 INFO:numexpr.utils:NumExpr defaulting to 4 threads.
29.0s 18 INFO:fed_learning.data.incremental_loader:Initialized IncrementalLoader from /kaggle/input/datasets/khoilv2005/100-clients/100-clients
29.0s 19 
29.0s 20 INFO:fed_learning.data.incremental_loader:Initialized IncrementalLoader from /kaggle/input/datasets/khoilv2005/100-clients/100-clients
29.0s 21 INFO:fed_learning.data.incremental_loader:Task structure: 6 tasks found
29.0s 22 
29.0s 23 INFO:fed_learning.data.incremental_loader:Task structure: 6 tasks found
29.2s 24 🌱 Seed set to 42
29.2s 25 
29.2s 26 ================================================================================
29.2s 27 🚀 FEDERATED CLASS INCREMENTAL LEARNING - NICE
29.2s 28 ================================================================================
29.2s 29 
29.2s 30 <fed_learning.data.incremental_loader.IncrementalDataLoader object at 0x7d6810218c80>
29.2s 31 ✓ Trainer: NICETrainer
29.2s 32 ✓ Aggregator: NICEAggregator
29.2s 33 Task range: 0 -> 3
29.2s 34 
29.2s 35 ================================================================================
29.2s 36 📚 TASK 0/5
29.2s 37 ================================================================================
45.8s 38 Clients with data: 50
53.3s 39 
53.3s 40 🖥️  Detected 2 GPU(s), primary device: cuda:0
53.9s 41 📊 Strategy: NICE trainer + NICE aggregator
53.9s 42 Strategy: NICE (Neurogenesis Inspired Contextual Encoding)
53.9s 43 
53.9s 44 📌 Task 0: classes [0, 1, 2, 3, 4, 5]
53.9s 45 Total seen classes: 6
53.9s 46 NICE: Task 0 | new classes: [0, 1, 2, 3, 4, 5]
53.9s 47 NICE: Output neuron ages (fc2): learner=6, mature=0, young=28
53.9s 48 
53.9s 49 🎯 Training on 6 new classes...
53.9s 50 
53.9s 51 === NICE Training (20 phases) ===
53.9s 52 NICE local schedule: 20 phases x 1 epochs = 20 local epochs/client
53.9s 53 🔁 ROUND 0/19 [phase]
53.9s 54 
53.9s 55 NICE: Training 50 clients on 2 GPU(s)
69.9s 56 [GPU 0] NICE: 25 clients done in 15.9s
74.4s 57 [GPU 1] NICE: 25 clients done in 20.5s
74.7s 58 NICE loss: 2.0491 (20.8s)
74.7s 59 conv1: young=0, learner=64, mature=0
74.7s 60 fc1: young=0, learner=256, mature=0
74.7s 61 fc2: young=28, learner=6, mature=0
131.2s 62 
131.2s 63 NICE context detector debug:
131.2s 64 route_acc=100.00%
131.2s 65 true episode counts: {0: 409691}
131.2s 66 pred episode counts: {0: 409691}
131.2s 67 confidence max(chain_probs): q10=1.0000, q50=1.0000, q90=1.0000
131.2s 68 true 0 -> pred {0: 409691}
131.2s 69 Metrics -> train_loss=2.0491, test_loss=0.4931, accuracy=76.99%, f1=14.50%, precision=12.83%, recall=16.67%, AF=N/A (final round only)
131.2s 70 💾 Round checkpoint saved: ./results_incremental_nice_20260518_172746/checkpoint_task_0_round_0.pt
131.2s 71 🔁 ROUND 1/19 [phase]
131.2s 72 
131.2s 73 NICE: Training 50 clients on 2 GPU(s)
146.2s 74 [GPU 0] NICE: 25 clients done in 14.9s
150.9s 75 [GPU 1] NICE: 25 clients done in 19.5s
150.9s 76 NICE loss: 2.2794 (19.6s)
150.9s 77 conv1: young=3, learner=61, mature=0
150.9s 78 fc1: young=142, learner=114, mature=0
150.9s 79 fc2: young=28, learner=6, mature=0
207.3s 80 
207.3s 81 NICE context detector debug:
207.3s 82 route_acc=100.00%
207.3s 83 true episode counts: {0: 409691}
207.3s 84 pred episode counts: {0: 409691}
207.3s 85 confidence max(chain_probs): q10=1.0000, q50=1.0000, q90=1.0000
207.3s 86 true 0 -> pred {0: 409691}
207.3s 87 Metrics -> train_loss=2.2794, test_loss=0.2764, accuracy=93.53%, f1=31.09%, precision=32.04%, recall=30.47%, AF=N/A (final round only)
207.3s 88 💾 Round checkpoint saved: ./results_incremental_nice_20260518_172746/checkpoint_task_0_round_1.pt
207.3s 89 🔁 ROUND 2/19 [phase]
207.3s 90 
207.3s 91 NICE: Training 50 clients on 2 GPU(s)
222.3s 92 [GPU 0] NICE: 25 clients done in 14.8s
226.9s 93 [GPU 1] NICE: 25 clients done in 19.5s
226.9s 94 NICE loss: 0.9518 (19.6s)
226.9s 95 conv1: young=3, learner=61, mature=0
226.9s 96 fc1: young=146, learner=110, mature=0
226.9s 97 fc2: young=28, learner=6, mature=0
282.7s 98 
282.7s 99 NICE context detector debug:
282.7s 100 route_acc=100.00%
282.7s 101 true episode counts: {0: 409691}
282.7s 102 pred episode counts: {0: 409691}
282.7s 103 confidence max(chain_probs): q10=1.0000, q50=1.0000, q90=1.0000
282.7s 104 true 0 -> pred {0: 409691}
282.7s 105 Metrics -> train_loss=0.9518, test_loss=0.1413, accuracy=97.59%, f1=44.82%, precision=49.37%, recall=42.31%, AF=N/A (final round only)
282.7s 106 💾 Round checkpoint saved: ./results_incremental_nice_20260518_172746/checkpoint_task_0_round_2.pt
282.7s 107 🔁 ROUND 3/19 [phase]
282.7s 108 
282.7s 109 NICE: Training 50 clients on 2 GPU(s)
297.6s 110 [GPU 0] NICE: 25 clients done in 14.9s
302.7s 111 [GPU 1] NICE: 25 clients done in 20.0s
302.7s 112 NICE loss: 0.7160 (20.0s)
302.7s 113 conv1: young=3, learner=61, mature=0
302.7s 114 fc1: young=148, learner=108, mature=0
302.7s 115 fc2: young=28, learner=6, mature=0
358.7s 116 
358.7s 117 NICE context detector debug:
358.7s 118 route_acc=100.00%
358.7s 119 true episode counts: {0: 409691}
358.7s 120 pred episode counts: {0: 409691}
358.7s 121 confidence max(chain_probs): q10=1.0000, q50=1.0000, q90=1.0000
358.7s 122 true 0 -> pred {0: 409691}
358.7s 123 Metrics -> train_loss=0.7160, test_loss=0.0933, accuracy=98.52%, f1=48.73%, precision=49.64%, recall=47.93%, AF=N/A (final round only)
358.7s 124 💾 Round checkpoint saved: ./results_incremental_nice_20260518_172746/checkpoint_task_0_round_3.pt
358.7s 125 🔁 ROUND 4/19 [phase]
358.7s 126 
358.7s 127 NICE: Training 50 clients on 2 GPU(s)
374.1s 128 [GPU 0] NICE: 25 clients done in 15.3s
379.3s 129 [GPU 1] NICE: 25 clients done in 20.5s
379.3s 130 NICE loss: 0.6303 (20.6s)
379.3s 131 conv1: young=3, learner=61, mature=0
379.3s 132 fc1: young=148, learner=108, mature=0
379.3s 133 fc2: young=28, learner=6, mature=0
435.2s 134 
435.2s 135 NICE context detector debug:
435.2s 136 route_acc=100.00%
435.2s 137 true episode counts: {0: 409691}
435.2s 138 pred episode counts: {0: 409691}
435.2s 139 confidence max(chain_probs): q10=1.0000, q50=1.0000, q90=1.0000
435.2s 140 true 0 -> pred {0: 409691}
435.2s 141 Metrics -> train_loss=0.6303, test_loss=0.0817, accuracy=98.71%, f1=49.21%, precision=49.66%, recall=48.80%, AF=N/A (final round only)
435.2s 142 💾 Round checkpoint saved: ./results_incremental_nice_20260518_172746/checkpoint_task_0_round_4.pt
435.2s 143 🔁 ROUND 5/19 [phase]
435.2s 144 
435.2s 145 NICE: Training 50 clients on 2 GPU(s)
451.0s 146 [GPU 0] NICE: 25 clients done in 15.7s
456.4s 147 [GPU 1] NICE: 25 clients done in 21.2s
456.4s 148 NICE loss: 0.5914 (21.2s)
456.5s 149 conv1: young=3, learner=61, mature=0
456.5s 150 fc1: young=149, learner=107, mature=0
456.5s 151 fc2: young=28, learner=6, mature=0
511.6s 152 
511.6s 153 NICE context detector debug:
511.6s 154 route_acc=100.00%
511.6s 155 true episode counts: {0: 409691}
511.6s 156 pred episode counts: {0: 409691}
511.6s 157 confidence max(chain_probs): q10=1.0000, q50=1.0000, q90=1.0000
511.6s 158 true 0 -> pred {0: 409691}
511.6s 159 Metrics -> train_loss=0.5914, test_loss=0.0780, accuracy=98.78%, f1=49.48%, precision=49.60%, recall=49.36%, AF=N/A (final round only)
511.6s 160 💾 Round checkpoint saved: ./results_incremental_nice_20260518_172746/checkpoint_task_0_round_5.pt
511.6s 161 🔁 ROUND 6/19 [phase]
511.6s 162 
511.6s 163 NICE: Training 50 clients on 2 GPU(s)
527.0s 164 [GPU 0] NICE: 25 clients done in 15.3s
532.4s 165 [GPU 1] NICE: 25 clients done in 20.6s
532.4s 166 NICE loss: 0.5627 (20.7s)
532.4s 167 conv1: young=3, learner=61, mature=0
532.4s 168 fc1: young=149, learner=107, mature=0
532.4s 169 fc2: young=28, learner=6, mature=0
587.8s 170 
587.8s 171 NICE context detector debug:
587.8s 172 route_acc=100.00%
587.8s 173 true episode counts: {0: 409691}
587.8s 174 pred episode counts: {0: 409691}
587.8s 175 confidence max(chain_probs): q10=1.0000, q50=1.0000, q90=1.0000
587.8s 176 true 0 -> pred {0: 409691}
587.8s 177 Metrics -> train_loss=0.5627, test_loss=0.0789, accuracy=98.80%, f1=49.52%, precision=49.60%, recall=49.45%, AF=N/A (final round only)
587.8s 178 💾 Round checkpoint saved: ./results_incremental_nice_20260518_172746/checkpoint_task_0_round_6.pt
587.8s 179 🔁 ROUND 7/19 [phase]
587.8s 180 
587.8s 181 NICE: Training 50 clients on 2 GPU(s)
603.8s 182 [GPU 0] NICE: 25 clients done in 15.9s
609.1s 183 [GPU 1] NICE: 25 clients done in 21.2s
609.1s 184 NICE loss: 0.5745 (21.3s)
609.1s 185 conv1: young=3, learner=61, mature=0
609.1s 186 fc1: young=149, learner=107, mature=0
609.1s 187 fc2: young=28, learner=6, mature=0
663.5s 188 
663.5s 189 NICE context detector debug:
663.5s 190 route_acc=100.00%
663.5s 191 true episode counts: {0: 409691}
663.5s 192 pred episode counts: {0: 409691}
663.5s 193 confidence max(chain_probs): q10=1.0000, q50=1.0000, q90=1.0000
663.5s 194 true 0 -> pred {0: 409691}
663.5s 195 Metrics -> train_loss=0.5745, test_loss=0.0760, accuracy=98.82%, f1=49.52%, precision=49.53%, recall=49.51%, AF=N/A (final round only)
663.5s 196 💾 Round checkpoint saved: ./results_incremental_nice_20260518_172746/checkpoint_task_0_round_7.pt
663.5s 197 🔁 ROUND 8/19 [phase]
663.5s 198 
663.5s 199 NICE: Training 50 clients on 2 GPU(s)
679.4s 200 [GPU 0] NICE: 25 clients done in 15.9s
684.8s 201 [GPU 1] NICE: 25 clients done in 21.3s
684.8s 202 NICE loss: 0.5498 (21.4s)
684.8s 203 conv1: young=3, learner=61, mature=0
684.8s 204 fc1: young=150, learner=106, mature=0
684.8s 205 fc2: young=28, learner=6, mature=0
740.7s 206 
740.7s 207 NICE context detector debug:
740.7s 208 route_acc=100.00%
740.7s 209 true episode counts: {0: 409691}
740.7s 210 pred episode counts: {0: 409691}
740.7s 211 confidence max(chain_probs): q10=1.0000, q50=1.0000, q90=1.0000
740.7s 212 true 0 -> pred {0: 409691}
740.7s 213 Metrics -> train_loss=0.5498, test_loss=0.0758, accuracy=98.83%, f1=49.54%, precision=49.53%, recall=49.54%, AF=N/A (final round only)
740.7s 214 💾 Round checkpoint saved: ./results_incremental_nice_20260518_172746/checkpoint_task_0_round_8.pt
740.7s 215 🔁 ROUND 9/19 [phase]
740.7s 216 
740.7s 217 NICE: Training 50 clients on 2 GPU(s)
756.3s 218 [GPU 0] NICE: 25 clients done in 15.5s
761.8s 219 [GPU 1] NICE: 25 clients done in 21.0s
761.8s 220 NICE loss: 0.5280 (21.1s)
761.8s 221 conv1: young=3, learner=61, mature=0
761.8s 222 fc1: young=150, learner=106, mature=0
761.8s 223 fc2: young=28, learner=6, mature=0
816.8s 224 
816.8s 225 NICE context detector debug:
816.8s 226 route_acc=100.00%
816.8s 227 true episode counts: {0: 409691}
816.8s 228 pred episode counts: {0: 409691}
816.8s 229 confidence max(chain_probs): q10=1.0000, q50=1.0000, q90=1.0000
816.8s 230 true 0 -> pred {0: 409691}
816.8s 231 Metrics -> train_loss=0.5280, test_loss=0.0780, accuracy=98.84%, f1=49.56%, precision=49.58%, recall=49.53%, AF=N/A (final round only)
816.8s 232 💾 Round checkpoint saved: ./results_incremental_nice_20260518_172746/checkpoint_task_0_round_9.pt
816.8s 233 🔁 ROUND 10/19 [phase]
816.8s 234 
816.8s 235 NICE: Training 50 clients on 2 GPU(s)
832.4s 236 [GPU 0] NICE: 25 clients done in 15.5s
837.9s 237 [GPU 1] NICE: 25 clients done in 21.0s
837.9s 238 NICE loss: 0.5487 (21.1s)
837.9s 239 conv1: young=3, learner=61, mature=0
837.9s 240 fc1: young=150, learner=106, mature=0
837.9s 241 fc2: young=28, learner=6, mature=0
892.8s 242 
892.8s 243 NICE context detector debug:
892.8s 244 route_acc=100.00%
892.8s 245 true episode counts: {0: 409691}
892.8s 246 pred episode counts: {0: 409691}
892.8s 247 confidence max(chain_probs): q10=1.0000, q50=1.0000, q90=1.0000
892.8s 248 true 0 -> pred {0: 409691}
892.8s 249 Metrics -> train_loss=0.5487, test_loss=0.0759, accuracy=98.85%, f1=49.57%, precision=49.57%, recall=49.56%, AF=N/A (final round only)
892.8s 250 💾 Round checkpoint saved: ./results_incremental_nice_20260518_172746/checkpoint_task_0_round_10.pt
892.8s 251 🔁 ROUND 11/19 [phase]
892.8s 252 
892.8s 253 NICE: Training 50 clients on 2 GPU(s)
908.5s 254 [GPU 0] NICE: 25 clients done in 15.6s
914.0s 255 [GPU 1] NICE: 25 clients done in 21.1s
914.0s 256 NICE loss: 0.5562 (21.2s)
914.0s 257 conv1: young=3, learner=61, mature=0
914.0s 258 fc1: young=150, learner=106, mature=0
914.0s 259 fc2: young=28, learner=6, mature=0
969.0s 260 
969.0s 261 NICE context detector debug:
969.0s 262 route_acc=100.00%
969.0s 263 true episode counts: {0: 409691}
969.0s 264 pred episode counts: {0: 409691}
969.0s 265 confidence max(chain_probs): q10=1.0000, q50=1.0000, q90=1.0000
969.0s 266 true 0 -> pred {0: 409691}
969.0s 267 Metrics -> train_loss=0.5562, test_loss=0.0759, accuracy=98.86%, f1=49.59%, precision=49.61%, recall=49.56%, AF=N/A (final round only)
969.0s 268 💾 Round checkpoint saved: ./results_incremental_nice_20260518_172746/checkpoint_task_0_round_11.pt
969.0s 269 🔁 ROUND 12/19 [phase]
969.0s 270 
969.0s 271 NICE: Training 50 clients on 2 GPU(s)
984.7s 272 [GPU 0] NICE: 25 clients done in 15.6s
989.9s 273 [GPU 1] NICE: 25 clients done in 20.9s
989.9s 274 NICE loss: 0.5446 (21.0s)
989.9s 275 conv1: young=3, learner=61, mature=0
989.9s 276 fc1: young=151, learner=105, mature=0
989.9s 277 fc2: young=28, learner=6, mature=0
1045.3s 278 
1045.3s 279 NICE context detector debug:
1045.3s 280 route_acc=100.00%
1045.3s 281 true episode counts: {0: 409691}
1045.3s 282 pred episode counts: {0: 409691}
1045.3s 283 confidence max(chain_probs): q10=1.0000, q50=1.0000, q90=1.0000
1045.3s 284 true 0 -> pred {0: 409691}
1045.3s 285 Metrics -> train_loss=0.5446, test_loss=0.0754, accuracy=98.86%, f1=49.56%, precision=49.52%, recall=49.60%, AF=N/A (final round only)
1045.3s 286 💾 Round checkpoint saved: ./results_incremental_nice_20260518_172746/checkpoint_task_0_round_12.pt
1045.3s 287 🔁 ROUND 13/19 [phase]
1045.3s 288 
1045.3s 289 NICE: Training 50 clients on 2 GPU(s)
1061.0s 290 [GPU 0] NICE: 25 clients done in 15.6s
1066.5s 291 [GPU 1] NICE: 25 clients done in 21.1s
1066.5s 292 NICE loss: 0.5473 (21.1s)
1066.5s 293 conv1: young=3, learner=61, mature=0
1066.5s 294 fc1: young=151, learner=105, mature=0
1066.5s 295 fc2: young=28, learner=6, mature=0
1121.2s 296 
1121.2s 297 NICE context detector debug:
1121.2s 298 route_acc=100.00%
1121.2s 299 true episode counts: {0: 409691}
1121.2s 300 pred episode counts: {0: 409691}
1121.2s 301 confidence max(chain_probs): q10=1.0000, q50=1.0000, q90=1.0000
1121.2s 302 true 0 -> pred {0: 409691}
1121.2s 303 Metrics -> train_loss=0.5473, test_loss=0.0737, accuracy=98.86%, f1=49.56%, precision=49.51%, recall=49.61%, AF=N/A (final round only)
1121.2s 304 💾 Round checkpoint saved: ./results_incremental_nice_20260518_172746/checkpoint_task_0_round_13.pt
1121.2s 305 🔁 ROUND 14/19 [phase]
1121.2s 306 
1121.2s 307 NICE: Training 50 clients on 2 GPU(s)
1136.7s 308 [GPU 0] NICE: 25 clients done in 15.4s
1142.2s 309 [GPU 1] NICE: 25 clients done in 20.8s
1142.2s 310 NICE loss: 0.5379 (20.9s)
1142.2s 311 conv1: young=3, learner=61, mature=0
1142.2s 312 fc1: young=151, learner=105, mature=0
1142.2s 313 fc2: young=28, learner=6, mature=0
1196.9s 314 
1196.9s 315 NICE context detector debug:
1196.9s 316 route_acc=100.00%
1196.9s 317 true episode counts: {0: 409691}
1196.9s 318 pred episode counts: {0: 409691}
1196.9s 319 confidence max(chain_probs): q10=1.0000, q50=1.0000, q90=1.0000
1196.9s 320 true 0 -> pred {0: 409691}
1196.9s 321 Metrics -> train_loss=0.5379, test_loss=0.0736, accuracy=98.87%, f1=49.58%, precision=49.56%, recall=49.60%, AF=N/A (final round only)
1196.9s 322 💾 Round checkpoint saved: ./results_incremental_nice_20260518_172746/checkpoint_task_0_round_14.pt
1196.9s 323 🔁 ROUND 15/19 [phase]
1196.9s 324 
1196.9s 325 NICE: Training 50 clients on 2 GPU(s)
1212.2s 326 [GPU 0] NICE: 25 clients done in 15.2s
1217.8s 327 [GPU 1] NICE: 25 clients done in 20.7s
1217.8s 328 NICE loss: 0.5388 (20.8s)
1217.8s 329 conv1: young=3, learner=61, mature=0
1217.8s 330 fc1: young=151, learner=105, mature=0
1217.8s 331 fc2: young=28, learner=6, mature=0
1272.6s 332 
1272.6s 333 NICE context detector debug:
1272.6s 334 route_acc=100.00%
1272.6s 335 true episode counts: {0: 409691}
1272.6s 336 pred episode counts: {0: 409691}
1272.6s 337 confidence max(chain_probs): q10=1.0000, q50=1.0000, q90=1.0000
1272.6s 338 true 0 -> pred {0: 409691}
1272.6s 339 Metrics -> train_loss=0.5388, test_loss=0.0752, accuracy=98.86%, f1=49.56%, precision=49.51%, recall=49.62%, AF=N/A (final round only)
1272.6s 340 💾 Round checkpoint saved: ./results_incremental_nice_20260518_172746/checkpoint_task_0_round_15.pt
1272.6s 341 🔁 ROUND 16/19 [phase]
1272.6s 342 
1272.6s 343 NICE: Training 50 clients on 2 GPU(s)
1287.9s 344 [GPU 0] NICE: 25 clients done in 15.3s
1293.3s 345 [GPU 1] NICE: 25 clients done in 20.6s
1293.3s 346 NICE loss: 0.5450 (20.7s)
1293.3s 347 conv1: young=3, learner=61, mature=0
1293.3s 348 fc1: young=151, learner=105, mature=0
1293.3s 349 fc2: young=28, learner=6, mature=0
1348.4s 350 
1348.4s 351 NICE context detector debug:
1348.4s 352 route_acc=100.00%
1348.4s 353 true episode counts: {0: 409691}
1348.4s 354 pred episode counts: {0: 409691}
1348.4s 355 confidence max(chain_probs): q10=1.0000, q50=1.0000, q90=1.0000
1348.4s 356 true 0 -> pred {0: 409691}
1348.4s 357 Metrics -> train_loss=0.5450, test_loss=0.0752, accuracy=98.87%, f1=49.58%, precision=49.56%, recall=49.60%, AF=N/A (final round only)
1348.4s 358 💾 Round checkpoint saved: ./results_incremental_nice_20260518_172746/checkpoint_task_0_round_16.pt
1348.4s 359 🔁 ROUND 17/19 [phase]
1348.4s 360 
1348.4s 361 NICE: Training 50 clients on 2 GPU(s)
1364.1s 362 [GPU 0] NICE: 25 clients done in 15.6s
1369.6s 363 [GPU 1] NICE: 25 clients done in 21.1s
1369.6s 364 NICE loss: 0.5602 (21.2s)
1369.6s 365 conv1: young=3, learner=61, mature=0
1369.6s 366 fc1: young=151, learner=105, mature=0
1369.6s 367 fc2: young=28, learner=6, mature=0
1424.1s 368 
1424.1s 369 NICE context detector debug:
1424.1s 370 route_acc=100.00%
1424.1s 371 true episode counts: {0: 409691}
1424.1s 372 pred episode counts: {0: 409691}
1424.1s 373 confidence max(chain_probs): q10=1.0000, q50=1.0000, q90=1.0000
1424.1s 374 true 0 -> pred {0: 409691}
1424.1s 375 Metrics -> train_loss=0.5602, test_loss=0.0764, accuracy=98.88%, f1=49.58%, precision=49.56%, recall=49.61%, AF=N/A (final round only)
1424.1s 376 💾 Round checkpoint saved: ./results_incremental_nice_20260518_172746/checkpoint_task_0_round_17.pt
1424.1s 377 🔁 ROUND 18/19 [phase]
1424.1s 378 
1424.1s 379 NICE: Training 50 clients on 2 GPU(s)
1439.7s 380 [GPU 0] NICE: 25 clients done in 15.5s
1445.2s 381 [GPU 1] NICE: 25 clients done in 20.9s
1445.2s 382 NICE loss: 0.5678 (21.0s)
1445.2s 383 conv1: young=3, learner=61, mature=0
1445.2s 384 fc1: young=151, learner=105, mature=0
1445.2s 385 fc2: young=28, learner=6, mature=0
1499.3s 386 
1499.3s 387 NICE context detector debug:
1499.3s 388 route_acc=100.00%
1499.3s 389 true episode counts: {0: 409691}
1499.3s 390 pred episode counts: {0: 409691}
1499.3s 391 confidence max(chain_probs): q10=1.0000, q50=1.0000, q90=1.0000
1499.3s 392 true 0 -> pred {0: 409691}
1499.3s 393 Metrics -> train_loss=0.5678, test_loss=0.0762, accuracy=98.88%, f1=49.57%, precision=49.52%, recall=49.63%, AF=N/A (final round only)
1499.3s 394 💾 Round checkpoint saved: ./results_incremental_nice_20260518_172746/checkpoint_task_0_round_18.pt
1499.3s 395 🔁 ROUND 19/19 [phase]
1499.3s 396 
1499.3s 397 NICE: Training 50 clients on 2 GPU(s)
1515.3s 398 [GPU 0] NICE: 25 clients done in 15.9s
1520.8s 399 [GPU 1] NICE: 25 clients done in 21.4s
1520.8s 400 NICE loss: 0.5728 (21.4s)
1520.8s 401 conv1: young=3, learner=61, mature=0
1520.8s 402 fc1: young=151, learner=105, mature=0
1520.8s 403 fc2: young=28, learner=6, mature=0
1575.0s 404 
1575.0s 405 NICE context detector debug:
1575.0s 406 route_acc=100.00%
1575.0s 407 true episode counts: {0: 409691}
1575.0s 408 pred episode counts: {0: 409691}
1575.0s 409 confidence max(chain_probs): q10=1.0000, q50=1.0000, q90=1.0000
1575.0s 410 true 0 -> pred {0: 409691}
1575.0s 411 🔍 Computing Forgetting...
1629.7s 412 
1629.7s 413 NICE context detector debug:
1629.7s 414 route_acc=100.00%
1629.7s 415 true episode counts: {0: 409691}
1629.7s 416 pred episode counts: {0: 409691}
1629.7s 417 confidence max(chain_probs): q10=1.0000, q50=1.0000, q90=1.0000
1629.7s 418 true 0 -> pred {0: 409691}
1629.7s 419 Avg Forgetting: 0.00%
1629.7s 420 Metrics -> train_loss=0.5728, test_loss=0.0753, accuracy=98.89%, f1=49.59%, precision=49.55%, recall=49.63%, AF=0.00%
1629.7s 421 💾 Round checkpoint saved: ./results_incremental_nice_20260518_172746/checkpoint_task_0_round_19.pt
1629.7s 422 
1629.7s 423 NICE end_task(0):
1629.7s 424 Context detector: 0 models trained
1629.7s 425 conv1: young=3, learner=0, mature=61
1629.7s 426 conv2: young=20, learner=0, mature=108
1629.7s 427 conv3: young=26, learner=0, mature=230
1629.7s 428 gru: young=17, learner=0, mature=83
1629.7s 429 fc1: young=151, learner=0, mature=105
1629.7s 430 fc2: young=28, learner=0, mature=6
1629.7s 431 
1629.7s 432 📊 Evaluation:
1684.3s 433 
1684.3s 434 NICE context detector debug:
1684.3s 435 route_acc=100.00%
1684.3s 436 true episode counts: {0: 409691}
1684.3s 437 pred episode counts: {0: 409691}
1684.3s 438 confidence max(chain_probs): q10=1.0000, q50=1.0000, q90=1.0000
1684.3s 439 true 0 -> pred {0: 409691}
1684.3s 440 ✅ Task summary -> accuracy=98.89%, f1=49.59%, precision=49.55%, recall=49.63%
1684.3s 441 
1684.3s 442 🎨 Visualization & Debugging:
1684.5s 443 🔍 Unique predicted classes: [np.int64(1), np.int64(4), np.int64(5), np.int64(19)]
1684.5s 444 DEBUG[2]: Output layer weight norms per class:
1684.5s 445 Class 0: 0.0807
1684.5s 446 Class 1: 0.1381
1684.5s 447 Class 2: 0.0877
1684.5s 448 Class 3: 0.1194
1684.5s 449 Class 4: 0.2691
1684.5s 450 Class 5: 0.3011
1684.5s 451 DEBUG[7]: Mean prediction probability per class:
1684.5s 452 Class 0: 0.000335
1684.5s 453 Class 1: 0.598224
1684.5s 454 Class 2: 0.000516
1684.5s 455 Class 3: 0.000049
1684.5s 456 Class 4: 0.150130
1684.5s 457 Class 5: 0.011944
1684.6s 458 /tmp/FL_IL_IDS/fed_learning/visualization/metrics.py:54: RuntimeWarning: invalid value encountered in divide
1684.6s 459 cm = cm.astype('float') / cm.sum(axis=1)[:, np.newaxis]
1684.6s 460 
1684.6s 461 /tmp/FL_IL_IDS/fed_learning/visualization/metrics.py:54: RuntimeWarning: invalid value encountered in divide
1684.6s 462 cm = cm.astype('float') / cm.sum(axis=1)[:, np.newaxis]
1686.5s 463 📊 Saved: ./results_incremental_nice_20260518_172746/plots/task_0/confusion_matrix.png & ./results_incremental_nice_20260518_172746/plots/task_0/confusion_matrix.pdf
1687.3s 464 📊 Saved: ./results_incremental_nice_20260518_172746/plots/task_0/per_class_metrics.png & ./results_incremental_nice_20260518_172746/plots/task_0/per_class_metrics.pdf
1687.3s 465 📸 Saved plots to ./results_incremental_nice_20260518_172746/plots/task_0
1687.3s 466 🔍 Computing Forgetting...
1742.2s 467 
1742.2s 468 NICE context detector debug:
1742.2s 469 route_acc=100.00%
1742.2s 470 true episode counts: {0: 409691}
1742.2s 471 pred episode counts: {0: 409691}
1742.2s 472 confidence max(chain_probs): q10=1.0000, q50=1.0000, q90=1.0000
1742.2s 473 true 0 -> pred {0: 409691}
1742.2s 474 Avg Forgetting: 0.00%
1742.2s 475 💾 Checkpoint saved: ./results_incremental_nice_20260518_172746/checkpoint_task_0.pt
1742.2s 476 
1742.2s 477 📊 Generating FCIL Visualization Report...
1742.7s 478 📊 Saved: ./results_incremental_nice_20260518_172746/fcil_plots/task_accuracy_heatmap.png & ./results_incremental_nice_20260518_172746/fcil_plots/task_accuracy_heatmap.pdf
1742.9s 479 📊 Saved: ./results_incremental_nice_20260518_172746/fcil_plots/incremental_accuracy.png & ./results_incremental_nice_20260518_172746/fcil_plots/incremental_accuracy.pdf
1742.9s 480 
1742.9s 481 📈 FCIL Metrics:
1742.9s 482 • Final AIA: 98.89%
1742.9s 483 • Avg Forgetting: N/A
1742.9s 484 ✅ FCIL report saved to: ./results_incremental_nice_20260518_172746/fcil_plots
1742.9s 485 
1742.9s 486 ================================================================================
1742.9s 487 📚 TASK 1/5
1742.9s 488 ================================================================================
1757.4s 489 Clients with data: 60
1759.0s 490 Restored neuron ages from previous task
1759.0s 491 
1759.0s 492 📌 Task 1: classes [6, 7, 8, 9, 10, 11]
1759.0s 493 Total seen classes: 12
1759.0s 494 NICE: Task 1 | new classes: [6, 7, 8, 9, 10, 11]
1759.0s 495 NICE: Output neuron ages (fc2): learner=6, mature=6, young=22
1759.0s 496 
1759.0s 497 🎯 Training on 6 new classes...
1759.0s 498 
1759.0s 499 === NICE Training (20 phases) ===
1759.0s 500 NICE local schedule: 20 phases x 1 epochs = 20 local epochs/client
1759.0s 501 🔁 ROUND 0/19 [phase]
1759.0s 502 
1759.0s 503 NICE: Training 60 clients on 2 GPU(s)
1878.0s 504 [GPU 0] NICE: 30 clients done in 119.0s
1901.0s 505 [GPU 1] NICE: 30 clients done in 141.9s
1901.0s 506 NICE loss: 2.5707 (142.0s)
1901.0s 507 conv1: young=0, learner=3, mature=61
1901.0s 508 fc1: young=0, learner=151, mature=105
1901.0s 509 fc2: young=22, learner=6, mature=6
2886.4s 510 
2886.4s 511 NICE context detector debug:
2886.4s 512 route_acc=99.67%
2886.4s 513 true episode counts: {0: 409691, 1: 5576297}
2886.4s 514 pred episode counts: {0: 423342, 1: 5562646}
2886.4s 515 confidence max(chain_probs): q10=0.9939, q50=0.9991, q90=0.9998
2886.6s 516 true 0 -> pred {0: 406770, 1: 2921}
2886.6s 517 true 1 -> pred {0: 16572, 1: 5559725}
2888.8s 518 Metrics -> train_loss=2.5707, test_loss=3.0284, accuracy=98.33%, f1=61.69%, precision=60.23%, recall=64.22%, AF=N/A (final round only)
2888.8s 519 💾 Round checkpoint saved: ./results_incremental_nice_20260518_172746/checkpoint_task_1_round_0.pt
2888.8s 520 🔁 ROUND 1/19 [phase]
2888.8s 521 
2888.8s 522 NICE: Training 60 clients on 2 GPU(s)
3010.7s 523 [GPU 0] NICE: 30 clients done in 121.9s
3033.0s 524 [GPU 1] NICE: 30 clients done in 144.2s
3033.0s 525 NICE loss: 0.1767 (144.3s)
3033.0s 526 conv1: young=0, learner=3, mature=61
3033.0s 527 fc1: young=129, learner=22, mature=105
3033.0s 528 fc2: young=22, learner=6, mature=6
4015.5s 529 
4015.5s 530 NICE context detector debug:
4015.5s 531 route_acc=99.77%
4015.5s 532 true episode counts: {0: 409691, 1: 5576297}
4015.5s 533 pred episode counts: {0: 414877, 1: 5571111}
4015.5s 534 confidence max(chain_probs): q10=0.9956, q50=0.9993, q90=0.9998
4015.5s 535 true 0 -> pred {0: 405440, 1: 4251}
4015.7s 536 true 1 -> pred {0: 9437, 1: 5566860}
4017.7s 537 Metrics -> train_loss=0.1767, test_loss=1.1380, accuracy=99.37%, f1=62.86%, precision=62.17%, recall=63.64%, AF=N/A (final round only)
4017.7s 538 💾 Round checkpoint saved: ./results_incremental_nice_20260518_172746/checkpoint_task_1_round_1.pt
4017.7s 539 🔁 ROUND 2/19 [phase]
4017.7s 540 
4017.7s 541 NICE: Training 60 clients on 2 GPU(s)
4138.9s 542 [GPU 0] NICE: 30 clients done in 121.2s
4161.4s 543 [GPU 1] NICE: 30 clients done in 143.6s
4161.4s 544 NICE loss: 0.0488 (143.7s)
4161.4s 545 conv1: young=0, learner=3, mature=61
4161.4s 546 fc1: young=129, learner=22, mature=105
4161.4s 547 fc2: young=22, learner=6, mature=6
5138.8s 548 
5138.8s 549 NICE context detector debug:
5138.8s 550 route_acc=99.74%
5138.8s 551 true episode counts: {0: 409691, 1: 5576297}
5138.8s 552 pred episode counts: {0: 415793, 1: 5570195}
5138.8s 553 confidence max(chain_probs): q10=0.9958, q50=0.9991, q90=0.9998
5138.8s 554 true 0 -> pred {0: 404877, 1: 4814}
5139.0s 555 true 1 -> pred {0: 10916, 1: 5565381}
5141.1s 556 Metrics -> train_loss=0.0488, test_loss=0.6399, accuracy=99.39%, f1=62.71%, precision=64.95%, recall=63.16%, AF=N/A (final round only)
5141.1s 557 💾 Round checkpoint saved: ./results_incremental_nice_20260518_172746/checkpoint_task_1_round_2.pt
5141.1s 558 🔁 ROUND 3/19 [phase]
5141.1s 559 
5141.1s 560 NICE: Training 60 clients on 2 GPU(s)
5262.7s 561 [GPU 0] NICE: 30 clients done in 121.5s
5285.3s 562 [GPU 1] NICE: 30 clients done in 144.1s
5285.3s 563 NICE loss: 0.0254 (144.2s)
5285.3s 564 conv1: young=0, learner=3, mature=61
5285.3s 565 fc1: young=129, learner=22, mature=105
5285.3s 566 fc2: young=22, learner=6, mature=6
6267.9s 567 
6267.9s 568 NICE context detector debug:
6267.9s 569 route_acc=99.74%
6267.9s 570 true episode counts: {0: 409691, 1: 5576297}
6267.9s 571 pred episode counts: {0: 415040, 1: 5570948}
6267.9s 572 confidence max(chain_probs): q10=0.9961, q50=0.9992, q90=0.9998
6268.1s 573 true 0 -> pred {0: 404642, 1: 5049}
6268.1s 574 true 1 -> pred {0: 10398, 1: 5565899}
6270.2s 575 Metrics -> train_loss=0.0254, test_loss=0.4823, accuracy=99.42%, f1=63.72%, precision=65.99%, recall=63.46%, AF=N/A (final round only)
6270.2s 576 💾 Round checkpoint saved: ./results_incremental_nice_20260518_172746/checkpoint_task_1_round_3.pt
6270.2s 577 🔁 ROUND 4/19 [phase]
6270.2s 578 
6270.2s 579 NICE: Training 60 clients on 2 GPU(s)
6391.1s 580 [GPU 0] NICE: 30 clients done in 120.9s
6413.4s 581 [GPU 1] NICE: 30 clients done in 143.1s
6413.4s 582 NICE loss: 0.0175 (143.2s)
6413.4s 583 conv1: young=0, learner=3, mature=61
6413.4s 584 fc1: young=130, learner=21, mature=105
6413.4s 585 fc2: young=22, learner=6, mature=6
7400.9s 586 
7400.9s 587 NICE context detector debug:
7400.9s 588 route_acc=99.73%
7400.9s 589 true episode counts: {0: 409691, 1: 5576297}
7400.9s 590 pred episode counts: {0: 418132, 1: 5567856}
7400.9s 591 confidence max(chain_probs): q10=0.9967, q50=0.9994, q90=0.9998
7400.9s 592 true 0 -> pred {0: 405900, 1: 3791}
7401.2s 593 true 1 -> pred {0: 12232, 1: 5564065}
7403.3s 594 Metrics -> train_loss=0.0175, test_loss=0.4691, accuracy=99.44%, f1=64.85%, precision=65.87%, recall=65.33%, AF=N/A (final round only)
7403.3s 595 💾 Round checkpoint saved: ./results_incremental_nice_20260518_172746/checkpoint_task_1_round_4.pt
7403.3s 596 🔁 ROUND 5/19 [phase]
7403.3s 597 
7403.3s 598 NICE: Training 60 clients on 2 GPU(s)
7524.5s 599 [GPU 0] NICE: 30 clients done in 121.2s
7547.4s 600 [GPU 1] NICE: 30 clients done in 144.1s
7547.4s 601 NICE loss: 0.0149 (144.2s)
7547.4s 602 conv1: young=0, learner=3, mature=61
7547.4s 603 fc1: young=130, learner=21, mature=105
7547.4s 604 fc2: young=22, learner=6, mature=6
8533.8s 605 
8533.8s 606 NICE context detector debug:
8533.8s 607 route_acc=99.77%
8533.8s 608 true episode counts: {0: 409691, 1: 5576297}
8533.8s 609 pred episode counts: {0: 409778, 1: 5576210}
8533.8s 610 confidence max(chain_probs): q10=0.9960, q50=0.9992, q90=0.9999
8534.0s 611 true 0 -> pred {0: 402986, 1: 6705}
8534.0s 612 true 1 -> pred {0: 6792, 1: 5569505}
8536.1s 613 Metrics -> train_loss=0.0149, test_loss=0.4573, accuracy=99.48%, f1=67.38%, precision=68.52%, recall=66.52%, AF=N/A (final round only)
8536.1s 614 💾 Round checkpoint saved: ./results_incremental_nice_20260518_172746/checkpoint_task_1_round_5.pt
8536.1s 615 🔁 ROUND 6/19 [phase]
8536.1s 616 
8536.1s 617 NICE: Training 60 clients on 2 GPU(s)
8657.5s 618 [GPU 0] NICE: 30 clients done in 121.4s
8680.7s 619 [GPU 1] NICE: 30 clients done in 144.5s
8680.7s 620 NICE loss: 0.0134 (144.6s)
8680.7s 621 conv1: young=0, learner=3, mature=61
8680.7s 622 fc1: young=130, learner=21, mature=105
8680.7s 623 fc2: young=22, learner=6, mature=6
9670.7s 624 
9670.7s 625 NICE context detector debug:
9670.7s 626 route_acc=99.73%
9670.7s 627 true episode counts: {0: 409691, 1: 5576297}
9670.7s 628 pred episode counts: {0: 414237, 1: 5571751}
9670.7s 629 confidence max(chain_probs): q10=0.9961, q50=0.9993, q90=0.9999
9670.7s 630 true 0 -> pred {0: 404026, 1: 5665}
9670.9s 631 true 1 -> pred {0: 10211, 1: 5566086}
9672.9s 632 Metrics -> train_loss=0.0134, test_loss=0.4994, accuracy=99.42%, f1=67.22%, precision=67.54%, recall=66.99%, AF=N/A (final round only)
9672.9s 633 💾 Round checkpoint saved: ./results_incremental_nice_20260518_172746/checkpoint_task_1_round_6.pt
9672.9s 634 🔁 ROUND 7/19 [phase]
9672.9s 635 
9672.9s 636 NICE: Training 60 clients on 2 GPU(s)
9794.1s 637 [GPU 0] NICE: 30 clients done in 121.2s
9816.4s 638 [GPU 1] NICE: 30 clients done in 143.5s
9816.4s 639 NICE loss: 0.0122 (143.6s)
9816.4s 640 conv1: young=0, learner=3, mature=61
9816.4s 641 fc1: young=130, learner=21, mature=105
9816.4s 642 fc2: young=22, learner=6, mature=6
10795.4s 643 
10795.4s 644 NICE context detector debug:
10795.4s 645 route_acc=99.72%
10795.4s 646 true episode counts: {0: 409691, 1: 5576297}
10795.4s 647 pred episode counts: {0: 406342, 1: 5579646}
10795.4s 648 confidence max(chain_probs): q10=0.9965, q50=0.9991, q90=0.9998
10795.6s 649 true 0 -> pred {0: 399652, 1: 10039}
10795.6s 650 true 1 -> pred {0: 6690, 1: 5569607}
10797.6s 651 Metrics -> train_loss=0.0122, test_loss=0.5444, accuracy=99.38%, f1=66.43%, precision=67.22%, recall=65.92%, AF=N/A (final round only)
10797.6s 652 💾 Round checkpoint saved: ./results_incremental_nice_20260518_172746/checkpoint_task_1_round_7.pt
10797.6s 653 🔁 ROUND 8/19 [phase]
10797.6s 654 
10797.6s 655 NICE: Training 60 clients on 2 GPU(s)
10918.1s 656 [GPU 0] NICE: 30 clients done in 120.4s
10940.7s 657 [GPU 1] NICE: 30 clients done in 143.0s
10940.7s 658 NICE loss: 0.0117 (143.1s)
10940.7s 659 conv1: young=0, learner=3, mature=61
10940.7s 660 fc1: young=130, learner=21, mature=105
10940.7s 661 fc2: young=22, learner=6, mature=6
11917.9s 662 
11917.9s 663 NICE context detector debug:
11917.9s 664 route_acc=99.71%
11917.9s 665 true episode counts: {0: 409691, 1: 5576297}
11917.9s 666 pred episode counts: {0: 414552, 1: 5571436}
11917.9s 667 confidence max(chain_probs): q10=0.9970, q50=0.9993, q90=0.9998
11917.9s 668 true 0 -> pred {0: 403464, 1: 6227}
11918.1s 669 true 1 -> pred {0: 11088, 1: 5565209}
11920.1s 670 Metrics -> train_loss=0.0117, test_loss=0.4854, accuracy=99.38%, f1=66.19%, precision=66.08%, recall=66.30%, AF=N/A (final round only)
11920.1s 671 💾 Round checkpoint saved: ./results_incremental_nice_20260518_172746/checkpoint_task_1_round_8.pt
11920.1s 672 🔁 ROUND 9/19 [phase]
11920.1s 673 
11920.1s 674 NICE: Training 60 clients on 2 GPU(s)
12040.9s 675 [GPU 0] NICE: 30 clients done in 120.8s
12063.2s 676 [GPU 1] NICE: 30 clients done in 143.0s
12063.2s 677 NICE loss: 0.0115 (143.1s)
12063.2s 678 conv1: young=0, learner=3, mature=61
12063.2s 679 fc1: young=130, learner=21, mature=105
12063.2s 680 fc2: young=22, learner=6, mature=6
13026.4s 681 
13026.4s 682 NICE context detector debug:
13026.4s 683 route_acc=99.76%
13026.4s 684 true episode counts: {0: 409691, 1: 5576297}
13026.4s 685 pred episode counts: {0: 409703, 1: 5576285}
13026.4s 686 confidence max(chain_probs): q10=0.9972, q50=0.9996, q90=0.9999
13026.4s 687 true 0 -> pred {0: 402455, 1: 7236}
13026.6s 688 true 1 -> pred {0: 7248, 1: 5569049}
13028.6s 689 Metrics -> train_loss=0.0115, test_loss=0.5295, accuracy=99.40%, f1=66.39%, precision=67.21%, recall=65.93%, AF=N/A (final round only)
13028.6s 690 💾 Round checkpoint saved: ./results_incremental_nice_20260518_172746/checkpoint_task_1_round_9.pt
13028.6s 691 🔁 ROUND 10/19 [phase]
13028.6s 692 
13028.6s 693 NICE: Training 60 clients on 2 GPU(s)
13149.4s 694 [GPU 0] NICE: 30 clients done in 120.7s
13171.6s 695 [GPU 1] NICE: 30 clients done in 142.9s
13171.6s 696 NICE loss: 0.0109 (143.0s)
13171.6s 697 conv1: young=0, learner=3, mature=61
13171.6s 698 fc1: young=130, learner=21, mature=105
13171.6s 699 fc2: young=22, learner=6, mature=6
14149.2s 700 
14149.2s 701 NICE context detector debug:
14149.2s 702 route_acc=99.76%
14149.2s 703 true episode counts: {0: 409691, 1: 5576297}
14149.2s 704 pred episode counts: {0: 408697, 1: 5577291}
14149.2s 705 confidence max(chain_probs): q10=0.9965, q50=0.9994, q90=0.9997
14149.2s 706 true 0 -> pred {0: 402114, 1: 7577}
14149.4s 707 true 1 -> pred {0: 6583, 1: 5569714}
14151.5s 708 Metrics -> train_loss=0.0109, test_loss=0.5148, accuracy=99.41%, f1=66.63%, precision=67.64%, recall=66.08%, AF=N/A (final round only)
14151.5s 709 💾 Round checkpoint saved: ./results_incremental_nice_20260518_172746/checkpoint_task_1_round_10.pt
14151.5s 710 🔁 ROUND 11/19 [phase]
14151.5s 711 
14151.5s 712 NICE: Training 60 clients on 2 GPU(s)
14272.3s 713 [GPU 0] NICE: 30 clients done in 120.8s
14294.4s 714 [GPU 1] NICE: 30 clients done in 142.9s
14294.4s 715 NICE loss: 0.0105 (143.0s)
14294.4s 716 conv1: young=0, learner=3, mature=61
14294.4s 717 fc1: young=130, learner=21, mature=105
14294.4s 718 fc2: young=22, learner=6, mature=6
15271.0s 719 
15271.0s 720 NICE context detector debug:
15271.0s 721 route_acc=99.73%
15271.0s 722 true episode counts: {0: 409691, 1: 5576297}
15271.0s 723 pred episode counts: {0: 405338, 1: 5580650}
15271.0s 724 confidence max(chain_probs): q10=0.9952, q50=0.9992, q90=0.9998
15271.0s 725 true 0 -> pred {0: 399531, 1: 10160}
15271.2s 726 true 1 -> pred {0: 5807, 1: 5570490}
15273.2s 727 Metrics -> train_loss=0.0105, test_loss=0.5449, accuracy=99.36%, f1=67.28%, precision=68.84%, recall=66.49%, AF=N/A (final round only)
15273.2s 728 💾 Round checkpoint saved: ./results_incremental_nice_20260518_172746/checkpoint_task_1_round_11.pt
15273.2s 729 🔁 ROUND 12/19 [phase]
15273.2s 730 
15273.2s 731 NICE: Training 60 clients on 2 GPU(s)
15393.9s 732 [GPU 0] NICE: 30 clients done in 120.6s
15416.2s 733 [GPU 1] NICE: 30 clients done in 142.9s
15416.2s 734 NICE loss: 0.0109 (143.0s)
15416.2s 735 conv1: young=0, learner=3, mature=61
15416.2s 736 fc1: young=130, learner=21, mature=105
15416.2s 737 fc2: young=22, learner=6, mature=6
16374.0s 738 
16374.0s 739 NICE context detector debug:
16374.0s 740 route_acc=99.77%
16374.0s 741 true episode counts: {0: 409691, 1: 5576297}
16374.0s 742 pred episode counts: {0: 405870, 1: 5580118}
16374.0s 743 confidence max(chain_probs): q10=0.9940, q50=0.9986, q90=0.9998
16374.2s 744 true 0 -> pred {0: 400953, 1: 8738}
16374.2s 745 true 1 -> pred {0: 4917, 1: 5571380}
16376.2s 746 Metrics -> train_loss=0.0109, test_loss=0.5803, accuracy=99.38%, f1=67.12%, precision=67.99%, recall=66.60%, AF=N/A (final round only)
16376.2s 747 💾 Round checkpoint saved: ./results_incremental_nice_20260518_172746/checkpoint_task_1_round_12.pt
16376.2s 748 🔁 ROUND 13/19 [phase]
16376.2s 749 
16376.2s 750 NICE: Training 60 clients on 2 GPU(s)
16497.0s 751 [GPU 0] NICE: 30 clients done in 120.7s
16519.0s 752 [GPU 1] NICE: 30 clients done in 142.8s
16519.0s 753 NICE loss: 0.0106 (142.9s)
16519.0s 754 conv1: young=0, learner=3, mature=61
16519.0s 755 fc1: young=130, learner=21, mature=105
16519.0s 756 fc2: young=22, learner=6, mature=6
17496.3s 757 
17496.3s 758 NICE context detector debug:
17496.3s 759 route_acc=99.80%
17496.3s 760 true episode counts: {0: 409691, 1: 5576297}
17496.3s 761 pred episode counts: {0: 407932, 1: 5578056}
17496.3s 762 confidence max(chain_probs): q10=0.9950, q50=0.9991, q90=0.9997
17496.3s 763 true 0 -> pred {0: 402801, 1: 6890}
17496.5s 764 true 1 -> pred {0: 5131, 1: 5571166}
17498.6s 765 Metrics -> train_loss=0.0106, test_loss=0.5506, accuracy=99.42%, f1=67.37%, precision=68.38%, recall=66.67%, AF=N/A (final round only)
17498.6s 766 💾 Round checkpoint saved: ./results_incremental_nice_20260518_172746/checkpoint_task_1_round_13.pt
17498.6s 767 🔁 ROUND 14/19 [phase]
17498.6s 768 
17498.6s 769 NICE: Training 60 clients on 2 GPU(s)
17619.6s 770 [GPU 0] NICE: 30 clients done in 121.0s
17642.5s 771 [GPU 1] NICE: 30 clients done in 143.9s
17642.5s 772 NICE loss: 0.0104 (144.0s)
17642.5s 773 conv1: young=0, learner=3, mature=61
17642.5s 774 fc1: young=130, learner=21, mature=105
17642.5s 775 fc2: young=22, learner=6, mature=6
18629.6s 776 
18629.6s 777 NICE context detector debug:
18629.6s 778 route_acc=99.77%
18629.6s 779 true episode counts: {0: 409691, 1: 5576297}
18629.6s 780 pred episode counts: {0: 407502, 1: 5578486}
18629.6s 781 confidence max(chain_probs): q10=0.9936, q50=0.9992, q90=0.9999
18629.8s 782 true 0 -> pred {0: 401676, 1: 8015}
18629.8s 783 true 1 -> pred {0: 5826, 1: 5570471}
18631.9s 784 Metrics -> train_loss=0.0104, test_loss=0.6024, accuracy=99.36%, f1=67.73%, precision=68.59%, recall=67.02%, AF=N/A (final round only)
18631.9s 785 💾 Round checkpoint saved: ./results_incremental_nice_20260518_172746/checkpoint_task_1_round_14.pt
18631.9s 786 🔁 ROUND 15/19 [phase]
18631.9s 787 
18631.9s 788 NICE: Training 60 clients on 2 GPU(s)
18752.6s 789 [GPU 0] NICE: 30 clients done in 120.7s
18775.0s 790 [GPU 1] NICE: 30 clients done in 143.0s
18775.0s 791 NICE loss: 0.0099 (143.1s)
18775.0s 792 conv1: young=0, learner=3, mature=61
18775.0s 793 fc1: young=130, learner=21, mature=105
18775.0s 794 fc2: young=22, learner=6, mature=6
19759.0s 795 
19759.0s 796 NICE context detector debug:
19759.0s 797 route_acc=99.80%
19759.0s 798 true episode counts: {0: 409691, 1: 5576297}
19759.0s 799 pred episode counts: {0: 410730, 1: 5575258}
19759.0s 800 confidence max(chain_probs): q10=0.9934, q50=0.9988, q90=0.9997
19759.2s 801 true 0 -> pred {0: 404238, 1: 5453}
19759.2s 802 true 1 -> pred {0: 6492, 1: 5569805}
19761.2s 803 Metrics -> train_loss=0.0099, test_loss=0.6653, accuracy=99.37%, f1=67.58%, precision=68.47%, recall=66.87%, AF=N/A (final round only)
19761.2s 804 💾 Round checkpoint saved: ./results_incremental_nice_20260518_172746/checkpoint_task_1_round_15.pt
19761.2s 805 🔁 ROUND 16/19 [phase]
19761.2s 806 
19761.2s 807 NICE: Training 60 clients on 2 GPU(s)
19882.0s 808 [GPU 0] NICE: 30 clients done in 120.7s
19904.2s 809 [GPU 1] NICE: 30 clients done in 142.9s
19904.2s 810 NICE loss: 0.0099 (143.0s)
19904.2s 811 conv1: young=0, learner=3, mature=61
19904.2s 812 fc1: young=130, learner=21, mature=105
19904.2s 813 fc2: young=22, learner=6, mature=6
20883.3s 814 
20883.3s 815 NICE context detector debug:
20883.3s 816 route_acc=99.82%
20883.3s 817 true episode counts: {0: 409691, 1: 5576297}
20883.3s 818 pred episode counts: {0: 410119, 1: 5575869}
20883.3s 819 confidence max(chain_probs): q10=0.9938, q50=0.9991, q90=0.9997
20883.3s 820 true 0 -> pred {0: 404495, 1: 5196}
20883.6s 821 true 1 -> pred {0: 5624, 1: 5570673}
20885.6s 822 Metrics -> train_loss=0.0099, test_loss=0.7557, accuracy=99.34%, f1=68.22%, precision=69.62%, recall=67.23%, AF=N/A (final round only)
20885.6s 823 💾 Round checkpoint saved: ./results_incremental_nice_20260518_172746/checkpoint_task_1_round_16.pt
20885.6s 824 🔁 ROUND 17/19 [phase]
20885.6s 825 
20885.6s 826 NICE: Training 60 clients on 2 GPU(s)
21006.2s 827 [GPU 0] NICE: 30 clients done in 120.6s
21028.5s 828 [GPU 1] NICE: 30 clients done in 142.9s
21028.5s 829 NICE loss: 0.0096 (143.0s)
21028.5s 830 conv1: young=0, learner=3, mature=61
21028.5s 831 fc1: young=130, learner=21, mature=105
21028.5s 832 fc2: young=22, learner=6, mature=6
22014.7s 833 
22014.7s 834 NICE context detector debug:
22014.7s 835 route_acc=99.80%
22014.7s 836 true episode counts: {0: 409691, 1: 5576297}
22014.7s 837 pred episode counts: {0: 411259, 1: 5574729}
22014.7s 838 confidence max(chain_probs): q10=0.9933, q50=0.9987, q90=0.9996
22014.9s 839 true 0 -> pred {0: 404582, 1: 5109}
22014.9s 840 true 1 -> pred {0: 6677, 1: 5569620}
22017.0s 841 Metrics -> train_loss=0.0096, test_loss=0.7404, accuracy=99.34%, f1=67.63%, precision=68.80%, recall=66.88%, AF=N/A (final round only)
22017.0s 842 💾 Round checkpoint saved: ./results_incremental_nice_20260518_172746/checkpoint_task_1_round_17.pt
22017.0s 843 🔁 ROUND 18/19 [phase]
22017.0s 844 
22017.0s 845 NICE: Training 60 clients on 2 GPU(s)
22137.8s 846 [GPU 0] NICE: 30 clients done in 120.8s
22160.1s 847 [GPU 1] NICE: 30 clients done in 143.0s
22160.1s 848 NICE loss: 0.0102 (143.1s)
22160.1s 849 conv1: young=0, learner=3, mature=61
22160.1s 850 fc1: young=130, learner=21, mature=105
22160.1s 851 fc2: young=22, learner=6, mature=6
23136.3s 852 
23136.3s 853 NICE context detector debug:
23136.3s 854 route_acc=99.83%
23136.3s 855 true episode counts: {0: 409691, 1: 5576297}
23136.3s 856 pred episode counts: {0: 410191, 1: 5575797}
23136.3s 857 confidence max(chain_probs): q10=0.9934, q50=0.9989, q90=0.9997
23136.3s 858 true 0 -> pred {0: 404949, 1: 4742}
23136.5s 859 true 1 -> pred {0: 5242, 1: 5571055}
23138.5s 860 Metrics -> train_loss=0.0102, test_loss=0.7607, accuracy=99.37%, f1=68.57%, precision=70.78%, recall=67.32%, AF=N/A (final round only)
23138.5s 861 💾 Round checkpoint saved: ./results_incremental_nice_20260518_172746/checkpoint_task_1_round_18.pt
23138.5s 862 🔁 ROUND 19/19 [phase]
23138.5s 863 
23138.5s 864 NICE: Training 60 clients on 2 GPU(s)
23259.1s 865 [GPU 0] NICE: 30 clients done in 120.6s
23281.3s 866 [GPU 1] NICE: 30 clients done in 142.8s
23281.3s 867 NICE loss: 0.0099 (142.8s)
23281.3s 868 conv1: young=0, learner=3, mature=61
23281.3s 869 fc1: young=130, learner=21, mature=105
23281.3s 870 fc2: young=22, learner=6, mature=6
24241.5s 871 
24241.5s 872 NICE context detector debug:
24241.5s 873 route_acc=99.76%
24241.5s 874 true episode counts: {0: 409691, 1: 5576297}
24241.5s 875 pred episode counts: {0: 412097, 1: 5573891}
24241.5s 876 confidence max(chain_probs): q10=0.9944, q50=0.9989, q90=0.9996
24241.7s 877 true 0 -> pred {0: 403778, 1: 5913}
24241.7s 878 true 1 -> pred {0: 8319, 1: 5567978}
24243.8s 879 🔍 Computing Forgetting...
24311.3s 880 
24311.3s 881 NICE context detector debug:
24311.3s 882 route_acc=98.56%
24311.3s 883 true episode counts: {0: 409691}
24311.3s 884 pred episode counts: {0: 403778, 1: 5913}
24311.3s 885 confidence max(chain_probs): q10=0.9410, q50=0.9982, q90=0.9999
24311.3s 886 true 0 -> pred {0: 403778, 1: 5913}
25286.1s 887 
25286.1s 888 NICE context detector debug:
25286.1s 889 route_acc=99.76%
25286.1s 890 true episode counts: {0: 409691, 1: 5576297}
25286.1s 891 pred episode counts: {0: 412097, 1: 5573891}
25286.1s 892 confidence max(chain_probs): q10=0.9944, q50=0.9989, q90=0.9996
25286.3s 893 true 0 -> pred {0: 403778, 1: 5913}
25286.3s 894 true 1 -> pred {0: 8319, 1: 5567978}
25288.3s 895 Per-task old accuracy -> T0: current=97.52%, best=98.89%
25288.3s 896 Avg Forgetting: 1.37%
25288.3s 897 Metrics -> train_loss=0.0099, test_loss=0.8165, accuracy=99.26%, f1=67.14%, precision=68.15%, recall=66.40%, AF=1.37%
25288.3s 898 💾 Round checkpoint saved: ./results_incremental_nice_20260518_172746/checkpoint_task_1_round_19.pt
25288.3s 899 
25288.3s 900 NICE end_task(1):
25288.3s 901 Context detector: 1 models trained
25288.3s 902 conv1: young=0, learner=0, mature=64
25288.3s 903 conv2: young=0, learner=0, mature=128
25288.3s 904 conv3: young=2, learner=0, mature=254
25288.3s 905 gru: young=3, learner=0, mature=97
25288.3s 906 fc1: young=130, learner=0, mature=126
25288.3s 907 fc2: young=22, learner=0, mature=12
25288.3s 908 
25288.3s 909 📊 Evaluation:
26270.6s 910 
26270.6s 911 NICE context detector debug:
26270.6s 912 route_acc=99.80%
26270.6s 913 true episode counts: {0: 409691, 1: 5576297}
26270.6s 914 pred episode counts: {0: 411741, 1: 5574247}
26270.6s 915 confidence max(chain_probs): q10=0.9938, q50=0.9989, q90=0.9997
26270.6s 916 true 0 -> pred {0: 404815, 1: 4876}
26270.9s 917 true 1 -> pred {0: 6926, 1: 5569371}
26272.9s 918 ✅ Task summary -> accuracy=99.30%, f1=67.71%, precision=69.01%, recall=66.80%
26272.9s 919 
26272.9s 920 🎨 Visualization & Debugging:
26273.2s 921 🔍 Unique predicted classes: [np.int64(1), np.int64(4), np.int64(5), np.int64(6), np.int64(7), np.int64(8), np.int64(9), np.int64(11), np.int64(19)]
26273.2s 922 DEBUG[2]: Output layer weight norms per class:
26273.2s 923 Class 0: 0.0807
26273.2s 924 Class 1: 0.1381
26273.2s 925 Class 3: 0.1194
26273.2s 926 Class 4: 0.2691
26273.2s 927 Class 5: 0.3011
26273.2s 928 Class 6: 0.3334
26273.2s 929 Class 7: 0.5299
26273.2s 930 Class 8: 0.8520
26273.2s 931 Class 9: 0.4737
26273.2s 932 Class 10: 0.4377
26273.2s 933 Class 11: 0.8398
26273.2s 934 DEBUG[7]: Mean prediction probability per class:
26273.2s 935 Class 0: 0.000229
26273.2s 936 Class 1: 0.046442
26273.2s 937 Class 3: 0.000204
26273.2s 938 Class 4: 0.025715
26273.2s 939 Class 5: 0.073871
26273.2s 940 Class 6: 0.351038
26273.2s 941 Class 7: 0.007796
26273.2s 942 Class 8: 0.002320
26273.2s 943 Class 9: 0.190874
26273.2s 944 Class 10: 0.000089
26273.2s 945 Class 11: 0.149970
26273.2s 946 /tmp/FL_IL_IDS/fed_learning/visualization/metrics.py:54: RuntimeWarning: invalid value encountered in divide
26273.2s 947 cm = cm.astype('float') / cm.sum(axis=1)[:, np.newaxis]
26273.2s 948 
26273.2s 949 /tmp/FL_IL_IDS/fed_learning/visualization/metrics.py:54: RuntimeWarning: invalid value encountered in divide
26273.2s 950 cm = cm.astype('float') / cm.sum(axis=1)[:, np.newaxis]
26274.5s 951 📊 Saved: ./results_incremental_nice_20260518_172746/plots/task_1/confusion_matrix.png & ./results_incremental_nice_20260518_172746/plots/task_1/confusion_matrix.pdf
26275.3s 952 📊 Saved: ./results_incremental_nice_20260518_172746/plots/task_1/per_class_metrics.png & ./results_incremental_nice_20260518_172746/plots/task_1/per_class_metrics.pdf
26275.3s 953 📸 Saved plots to ./results_incremental_nice_20260518_172746/plots/task_1
26275.3s 954 🔍 Computing Forgetting...
26342.0s 955 
26342.0s 956 NICE context detector debug:
26342.0s 957 route_acc=98.81%
26342.0s 958 true episode counts: {0: 409691}
26342.0s 959 pred episode counts: {0: 404815, 1: 4876}
26342.0s 960 confidence max(chain_probs): q10=0.9122, q50=0.9958, q90=0.9998
26342.0s 961 true 0 -> pred {0: 404815, 1: 4876}
27324.8s 962 
27324.8s 963 NICE context detector debug:
27324.8s 964 route_acc=99.80%
27324.8s 965 true episode counts: {0: 409691, 1: 5576297}
27324.8s 966 pred episode counts: {0: 411741, 1: 5574247}
27324.8s 967 confidence max(chain_probs): q10=0.9938, q50=0.9989, q90=0.9997
27324.8s 968 true 0 -> pred {0: 404815, 1: 4876}
27325.0s 969 true 1 -> pred {0: 6926, 1: 5569371}
27327.0s 970 Per-task old accuracy -> T0: current=97.77%, best=98.89%
27327.0s 971 Avg Forgetting: 1.12%
27327.0s 972 💾 Checkpoint saved: ./results_incremental_nice_20260518_172746/checkpoint_task_1.pt
27327.0s 973 
27327.0s 974 📊 Generating FCIL Visualization Report...
27327.4s 975 📊 Saved: ./results_incremental_nice_20260518_172746/fcil_plots/task_accuracy_heatmap.png & ./results_incremental_nice_20260518_172746/fcil_plots/task_accuracy_heatmap.pdf
27327.7s 976 📊 Saved: ./results_incremental_nice_20260518_172746/fcil_plots/incremental_accuracy.png & ./results_incremental_nice_20260518_172746/fcil_plots/incremental_accuracy.pdf
27327.7s 977 
27327.7s 978 📈 FCIL Metrics:
27327.7s 979 • Final AIA: 99.30%
27327.7s 980 • Avg Forgetting: 0.00%
27327.7s 981 ✅ FCIL report saved to: ./results_incremental_nice_20260518_172746/fcil_plots
27327.7s 982 
27327.7s 983 ================================================================================
27327.7s 984 📚 TASK 2/5
27327.7s 985 ================================================================================
27341.3s 986 Clients with data: 70
27343.6s 987 Restored neuron ages from previous task
27343.6s 988 
27343.6s 989 📌 Task 2: classes [12, 13, 14, 15, 16, 17]
27343.6s 990 Total seen classes: 18
27343.6s 991 NICE: Task 2 | new classes: [12, 13, 14, 15, 16, 17]
27343.6s 992 NICE: Output neuron ages (fc2): learner=6, mature=12, young=16
27343.6s 993 
27343.6s 994 🎯 Training on 6 new classes...
27343.6s 995 
27343.6s 996 === NICE Training (20 phases) ===
27343.6s 997 NICE local schedule: 20 phases x 1 epochs = 20 local epochs/client
27343.6s 998 🔁 ROUND 0/19 [phase]
27343.6s 999 
27343.6s 1000 NICE: Training 70 clients on 2 GPU(s)
27425.2s 1001 [GPU 0] NICE: 35 clients done in 81.6s
27455.0s 1002 [GPU 1] NICE: 35 clients done in 111.4s
27455.2s 1003 NICE loss: 4.1342 (111.6s)
27455.2s 1004 conv1: young=0, learner=0, mature=64
27455.2s 1005 fc1: young=0, learner=130, mature=126
27455.2s 1006 fc2: young=16, learner=6, mature=12
29206.0s 1007 
29206.0s 1008 NICE context detector debug:
29206.0s 1009 route_acc=86.43%
29206.0s 1010 true episode counts: {0: 409691, 1: 5576297, 2: 4149643}
29206.0s 1011 pred episode counts: {0: 127754, 1: 4648394, 2: 5359483}
29206.3s 1012 confidence max(chain_probs): q10=0.9188, q50=0.9842, q90=0.9984
29206.3s 1013 true 0 -> pred {0: 116823, 1: 5826, 2: 287042}
29206.3s 1014 true 1 -> pred {0: 3862, 1: 4571729, 2: 1000706}
29206.5s 1015 true 2 -> pred {0: 7069, 1: 70839, 2: 4071735}
29210.4s 1016 Metrics -> train_loss=4.1342, test_loss=1.3284, accuracy=84.62%, f1=48.76%, precision=53.80%, recall=49.85%, AF=N/A (final round only)
29210.4s 1017 💾 Round checkpoint saved: ./results_incremental_nice_20260518_172746/checkpoint_task_2_round_0.pt
29210.4s 1018 🔁 ROUND 1/19 [phase]
29210.4s 1019 
29210.4s 1020 NICE: Training 70 clients on 2 GPU(s)
29293.3s 1021 [GPU 0] NICE: 35 clients done in 82.9s
29323.2s 1022 [GPU 1] NICE: 35 clients done in 112.8s
29323.2s 1023 NICE loss: 1.4803 (113.0s)
29323.2s 1024 conv1: young=0, learner=0, mature=64
29323.2s 1025 fc1: young=125, learner=5, mature=126
29323.2s 1026 fc2: young=16, learner=6, mature=12
31061.4s 1027 
31061.4s 1028 NICE context detector debug:
31061.4s 1029 route_acc=84.09%
31061.4s 1030 true episode counts: {0: 409691, 1: 5576297, 2: 4149643}
31061.4s 1031 pred episode counts: {0: 180496, 1: 4266702, 2: 5688433}
31061.6s 1032 confidence max(chain_probs): q10=0.6846, q50=0.9547, q90=0.9989
31061.6s 1033 true 0 -> pred {0: 165097, 1: 5674, 2: 238920}
31061.6s 1034 true 1 -> pred {0: 5155, 1: 4239739, 2: 1331403}
31061.9s 1035 true 2 -> pred {0: 10244, 1: 21289, 2: 4118110}
31065.9s 1036 Metrics -> train_loss=1.4803, test_loss=0.9532, accuracy=82.21%, f1=48.50%, precision=52.58%, recall=49.96%, AF=N/A (final round only)
31065.9s 1037 💾 Round checkpoint saved: ./results_incremental_nice_20260518_172746/checkpoint_task_2_round_1.pt
31065.9s 1038 🔁 ROUND 2/19 [phase]
31065.9s 1039 
31065.9s 1040 NICE: Training 70 clients on 2 GPU(s)
31149.2s 1041 [GPU 0] NICE: 35 clients done in 83.2s
31178.8s 1042 [GPU 1] NICE: 35 clients done in 112.8s
31178.8s 1043 NICE loss: 0.7491 (113.0s)
31178.8s 1044 conv1: young=0, learner=0, mature=64
31178.8s 1045 fc1: young=125, learner=5, mature=126
31178.8s 1046 fc2: young=16, learner=6, mature=12
32932.3s 1047 
32932.3s 1048 NICE context detector debug:
32932.3s 1049 route_acc=83.48%
32932.3s 1050 true episode counts: {0: 409691, 1: 5576297, 2: 4149643}
32932.3s 1051 pred episode counts: {0: 181075, 1: 4228568, 2: 5725988}
32932.6s 1052 confidence max(chain_probs): q10=0.6829, q50=0.9732, q90=0.9988
32932.6s 1053 true 0 -> pred {0: 159167, 1: 6186, 2: 244338}
32932.6s 1054 true 1 -> pred {0: 9963, 1: 4193505, 2: 1372829}
32932.9s 1055 true 2 -> pred {0: 11945, 1: 28877, 2: 4108821}
32936.8s 1056 Metrics -> train_loss=0.7491, test_loss=1.0506, accuracy=82.62%, f1=53.60%, precision=57.26%, recall=55.65%, AF=N/A (final round only)
32936.8s 1057 💾 Round checkpoint saved: ./results_incremental_nice_20260518_172746/checkpoint_task_2_round_2.pt
32936.8s 1058 🔁 ROUND 3/19 [phase]
32936.8s 1059 
32936.8s 1060 NICE: Training 70 clients on 2 GPU(s)
33019.9s 1061 [GPU 0] NICE: 35 clients done in 83.0s
33050.1s 1062 [GPU 1] NICE: 35 clients done in 113.2s
33050.2s 1063 NICE loss: 0.4779 (113.4s)
33050.2s 1064 conv1: young=0, learner=0, mature=64
33050.2s 1065 fc1: young=125, learner=5, mature=126
33050.2s 1066 fc2: young=16, learner=6, mature=12
34798.6s 1067 
34798.6s 1068 NICE context detector debug:
34798.6s 1069 route_acc=78.64%
34798.6s 1070 true episode counts: {0: 409691, 1: 5576297, 2: 4149643}
34798.6s 1071 pred episode counts: {0: 182974, 1: 3724027, 2: 6228630}
34798.8s 1072 confidence max(chain_probs): q10=0.6241, q50=0.9390, q90=0.9985
34798.8s 1073 true 0 -> pred {0: 165347, 1: 6075, 2: 238269}
34798.8s 1074 true 1 -> pred {0: 8591, 1: 3691424, 2: 1876282}
34799.1s 1075 true 2 -> pred {0: 9036, 1: 26528, 2: 4114079}
34803.0s 1076 Metrics -> train_loss=0.4779, test_loss=1.1847, accuracy=78.10%, f1=52.63%, precision=56.81%, recall=54.27%, AF=N/A (final round only)
34803.0s 1077 💾 Round checkpoint saved: ./results_incremental_nice_20260518_172746/checkpoint_task_2_round_3.pt
34803.0s 1078 🔁 ROUND 4/19 [phase]
34803.0s 1079 
34803.0s 1080 NICE: Training 70 clients on 2 GPU(s)
34885.7s 1081 [GPU 0] NICE: 35 clients done in 82.7s
34915.8s 1082 [GPU 1] NICE: 35 clients done in 112.7s
34915.8s 1083 NICE loss: 0.3704 (112.9s)
34915.8s 1084 conv1: young=0, learner=0, mature=64
34915.8s 1085 fc1: young=125, learner=5, mature=126
34915.8s 1086 fc2: young=16, learner=6, mature=12
36652.3s 1087 
36652.3s 1088 NICE context detector debug:
36652.3s 1089 route_acc=79.30%
36652.3s 1090 true episode counts: {0: 409691, 1: 5576297, 2: 4149643}
36652.3s 1091 pred episode counts: {0: 173486, 1: 3885206, 2: 6076939}
36652.6s 1092 confidence max(chain_probs): q10=0.5896, q50=0.9364, q90=0.9982
36652.6s 1093 true 0 -> pred {0: 141919, 1: 5364, 2: 262408}
36652.6s 1094 true 1 -> pred {0: 20517, 1: 3818696, 2: 1737084}
36652.9s 1095 true 2 -> pred {0: 11050, 1: 61146, 2: 4077447}
36656.8s 1096 Metrics -> train_loss=0.3704, test_loss=1.2606, accuracy=78.80%, f1=51.76%, precision=56.23%, recall=54.60%, AF=N/A (final round only)
36656.8s 1097 💾 Round checkpoint saved: ./results_incremental_nice_20260518_172746/checkpoint_task_2_round_4.pt
36656.8s 1098 🔁 ROUND 5/19 [phase]
36656.8s 1099 
36656.8s 1100 NICE: Training 70 clients on 2 GPU(s)
36739.8s 1101 [GPU 0] NICE: 35 clients done in 83.0s
36769.4s 1102 [GPU 1] NICE: 35 clients done in 112.5s
36769.4s 1103 NICE loss: 0.3201 (112.7s)
36769.4s 1104 conv1: young=0, learner=0, mature=64
36769.4s 1105 fc1: young=125, learner=5, mature=126
36769.4s 1106 fc2: young=16, learner=6, mature=12
38481.1s 1107 
38481.1s 1108 NICE context detector debug:
38481.1s 1109 route_acc=77.07%
38481.1s 1110 true episode counts: {0: 409691, 1: 5576297, 2: 4149643}
38481.1s 1111 pred episode counts: {0: 190437, 1: 3559848, 2: 6385346}
38481.3s 1112 confidence max(chain_probs): q10=0.5631, q50=0.9458, q90=0.9985
38481.3s 1113 true 0 -> pred {0: 159087, 1: 5205, 2: 245399}
38481.3s 1114 true 1 -> pred {0: 18254, 1: 3535141, 2: 2022902}
38481.6s 1115 true 2 -> pred {0: 13096, 1: 19502, 2: 4117045}
38485.5s 1116 Metrics -> train_loss=0.3201, test_loss=1.3677, accuracy=76.59%, f1=51.06%, precision=55.11%, recall=54.11%, AF=N/A (final round only)
38485.5s 1117 💾 Round checkpoint saved: ./results_incremental_nice_20260518_172746/checkpoint_task_2_round_5.pt
38485.5s 1118 🔁 ROUND 6/19 [phase]
38485.5s 1119 
38485.5s 1120 NICE: Training 70 clients on 2 GPU(s)
38568.1s 1121 [GPU 0] NICE: 35 clients done in 82.5s
38598.2s 1122 [GPU 1] NICE: 35 clients done in 112.7s
38598.2s 1123 NICE loss: 0.3073 (112.9s)
38598.2s 1124 conv1: young=0, learner=0, mature=64
38598.2s 1125 fc1: young=125, learner=5, mature=126
38598.2s 1126 fc2: young=16, learner=6, mature=12
40334.8s 1127 
40334.8s 1128 NICE context detector debug:
40334.8s 1129 route_acc=77.65%
40334.8s 1130 true episode counts: {0: 409691, 1: 5576297, 2: 4149643}
40334.8s 1131 pred episode counts: {0: 146245, 1: 3641902, 2: 6347484}
40335.1s 1132 confidence max(chain_probs): q10=0.5608, q50=0.9526, q90=0.9982
40335.1s 1133 true 0 -> pred {0: 122589, 1: 6559, 2: 280543}
40335.1s 1134 true 1 -> pred {0: 14282, 1: 3621331, 2: 1940684}
40335.4s 1135 true 2 -> pred {0: 9374, 1: 14012, 2: 4126257}
40339.3s 1136 Metrics -> train_loss=0.3073, test_loss=1.4326, accuracy=77.16%, f1=50.37%, precision=54.70%, recall=53.27%, AF=N/A (final round only)
40339.3s 1137 💾 Round checkpoint saved: ./results_incremental_nice_20260518_172746/checkpoint_task_2_round_6.pt
40339.3s 1138 🔁 ROUND 7/19 [phase]
40339.3s 1139 
40339.3s 1140 NICE: Training 70 clients on 2 GPU(s)
40421.9s 1141 [GPU 0] NICE: 35 clients done in 82.6s
40451.7s 1142 [GPU 1] NICE: 35 clients done in 112.4s
40451.9s 1143 NICE loss: 0.2898 (112.6s)
40451.9s 1144 conv1: young=0, learner=0, mature=64
40451.9s 1145 fc1: young=125, learner=5, mature=126
40451.9s 1146 fc2: young=16, learner=6, mature=12
42179.2s 1147 
42179.2s 1148 NICE context detector debug:
42179.2s 1149 route_acc=79.72%
42179.2s 1150 true episode counts: {0: 409691, 1: 5576297, 2: 4149643}
42179.2s 1151 pred episode counts: {0: 160464, 1: 3858853, 2: 6116314}
42179.5s 1152 confidence max(chain_probs): q10=0.6033, q50=0.9555, q90=0.9986
42179.5s 1153 true 0 -> pred {0: 137524, 1: 7172, 2: 264995}
42179.5s 1154 true 1 -> pred {0: 14777, 1: 3826622, 2: 1734898}
42179.7s 1155 true 2 -> pred {0: 8163, 1: 25059, 2: 4116421}
42183.7s 1156 Metrics -> train_loss=0.2898, test_loss=1.5220, accuracy=79.20%, f1=51.53%, precision=55.41%, recall=54.47%, AF=N/A (final round only)
42183.7s 1157 💾 Round checkpoint saved: ./results_incremental_nice_20260518_172746/checkpoint_task_2_round_7.pt
42183.7s 1158 🔁 ROUND 8/19 [phase]
42183.7s 1159 
42183.7s 1160 NICE: Training 70 clients on 2 GPU(s)
42266.3s 1161 [GPU 0] NICE: 35 clients done in 82.6s
42296.1s 1162 [GPU 1] NICE: 35 clients done in 112.4s
42296.1s 1163 NICE loss: 0.2736 (112.5s)
42296.1s 1164 conv1: young=0, learner=0, mature=64
42296.1s 1165 fc1: young=125, learner=5, mature=126
42296.1s 1166 fc2: young=16, learner=6, mature=12