7.4s 1 0.00s - Debugger warning: It seems that frozen modules are being used, which may
7.4s 2 0.00s - make the debugger miss breakpoints. Please pass -Xfrozen_modules=off
7.4s 3 0.00s - to python to disable frozen modules.
7.4s 4 0.00s - Note: Debugging will proceed. Set PYDEVD_DISABLE_FILE_VALIDATION=1 to disable this validation.
8.0s 5 0.00s - Debugger warning: It seems that frozen modules are being used, which may
8.0s 6 0.00s - make the debugger miss breakpoints. Please pass -Xfrozen_modules=off
8.0s 7 0.00s - to python to disable frozen modules.
8.0s 8 0.00s - Note: Debugging will proceed. Set PYDEVD_DISABLE_FILE_VALIDATION=1 to disable this validation.
9.2s 9 Cloning into '/tmp/FL_IL_IDS'...
9.3s 10 Cloning from GitHub...
9.4s 11 Cloning into '/tmp/FL_IL_IDS'...
9.4s 12 
9.4s 13 Cloning into '/tmp/FL_IL_IDS'...
12.3s 14 sys.path[0]: /tmp/FL_IL_IDS
18.5s 15 INFO:numexpr.utils:NumExpr defaulting to 4 threads.
18.5s 16 
18.5s 17 INFO:numexpr.utils:NumExpr defaulting to 4 threads.
19.5s 18 INFO:fed_learning.data.incremental_loader:Initialized IncrementalLoader from /kaggle/input/datasets/khoilv2005/100-clients/100-clients
19.5s 19 
19.5s 20 INFO:fed_learning.data.incremental_loader:Initialized IncrementalLoader from /kaggle/input/datasets/khoilv2005/100-clients/100-clients
19.5s 21 INFO:fed_learning.data.incremental_loader:Task structure: 6 tasks found
19.5s 22 
19.5s 23 INFO:fed_learning.data.incremental_loader:Task structure: 6 tasks found
19.6s 24 🌱 Seed set to 42
19.6s 25 
19.6s 26 ================================================================================
19.6s 27 DECENTRALIZED PLEXUS-IL
19.6s 28 ================================================================================
19.9s 29 
19.9s 30 ================================================================================
19.9s 31 TASK 0/5 - Decentralized Plexus-IL
19.9s 32 ================================================================================
34.9s 33 Nodes with current task data: 50
42.6s 34 
42.6s 35 ============================================================
42.6s 36 PLEXUS — Pure Decentralized Training (No Server)
42.6s 37 Rounds: 20, Sample size: 100
42.6s 38 Success fraction: 0.8, Local epochs: 1
42.6s 39 ============================================================
42.6s 40 
42.6s 41 → Round 0: sample=[30, 15, 94, 97, 73, 4, 60, 65, 56, 96, 45, 78, 19, 98, 9, 18, 58, 54, 71, 52, 81, 83, 32, 55, 70, 33, 53, 72, 80, 99, 69, 34, 68, 64, 49, 25, 57, 46, 89, 91, 88, 42, 0, 48, 26, 76, 47, 38, 13, 14], aggregator=33 (bw=127.67)
68.2s 42 Trained 40/50 nodes, threshold=40
68.2s 43 Aggregator 33 aggregated 40 models
150.1s 44 Metrics -> train_loss=2.0639, test_loss=0.5211, accuracy=76.99%, f1=14.50%, precision=12.83%, recall=16.67%, AF=N/A (final round only)
150.1s 45 → Round 1: sample=[38, 97, 52, 76, 70, 26, 98, 56, 18, 13, 96, 99, 73, 88, 53, 54, 65, 81, 48, 78, 68, 4, 80, 57, 60, 34, 94, 15, 47, 42, 14, 89, 46, 25, 9, 49, 91, 55, 33, 64, 58, 0, 69, 45, 30, 72, 71, 19, 83, 32], aggregator=33 (bw=127.67)
169.8s 46 Trained 40/50 nodes, threshold=40
169.8s 47 Aggregator 33 aggregated 40 models
247.5s 48 Metrics -> train_loss=2.4826, test_loss=0.1987, accuracy=96.17%, f1=32.57%, precision=32.49%, recall=32.67%, AF=N/A (final round only)
247.5s 49 → Round 2: sample=[83, 80, 94, 32, 64, 58, 96, 47, 4, 70, 30, 68, 9, 55, 13, 78, 57, 15, 48, 88, 52, 65, 72, 33, 18, 25, 71, 60, 46, 53, 49, 14, 56, 91, 19, 54, 97, 45, 98, 69, 89, 34, 99, 76, 0, 26, 42, 81, 73, 38], aggregator=33 (bw=127.67)
267.5s 50 Trained 40/50 nodes, threshold=40
267.5s 51 Aggregator 33 aggregated 40 models
343.8s 52 Metrics -> train_loss=1.1210, test_loss=0.0973, accuracy=98.38%, f1=48.26%, precision=49.56%, recall=47.17%, AF=N/A (final round only)
343.8s 53 → Round 3: sample=[73, 53, 99, 55, 48, 60, 91, 15, 42, 32, 97, 14, 54, 45, 4, 47, 52, 58, 30, 70, 49, 0, 56, 72, 88, 38, 13, 33, 26, 89, 65, 76, 80, 64, 69, 9, 57, 83, 96, 46, 34, 94, 98, 71, 81, 78, 18, 25, 19, 68], aggregator=33 (bw=127.67)
364.2s 54 Trained 40/50 nodes, threshold=40
364.2s 55 Aggregator 33 aggregated 40 models
440.6s 56 Metrics -> train_loss=0.4429, test_loss=0.0771, accuracy=98.67%, f1=48.99%, precision=49.62%, recall=48.42%, AF=N/A (final round only)
440.6s 57 → Round 4: sample=[54, 89, 42, 96, 34, 56, 32, 81, 18, 38, 47, 25, 83, 97, 14, 19, 99, 9, 98, 76, 15, 70, 55, 4, 94, 52, 80, 57, 60, 13, 69, 30, 45, 33, 64, 72, 68, 49, 78, 46, 0, 73, 53, 58, 48, 91, 65, 26, 88, 71], aggregator=33 (bw=127.67)
460.2s 58 Trained 40/50 nodes, threshold=40
460.2s 59 Aggregator 33 aggregated 40 models
537.0s 60 Metrics -> train_loss=0.6084, test_loss=0.0682, accuracy=98.85%, f1=49.51%, precision=49.64%, recall=49.39%, AF=N/A (final round only)
537.0s 61 💾 Round checkpoint saved: ./results_incremental_plexus_20260520_184850/checkpoint_task_0_round_4.pt
537.0s 62 → Round 5: sample=[91, 18, 34, 30, 65, 69, 49, 76, 55, 83, 52, 13, 72, 42, 99, 33, 73, 54, 48, 25, 4, 97, 94, 56, 57, 70, 89, 96, 15, 64, 78, 46, 38, 88, 26, 14, 98, 45, 68, 32, 80, 9, 0, 53, 58, 19, 81, 60, 47, 71], aggregator=33 (bw=127.67)
558.4s 63 Trained 40/50 nodes, threshold=40
558.4s 64 Aggregator 33 aggregated 40 models
633.6s 65 Metrics -> train_loss=0.5800, test_loss=0.0705, accuracy=98.84%, f1=49.52%, precision=49.56%, recall=49.48%, AF=N/A (final round only)
633.6s 66 → Round 6: sample=[26, 89, 33, 13, 18, 9, 56, 58, 71, 46, 47, 55, 49, 42, 73, 99, 83, 76, 30, 72, 97, 64, 88, 65, 25, 69, 57, 96, 38, 81, 53, 14, 70, 94, 68, 4, 52, 15, 78, 98, 45, 34, 32, 0, 80, 54, 48, 19, 91, 60], aggregator=33 (bw=127.67)
654.3s 67 Trained 40/50 nodes, threshold=40
654.3s 68 Aggregator 33 aggregated 40 models
731.8s 69 Metrics -> train_loss=0.7050, test_loss=0.0664, accuracy=98.87%, f1=49.54%, precision=49.53%, recall=49.56%, AF=N/A (final round only)
731.8s 70 → Round 7: sample=[19, 48, 32, 65, 46, 9, 89, 18, 97, 42, 60, 30, 15, 81, 56, 33, 78, 91, 96, 52, 55, 72, 34, 49, 26, 58, 57, 54, 0, 68, 25, 71, 38, 99, 80, 88, 64, 14, 76, 70, 53, 13, 47, 94, 73, 45, 69, 4, 98, 83], aggregator=33 (bw=127.67)
753.8s 71 Trained 40/50 nodes, threshold=40
753.8s 72 Aggregator 33 aggregated 40 models
832.5s 73 Metrics -> train_loss=0.7170, test_loss=0.0644, accuracy=98.88%, f1=49.54%, precision=49.47%, recall=49.60%, AF=N/A (final round only)
832.5s 74 → Round 8: sample=[98, 60, 26, 88, 80, 52, 18, 33, 89, 64, 58, 19, 76, 71, 13, 30, 72, 9, 32, 47, 83, 38, 99, 53, 15, 56, 4, 94, 57, 55, 42, 65, 81, 68, 91, 54, 0, 96, 45, 78, 70, 73, 25, 14, 97, 48, 49, 34, 46, 69], aggregator=33 (bw=127.67)
851.3s 75 Trained 40/50 nodes, threshold=40
851.3s 76 Aggregator 33 aggregated 40 models
930.5s 77 Metrics -> train_loss=0.4707, test_loss=0.0596, accuracy=98.91%, f1=49.61%, precision=66.26%, recall=49.59%, AF=N/A (final round only)
930.5s 78 → Round 9: sample=[48, 32, 64, 26, 18, 80, 83, 69, 46, 70, 60, 38, 71, 53, 58, 0, 14, 72, 98, 54, 73, 34, 25, 94, 19, 55, 15, 52, 56, 45, 76, 13, 4, 47, 89, 9, 81, 99, 42, 97, 91, 88, 65, 68, 57, 49, 30, 33, 78, 96], aggregator=33 (bw=127.67)
950.5s 79 Trained 40/50 nodes, threshold=40
950.5s 80 Aggregator 33 aggregated 40 models
1031.0s 81 Metrics -> train_loss=0.4202, test_loss=0.0624, accuracy=98.91%, f1=49.59%, precision=49.54%, recall=49.63%, AF=N/A (final round only)
1031.0s 82 💾 Round checkpoint saved: ./results_incremental_plexus_20260520_184850/checkpoint_task_0_round_9.pt
1031.0s 83 → Round 10: sample=[0, 42, 25, 96, 30, 52, 60, 98, 58, 99, 56, 54, 88, 38, 81, 91, 64, 46, 80, 83, 19, 89, 70, 68, 32, 4, 72, 14, 45, 97, 34, 69, 26, 9, 13, 55, 76, 78, 15, 48, 65, 49, 53, 57, 94, 47, 73, 33, 18, 71], aggregator=33 (bw=127.67)
1051.3s 84 Trained 40/50 nodes, threshold=40
1051.3s 85 Aggregator 33 aggregated 40 models
1127.8s 86 Metrics -> train_loss=0.6501, test_loss=0.0612, accuracy=98.91%, f1=49.63%, precision=51.96%, recall=49.65%, AF=N/A (final round only)
1127.8s 87 → Round 11: sample=[49, 78, 57, 60, 88, 91, 89, 25, 64, 33, 42, 4, 72, 0, 97, 80, 65, 69, 53, 38, 70, 48, 15, 96, 94, 19, 83, 68, 32, 14, 73, 58, 13, 45, 46, 9, 52, 81, 98, 76, 99, 47, 26, 55, 54, 56, 71, 30, 18, 34], aggregator=33 (bw=127.67)
1144.9s 88 Trained 40/50 nodes, threshold=40
1144.9s 89 Aggregator 33 aggregated 40 models
1220.2s 90 Metrics -> train_loss=0.6227, test_loss=0.0627, accuracy=98.91%, f1=49.60%, precision=49.57%, recall=49.64%, AF=N/A (final round only)
1220.2s 91 → Round 12: sample=[38, 34, 94, 46, 9, 32, 26, 56, 60, 48, 4, 19, 73, 30, 47, 13, 71, 80, 64, 58, 65, 99, 98, 33, 25, 18, 89, 55, 57, 70, 53, 52, 83, 91, 88, 76, 69, 15, 81, 68, 14, 49, 97, 42, 96, 72, 78, 0, 45, 54], aggregator=33 (bw=127.67)
1239.3s 92 Trained 40/50 nodes, threshold=40
1239.3s 93 Aggregator 33 aggregated 40 models
1317.9s 94 Metrics -> train_loss=0.6379, test_loss=0.0632, accuracy=98.91%, f1=49.62%, precision=51.95%, recall=49.65%, AF=N/A (final round only)
1317.9s 95 → Round 13: sample=[57, 14, 26, 98, 64, 96, 42, 56, 76, 38, 25, 47, 15, 89, 71, 9, 83, 49, 19, 48, 13, 99, 55, 0, 94, 34, 65, 69, 45, 72, 88, 33, 32, 53, 91, 68, 18, 60, 52, 80, 73, 81, 78, 70, 58, 54, 30, 4, 97, 46], aggregator=33 (bw=127.67)
1335.7s 96 Trained 40/50 nodes, threshold=40
1335.7s 97 Aggregator 33 aggregated 40 models
1413.3s 98 Metrics -> train_loss=0.5856, test_loss=0.0593, accuracy=98.91%, f1=51.12%, precision=64.85%, recall=50.60%, AF=N/A (final round only)
1413.3s 99 → Round 14: sample=[76, 4, 64, 48, 97, 14, 70, 81, 26, 53, 55, 47, 56, 65, 58, 13, 33, 54, 94, 73, 60, 15, 45, 69, 57, 0, 42, 88, 18, 34, 91, 38, 52, 49, 30, 78, 19, 99, 68, 80, 96, 71, 83, 25, 98, 32, 72, 9, 89, 46], aggregator=33 (bw=127.67)
1432.7s 100 Trained 40/50 nodes, threshold=40
1432.7s 101 Aggregator 33 aggregated 40 models
1513.7s 102 Metrics -> train_loss=0.3954, test_loss=0.0607, accuracy=98.92%, f1=49.84%, precision=60.07%, recall=49.74%, AF=N/A (final round only)
1513.7s 103 💾 Round checkpoint saved: ./results_incremental_plexus_20260520_184850/checkpoint_task_0_round_14.pt
1513.7s 104 → Round 15: sample=[78, 15, 89, 99, 30, 64, 33, 49, 80, 34, 4, 76, 58, 9, 72, 47, 68, 32, 0, 52, 56, 96, 60, 98, 18, 88, 69, 38, 71, 48, 25, 94, 91, 73, 26, 53, 42, 83, 19, 70, 55, 45, 46, 81, 54, 13, 14, 65, 57, 97], aggregator=33 (bw=127.67)
1534.4s 105 Trained 40/50 nodes, threshold=40
1534.4s 106 Aggregator 33 aggregated 40 models
1614.8s 107 Metrics -> train_loss=0.6082, test_loss=0.0632, accuracy=98.92%, f1=50.74%, precision=64.62%, recall=50.31%, AF=N/A (final round only)
1614.8s 108 → Round 16: sample=[38, 70, 96, 46, 32, 25, 49, 98, 42, 54, 81, 69, 78, 99, 9, 64, 26, 89, 33, 48, 76, 55, 45, 97, 0, 34, 72, 91, 19, 47, 57, 14, 68, 56, 13, 30, 18, 71, 94, 83, 15, 53, 60, 4, 88, 58, 65, 73, 80, 52], aggregator=33 (bw=127.67)
1635.6s 109 Trained 40/50 nodes, threshold=40
1635.6s 110 Aggregator 33 aggregated 40 models
1713.9s 111 Metrics -> train_loss=0.4515, test_loss=0.0573, accuracy=98.93%, f1=51.25%, precision=65.05%, recall=50.61%, AF=N/A (final round only)
1713.9s 112 → Round 17: sample=[52, 55, 42, 48, 94, 64, 25, 4, 73, 33, 71, 19, 57, 72, 99, 80, 76, 30, 0, 14, 26, 9, 15, 96, 49, 70, 83, 97, 60, 18, 88, 34, 46, 32, 58, 56, 13, 45, 98, 68, 69, 89, 91, 81, 65, 53, 47, 78, 38, 54], aggregator=33 (bw=127.67)
1734.7s 113 Trained 40/50 nodes, threshold=40
1734.7s 114 Aggregator 33 aggregated 40 models
1818.3s 115 Metrics -> train_loss=0.5638, test_loss=0.0644, accuracy=98.93%, f1=51.14%, precision=65.02%, recall=50.52%, AF=N/A (final round only)
1818.3s 116 → Round 18: sample=[58, 99, 64, 96, 19, 38, 91, 26, 56, 94, 89, 83, 60, 80, 53, 55, 9, 30, 32, 14, 81, 98, 0, 72, 33, 65, 70, 25, 34, 73, 54, 97, 48, 68, 78, 45, 13, 52, 18, 88, 57, 47, 71, 46, 42, 49, 76, 15, 69, 4], aggregator=33 (bw=127.67)
1837.4s 117 Trained 40/50 nodes, threshold=40
1837.4s 118 Aggregator 33 aggregated 40 models
1915.0s 119 Metrics -> train_loss=0.6900, test_loss=0.0604, accuracy=98.93%, f1=51.18%, precision=65.06%, recall=50.54%, AF=N/A (final round only)
1915.0s 120 → Round 19: sample=[47, 76, 99, 80, 30, 71, 49, 4, 81, 88, 72, 96, 48, 34, 13, 69, 73, 91, 45, 60, 14, 0, 97, 89, 94, 26, 64, 25, 15, 32, 9, 55, 78, 56, 83, 98, 57, 19, 46, 70, 58, 68, 38, 42, 18, 54, 52, 65, 53, 33], aggregator=33 (bw=127.67)
1937.2s 121 Trained 40/50 nodes, threshold=40
1937.2s 122 Aggregator 33 aggregated 40 models
2094.6s 123 Metrics -> train_loss=0.4121, test_loss=0.0582, accuracy=98.96%, f1=51.90%, precision=65.53%, recall=50.89%, AF=0.00%
2094.6s 124 💾 Round checkpoint saved: ./results_incremental_plexus_20260520_184850/checkpoint_task_0_round_19.pt
2094.6s 125 
2094.6s 126 ============================================================
2094.6s 127 PLEXUS Training Complete
2094.6s 128 Final loss: 0.4121
2094.6s 129 Unique aggregators: 1
2094.6s 130 Avg participation: 80.00%
2094.6s 131 ============================================================
2223.3s 132 
2223.3s 133 🎨 Visualization & Debugging:
2225.1s 134 🔍 Unique predicted classes: [np.int64(1), np.int64(2), np.int64(4), np.int64(5)]
2225.1s 135 DEBUG[2]: Output layer weight norms per class:
2225.1s 136 Class 0: 0.7086
2225.1s 137 Class 1: 0.5784
2225.1s 138 Class 2: 0.6006
2225.1s 139 Class 3: 0.8494
2225.1s 140 Class 4: 0.8970
2225.1s 141 Class 5: 1.0257
2225.1s 142 DEBUG[7]: Mean prediction probability per class:
2225.1s 143 Class 0: 0.001535
2225.1s 144 Class 1: 0.772015
2225.1s 145 Class 2: 0.002262
2225.1s 146 Class 3: 0.000609
2225.1s 147 Class 4: 0.203620
2225.1s 148 Class 5: 0.019958
2226.9s 149 📊 Saved: ./results_incremental_plexus_20260520_184850/plots/task_0/confusion_matrix.png & ./results_incremental_plexus_20260520_184850/plots/task_0/confusion_matrix.pdf
2227.6s 150 📊 Saved: ./results_incremental_plexus_20260520_184850/plots/task_0/per_class_metrics.png & ./results_incremental_plexus_20260520_184850/plots/task_0/per_class_metrics.pdf
2227.6s 151 📸 Saved plots to ./results_incremental_plexus_20260520_184850/plots/task_0
2227.6s 152 💾 Checkpoint saved: ./results_incremental_plexus_20260520_184850/checkpoint_task_0.pt
2227.6s 153 
2227.6s 154 📊 Generating FCIL Visualization Report...
2228.0s 155 📊 Saved: ./results_incremental_plexus_20260520_184850/fcil_plots/task_accuracy_heatmap.png & ./results_incremental_plexus_20260520_184850/fcil_plots/task_accuracy_heatmap.pdf
2228.3s 156 📊 Saved: ./results_incremental_plexus_20260520_184850/fcil_plots/incremental_accuracy.png & ./results_incremental_plexus_20260520_184850/fcil_plots/incremental_accuracy.pdf
2228.3s 157 
2228.3s 158 📈 FCIL Metrics:
2228.3s 159 • Final AIA: 98.96%
2228.3s 160 • Avg Forgetting: N/A
2228.3s 161 ✅ FCIL report saved to: ./results_incremental_plexus_20260520_184850/fcil_plots
2228.3s 162 
2228.3s 163 ================================================================================
2228.3s 164 TASK 1/5 - Decentralized Plexus-IL
2228.3s 165 ================================================================================
2242.7s 166 Nodes with current task data: 60
2245.2s 167 
2245.2s 168 ============================================================
2245.2s 169 PLEXUS — Pure Decentralized Training (No Server)
2245.2s 170 Rounds: 20, Sample size: 100
2245.2s 171 Success fraction: 0.8, Local epochs: 1
2245.2s 172 ============================================================
2245.2s 173 
2245.2s 174 → Round 0: sample=[86, 30, 29, 11, 93, 15, 94, 97, 73, 4, 77, 3, 7, 95, 39, 45, 78, 21, 31, 36, 98, 18, 17, 54, 44, 63, 81, 12, 83, 55, 2, 67, 16, 84, 72, 80, 41, 69, 34, 62, 40, 64, 49, 24, 51, 28, 91, 22, 10, 75, 27, 26, 76, 23, 90, 1, 82, 66, 13, 8], aggregator=17 (bw=127.67)
2499.9s 175 Trained 48/60 nodes, threshold=48
2499.9s 176 Aggregator 17 aggregated 48 models
3304.6s 177 Metrics -> train_loss=4.1260, test_loss=1.2710, accuracy=71.20%, f1=21.46%, precision=27.46%, recall=25.09%, AF=N/A (final round only)
3304.6s 178 → Round 1: sample=[97, 76, 10, 23, 26, 44, 16, 17, 12, 21, 98, 18, 40, 13, 82, 73, 41, 39, 11, 54, 22, 81, 62, 51, 29, 78, 31, 75, 4, 80, 36, 67, 34, 94, 15, 24, 2, 93, 8, 28, 7, 84, 90, 49, 91, 55, 64, 3, 63, 95, 27, 69, 45, 30, 86, 77, 72, 1, 83, 66], aggregator=17 (bw=127.67)
3583.9s 179 Trained 48/60 nodes, threshold=48
3583.9s 180 Aggregator 17 aggregated 48 models
4362.9s 181 Metrics -> train_loss=0.2866, test_loss=0.4935, accuracy=92.86%, f1=38.02%, precision=35.73%, recall=41.50%, AF=N/A (final round only)
4362.9s 182 → Round 2: sample=[83, 80, 22, 94, 64, 8, 27, 12, 4, 30, 86, 75, 95, 2, 51, 55, 13, 78, 31, 15, 67, 72, 7, 29, 18, 62, 39, 10, 49, 44, 41, 17, 93, 1, 21, 66, 11, 82, 91, 84, 54, 97, 28, 40, 3, 45, 98, 90, 69, 34, 36, 76, 16, 77, 26, 63, 81, 73, 23, 24], aggregator=17 (bw=127.67)
4656.4s 183 Trained 48/60 nodes, threshold=48
4656.4s 184 Aggregator 17 aggregated 48 models
5439.8s 185 Metrics -> train_loss=0.0173, test_loss=0.4660, accuracy=92.95%, f1=38.06%, precision=37.12%, recall=41.79%, AF=N/A (final round only)
5439.8s 186 → Round 3: sample=[73, 63, 17, 55, 90, 23, 1, 66, 91, 41, 22, 16, 15, 97, 28, 54, 44, 45, 4, 31, 11, 30, 49, 24, 72, 75, 13, 3, 26, 86, 76, 51, 10, 80, 84, 64, 69, 83, 12, 67, 2, 82, 39, 34, 29, 93, 7, 94, 98, 62, 27, 40, 95, 77, 36, 21, 81, 8, 78, 18], aggregator=17 (bw=127.67)
5712.7s 187 Trained 48/60 nodes, threshold=48
5712.7s 188 Aggregator 17 aggregated 48 models
6509.3s 189 Metrics -> train_loss=0.0058, test_loss=0.5145, accuracy=93.02%, f1=40.19%, precision=37.45%, recall=45.45%, AF=N/A (final round only)
6509.3s 190 → Round 4: sample=[39, 54, 8, 34, 40, 81, 18, 1, 83, 97, 82, 98, 90, 63, 67, 76, 15, 2, 55, 4, 94, 41, 80, 66, 77, 95, 13, 28, 69, 17, 30, 93, 84, 12, 16, 45, 62, 64, 72, 3, 44, 36, 75, 49, 78, 10, 29, 51, 22, 73, 31, 7, 86, 11, 91, 24, 26, 21, 27, 23], aggregator=17 (bw=127.67)
6757.7s 191 Trained 48/60 nodes, threshold=48
6757.7s 192 Aggregator 17 aggregated 48 models
7533.8s 193 Metrics -> train_loss=0.0044, test_loss=0.5702, accuracy=93.04%, f1=39.58%, precision=36.68%, recall=47.40%, AF=N/A (final round only)
7533.8s 194 💾 Round checkpoint saved: ./results_incremental_plexus_20260520_184850/checkpoint_task_1_round_24.pt
7533.8s 195 → Round 5: sample=[39, 36, 84, 91, 18, 34, 77, 30, 69, 40, 1, 49, 76, 55, 83, 28, 13, 72, 2, 73, 54, 7, 12, 17, 10, 4, 97, 3, 66, 29, 63, 94, 95, 22, 93, 15, 16, 41, 44, 62, 64, 78, 75, 21, 51, 8, 23, 26, 98, 45, 80, 90, 27, 86, 24, 67, 31, 82, 81, 11], aggregator=17 (bw=127.67)
7787.3s 196 Trained 48/60 nodes, threshold=48
7787.3s 197 Aggregator 17 aggregated 48 models
8569.3s 198 Metrics -> train_loss=0.0038, test_loss=0.6637, accuracy=93.05%, f1=39.50%, precision=36.64%, recall=47.65%, AF=N/A (final round only)
8569.3s 199 → Round 6: sample=[26, 11, 10, 29, 13, 39, 84, 18, 7, 23, 27, 63, 55, 49, 62, 93, 73, 83, 22, 1, 76, 75, 8, 30, 95, 44, 72, 66, 17, 97, 64, 40, 69, 86, 82, 81, 31, 67, 41, 94, 28, 4, 15, 78, 51, 98, 45, 34, 16, 3, 2, 80, 54, 90, 91, 77, 36, 21, 12, 24], aggregator=17 (bw=127.67)
8845.3s 200 Trained 48/60 nodes, threshold=48
8845.3s 201 Aggregator 17 aggregated 48 models
9635.2s 202 Metrics -> train_loss=0.0032, test_loss=0.7143, accuracy=93.05%, f1=39.22%, precision=36.52%, recall=47.81%, AF=N/A (final round only)
9635.2s 203 → Round 7: sample=[31, 29, 62, 63, 84, 67, 95, 18, 8, 90, 93, 66, 10, 82, 97, 11, 51, 36, 30, 15, 81, 78, 91, 44, 12, 1, 17, 75, 55, 23, 72, 34, 49, 26, 28, 2, 54, 16, 86, 24, 27, 80, 64, 41, 76, 13, 94, 77, 3, 73, 40, 45, 69, 7, 4, 21, 22, 98, 83, 39], aggregator=17 (bw=127.67)
9916.2s 204 Trained 48/60 nodes, threshold=48
9916.2s 205 Aggregator 17 aggregated 48 models
10707.1s 206 Metrics -> train_loss=0.0032, test_loss=0.7736, accuracy=93.05%, f1=38.96%, precision=36.39%, recall=47.92%, AF=N/A (final round only)
10707.1s 207 → Round 8: sample=[98, 26, 10, 62, 80, 18, 75, 64, 77, 39, 76, 13, 30, 86, 72, 63, 83, 2, 11, 8, 41, 66, 84, 40, 15, 90, 12, 23, 4, 94, 29, 36, 44, 55, 3, 31, 95, 81, 67, 91, 93, 54, 27, 16, 28, 82, 45, 22, 24, 78, 73, 1, 17, 7, 97, 21, 51, 49, 34, 69], aggregator=17 (bw=127.67)
10994.3s 208 Trained 48/60 nodes, threshold=48
10994.3s 209 Aggregator 17 aggregated 48 models
11775.1s 210 Metrics -> train_loss=0.0030, test_loss=0.8054, accuracy=93.05%, f1=39.01%, precision=36.46%, recall=47.99%, AF=N/A (final round only)
11775.1s 211 → Round 9: sample=[23, 77, 64, 26, 18, 21, 86, 16, 80, 41, 83, 69, 95, 63, 82, 93, 1, 17, 2, 66, 22, 72, 27, 98, 54, 73, 34, 90, 39, 67, 94, 55, 51, 15, 24, 45, 76, 31, 13, 4, 40, 62, 81, 28, 11, 97, 44, 3, 7, 91, 29, 36, 12, 8, 84, 49, 30, 10, 78, 75], aggregator=17 (bw=127.67)
12073.1s 212 Trained 48/60 nodes, threshold=48
12073.1s 213 Aggregator 17 aggregated 48 models
12853.9s 214 Metrics -> train_loss=0.0031, test_loss=0.9048, accuracy=93.05%, f1=39.19%, precision=36.71%, recall=48.12%, AF=N/A (final round only)
12853.9s 215 💾 Round checkpoint saved: ./results_incremental_plexus_20260520_184850/checkpoint_task_1_round_29.pt
12853.9s 216 → Round 10: sample=[7, 30, 24, 86, 98, 95, 23, 66, 44, 82, 63, 36, 54, 40, 8, 28, 84, 81, 10, 16, 91, 64, 77, 80, 83, 75, 27, 4, 72, 29, 45, 97, 34, 39, 69, 67, 26, 22, 13, 3, 55, 76, 78, 11, 21, 15, 93, 62, 49, 12, 1, 94, 41, 31, 51, 2, 73, 17, 18, 90], aggregator=17 (bw=127.67)
13124.4s 217 Trained 48/60 nodes, threshold=48
13124.4s 218 Aggregator 17 aggregated 48 models
13910.2s 219 Metrics -> train_loss=0.0030, test_loss=0.8814, accuracy=93.05%, f1=39.20%, precision=36.70%, recall=48.24%, AF=N/A (final round only)
13910.2s 220 → Round 11: sample=[49, 78, 3, 84, 29, 41, 40, 62, 91, 64, 27, 4, 72, 97, 2, 80, 69, 75, 51, 28, 66, 15, 21, 94, 67, 83, 31, 77, 23, 44, 12, 7, 73, 16, 13, 39, 45, 8, 11, 82, 36, 22, 81, 90, 86, 98, 76, 26, 10, 55, 93, 63, 54, 1, 95, 30, 18, 17, 34, 24], aggregator=17 (bw=127.67)
14204.8s 221 Trained 48/60 nodes, threshold=48
14204.8s 222 Aggregator 17 aggregated 48 models
14994.3s 223 Metrics -> train_loss=0.0029, test_loss=0.9113, accuracy=93.05%, f1=39.63%, precision=36.87%, recall=47.80%, AF=N/A (final round only)
14994.3s 224 → Round 12: sample=[95, 11, 90, 34, 39, 94, 26, 21, 4, 73, 30, 77, 28, 27, 13, 84, 80, 64, 98, 18, 55, 44, 62, 75, 51, 82, 63, 16, 23, 83, 91, 86, 67, 76, 2, 69, 22, 15, 8, 7, 81, 1, 49, 24, 10, 12, 97, 31, 93, 66, 40, 72, 17, 78, 41, 45, 3, 54, 36, 29], aggregator=17 (bw=127.67)
15300.1s 225 Trained 48/60 nodes, threshold=48
15300.1s 226 Aggregator 17 aggregated 48 models
16085.1s 227 Metrics -> train_loss=0.0027, test_loss=0.9601, accuracy=93.05%, f1=39.39%, precision=36.71%, recall=47.91%, AF=N/A (final round only)
16085.1s 228 → Round 13: sample=[86, 26, 98, 64, 8, 22, 1, 76, 23, 15, 66, 63, 28, 83, 49, 21, 3, 36, 13, 55, 62, 7, 77, 10, 44, 94, 34, 16, 93, 17, 82, 67, 69, 45, 90, 72, 2, 84, 95, 91, 75, 29, 18, 40, 80, 73, 81, 51, 78, 11, 54, 41, 31, 30, 39, 12, 4, 24, 27, 97], aggregator=17 (bw=127.67)
16355.1s 229 Trained 48/60 nodes, threshold=48
16355.1s 230 Aggregator 17 aggregated 48 models
17148.7s 231 Metrics -> train_loss=0.0030, test_loss=0.9889, accuracy=93.05%, f1=39.32%, precision=36.64%, recall=48.06%, AF=N/A (final round only)
17148.7s 232 → Round 14: sample=[76, 4, 64, 44, 11, 97, 90, 93, 23, 81, 39, 26, 55, 84, 86, 13, 54, 94, 73, 15, 29, 45, 63, 69, 24, 22, 31, 18, 62, 34, 91, 77, 82, 28, 27, 3, 12, 49, 30, 78, 7, 67, 80, 51, 41, 95, 83, 17, 75, 2, 36, 21, 1, 98, 10, 8, 72, 16, 66, 40], aggregator=17 (bw=127.67)
17462.0s 233 Trained 48/60 nodes, threshold=48
17462.0s 234 Aggregator 17 aggregated 48 models
18250.8s 235 Metrics -> train_loss=0.0024, test_loss=1.0225, accuracy=93.05%, f1=39.78%, precision=37.04%, recall=47.88%, AF=N/A (final round only)
18250.8s 236 💾 Round checkpoint saved: ./results_incremental_plexus_20260520_184850/checkpoint_task_1_round_34.pt
18250.8s 237 → Round 15: sample=[2, 78, 15, 10, 51, 77, 23, 30, 64, 39, 16, 49, 80, 7, 75, 63, 34, 24, 4, 76, 3, 1, 67, 27, 28, 21, 72, 44, 62, 86, 40, 31, 84, 98, 18, 95, 69, 94, 91, 82, 73, 11, 41, 66, 26, 8, 29, 83, 17, 36, 55, 45, 81, 54, 12, 93, 13, 90, 22, 97], aggregator=17 (bw=127.67)
18512.4s 238 Trained 48/60 nodes, threshold=48
18512.4s 239 Aggregator 17 aggregated 48 models
19305.2s 240 Metrics -> train_loss=0.0029, test_loss=1.1102, accuracy=93.05%, f1=39.41%, precision=36.93%, recall=48.19%, AF=N/A (final round only)
19305.2s 241 → Round 16: sample=[67, 17, 77, 36, 51, 49, 98, 90, 82, 54, 81, 69, 78, 64, 22, 26, 63, 41, 16, 76, 8, 55, 7, 62, 2, 45, 97, 10, 93, 29, 34, 72, 91, 39, 12, 31, 13, 30, 23, 18, 3, 84, 27, 28, 75, 94, 44, 95, 83, 1, 15, 40, 66, 24, 11, 86, 4, 73, 80, 21], aggregator=17 (bw=127.67)
19605.3s 242 Trained 48/60 nodes, threshold=48
19605.3s 243 Aggregator 17 aggregated 48 models
20387.9s 244 Metrics -> train_loss=0.0025, test_loss=1.0767, accuracy=93.06%, f1=39.26%, precision=36.69%, recall=48.18%, AF=N/A (final round only)
20387.9s 245 → Round 17: sample=[12, 55, 66, 62, 94, 64, 21, 4, 73, 72, 16, 80, 41, 90, 76, 30, 7, 86, 28, 17, 93, 11, 26, 15, 24, 49, 95, 44, 83, 63, 97, 27, 29, 18, 67, 40, 39, 10, 3, 34, 75, 8, 31, 36, 13, 22, 23, 45, 98, 51, 69, 91, 81, 84, 2, 82, 78, 1, 54, 77], aggregator=17 (bw=127.67)
20678.4s 246 Trained 48/60 nodes, threshold=48
20678.4s 247 Aggregator 17 aggregated 48 models
21472.6s 248 Metrics -> train_loss=0.0027, test_loss=1.1105, accuracy=93.05%, f1=39.44%, precision=36.80%, recall=47.99%, AF=N/A (final round only)
21472.6s 249 → Round 18: sample=[62, 77, 64, 27, 75, 39, 44, 91, 1, 26, 94, 17, 90, 84, 86, 16, 83, 36, 63, 80, 55, 30, 81, 21, 23, 98, 93, 7, 41, 72, 8, 28, 12, 34, 40, 73, 3, 29, 54, 31, 97, 67, 2, 51, 78, 45, 11, 13, 18, 24, 22, 66, 95, 82, 49, 76, 15, 10, 69, 4], aggregator=17 (bw=127.67)
21763.5s 250 Trained 48/60 nodes, threshold=48
21763.5s 251 Aggregator 17 aggregated 48 models
22551.3s 252 Metrics -> train_loss=0.0026, test_loss=1.1566, accuracy=93.05%, f1=39.46%, precision=36.90%, recall=47.93%, AF=N/A (final round only)
22551.3s 253 → Round 19: sample=[17, 31, 76, 11, 80, 30, 82, 90, 7, 10, 28, 49, 4, 8, 81, 23, 16, 72, 34, 13, 69, 51, 73, 91, 24, 62, 45, 63, 95, 97, 12, 94, 39, 26, 67, 64, 41, 86, 15, 3, 40, 55, 29, 78, 1, 75, 83, 21, 27, 2, 84, 98, 36, 18, 66, 44, 54, 93, 22, 77], aggregator=17 (bw=127.67)
22815.1s 254 Trained 48/60 nodes, threshold=48
22815.1s 255 Aggregator 17 aggregated 48 models
24420.5s 256 Metrics -> train_loss=0.0026, test_loss=1.1362, accuracy=93.05%, f1=39.75%, precision=36.98%, recall=47.81%, AF=98.96%
24420.5s 257 💾 Round checkpoint saved: ./results_incremental_plexus_20260520_184850/checkpoint_task_1_round_39.pt
24420.5s 258 
24420.5s 259 ============================================================
24420.5s 260 PLEXUS Training Complete
24420.5s 261 Final loss: 0.0026
24420.5s 262 Unique aggregators: 1
24420.5s 263 Avg participation: 80.00%
24420.5s 264 ============================================================
26003.7s 265 
26003.7s 266 🎨 Visualization & Debugging:
26005.2s 267 🔍 Unique predicted classes: [np.int64(6), np.int64(7), np.int64(8), np.int64(9), np.int64(10), np.int64(11)]
26005.2s 268 DEBUG[2]: Output layer weight norms per class:
26005.2s 269 Class 0: 2.7219
26005.2s 270 Class 1: 2.6428
26005.2s 271 Class 3: 2.7689
26005.2s 272 Class 4: 2.7658
26005.2s 273 Class 5: 2.8209
26005.2s 274 Class 6: 1.9552
26005.2s 275 Class 7: 2.1007
26005.2s 276 Class 8: 2.2174
26005.2s 277 Class 9: 2.2534
26005.2s 278 Class 10: 2.3870
26005.2s 279 Class 11: 2.2606
26005.2s 280 DEBUG[7]: Mean prediction probability per class:
26005.2s 281 Class 0: 0.000000
26005.2s 282 Class 1: 0.000001
26005.2s 283 Class 3: 0.000000
26005.2s 284 Class 4: 0.000000
26005.2s 285 Class 5: 0.000000
26005.2s 286 Class 6: 0.352865
26005.2s 287 Class 7: 0.043807
26005.2s 288 Class 8: 0.210686
26005.2s 289 Class 9: 0.199676
26005.2s 290 Class 10: 0.009282
26005.2s 291 Class 11: 0.183673
26006.5s 292 📊 Saved: ./results_incremental_plexus_20260520_184850/plots/task_1/confusion_matrix.png & ./results_incremental_plexus_20260520_184850/plots/task_1/confusion_matrix.pdf
26007.2s 293 📊 Saved: ./results_incremental_plexus_20260520_184850/plots/task_1/per_class_metrics.png & ./results_incremental_plexus_20260520_184850/plots/task_1/per_class_metrics.pdf
26007.2s 294 📸 Saved plots to ./results_incremental_plexus_20260520_184850/plots/task_1
26007.2s 295 💾 Checkpoint saved: ./results_incremental_plexus_20260520_184850/checkpoint_task_1.pt
26007.2s 296 
26007.2s 297 📊 Generating FCIL Visualization Report...
26007.6s 298 📊 Saved: ./results_incremental_plexus_20260520_184850/fcil_plots/task_accuracy_heatmap.png & ./results_incremental_plexus_20260520_184850/fcil_plots/task_accuracy_heatmap.pdf
26007.9s 299 📊 Saved: ./results_incremental_plexus_20260520_184850/fcil_plots/incremental_accuracy.png & ./results_incremental_plexus_20260520_184850/fcil_plots/incremental_accuracy.pdf
26007.9s 300 
26007.9s 301 📈 FCIL Metrics:
26007.9s 302 • Final AIA: 93.05%
26007.9s 303 • Avg Forgetting: 5.91%
26007.9s 304 ✅ FCIL report saved to: ./results_incremental_plexus_20260520_184850/fcil_plots
26007.9s 305 
26007.9s 306 ================================================================================
26007.9s 307 TASK 2/5 - Decentralized Plexus-IL
26007.9s 308 ================================================================================
26021.3s 309 Nodes with current task data: 70
26024.2s 310 
26024.2s 311 ============================================================
26024.2s 312 PLEXUS — Pure Decentralized Training (No Server)
26024.2s 313 Rounds: 20, Sample size: 100
26024.2s 314 Success fraction: 0.8, Local epochs: 1
26024.2s 315 ============================================================
26024.2s 316 
26024.2s 317 → Round 0: sample=[30, 29, 11, 93, 15, 94, 97, 87, 50, 73, 74, 77, 3, 7, 65, 95, 56, 39, 96, 6, 45, 78, 21, 31, 36, 98, 9, 18, 79, 17, 58, 71, 44, 63, 52, 37, 12, 83, 2, 67, 16, 53, 80, 69, 34, 68, 62, 40, 64, 49, 25, 5, 92, 24, 46, 89, 91, 88, 61, 48, 22, 10, 75, 26, 76, 47, 90, 1, 82, 8], aggregator=16 (bw=127.67)
26253.1s 318 Trained 56/70 nodes, threshold=56
26253.1s 319 Aggregator 16 aggregated 56 models
27566.5s 320 Metrics -> train_loss=14.5259, test_loss=1.2098, accuracy=57.33%, f1=24.05%, precision=28.01%, recall=27.61%, AF=N/A (final round only)
27566.5s 321 → Round 1: sample=[97, 6, 52, 76, 10, 37, 5, 26, 44, 16, 17, 12, 21, 98, 56, 18, 40, 82, 96, 73, 88, 39, 53, 11, 65, 22, 62, 48, 29, 78, 79, 68, 31, 75, 92, 80, 36, 67, 34, 87, 94, 15, 24, 2, 47, 93, 8, 89, 61, 46, 25, 7, 90, 9, 49, 91, 64, 58, 74, 3, 63, 95, 69, 45, 30, 77, 71, 1, 50, 83], aggregator=16 (bw=127.67)
27764.4s 322 Trained 56/70 nodes, threshold=56
27764.4s 323 Aggregator 16 aggregated 56 models
29124.1s 324 Metrics -> train_loss=0.9497, test_loss=3.1004, accuracy=70.07%, f1=26.12%, precision=32.98%, recall=29.14%, AF=N/A (final round only)
29124.1s 325 → Round 2: sample=[83, 80, 79, 22, 94, 64, 6, 8, 58, 96, 47, 12, 61, 30, 75, 95, 2, 68, 9, 78, 31, 15, 48, 37, 88, 67, 52, 65, 7, 29, 18, 25, 62, 71, 39, 46, 10, 53, 49, 44, 56, 17, 93, 1, 21, 11, 82, 74, 91, 97, 40, 3, 45, 98, 90, 69, 89, 34, 36, 76, 50, 5, 16, 77, 26, 63, 92, 87, 73, 24], aggregator=16 (bw=127.67)
29344.4s 326 Trained 56/70 nodes, threshold=56
29344.4s 327 Aggregator 16 aggregated 56 models
30750.9s 328 Metrics -> train_loss=0.5165, test_loss=5.2172, accuracy=63.51%, f1=30.29%, precision=37.23%, recall=36.76%, AF=N/A (final round only)
30750.9s 329 → Round 3: sample=[73, 53, 63, 17, 90, 5, 48, 1, 91, 22, 16, 15, 61, 97, 44, 45, 31, 11, 47, 52, 58, 30, 49, 24, 56, 75, 88, 3, 26, 89, 65, 76, 10, 80, 79, 64, 92, 69, 9, 83, 12, 67, 2, 82, 39, 96, 46, 34, 29, 93, 50, 7, 87, 94, 98, 71, 62, 40, 95, 77, 36, 21, 8, 74, 78, 18, 37, 6, 25, 68], aggregator=16 (bw=127.67)
30940.1s 330 Trained 56/70 nodes, threshold=56
30940.1s 331 Aggregator 16 aggregated 56 models
32345.0s 332 Metrics -> train_loss=0.3022, test_loss=8.8094, accuracy=44.01%, f1=20.97%, precision=32.13%, recall=30.31%, AF=N/A (final round only)
32345.0s 333 → Round 4: sample=[39, 74, 89, 96, 8, 34, 40, 56, 18, 47, 25, 1, 83, 97, 82, 9, 98, 90, 63, 67, 76, 5, 15, 2, 94, 52, 80, 61, 77, 95, 69, 17, 92, 30, 93, 12, 16, 50, 79, 45, 6, 62, 64, 68, 3, 44, 36, 75, 49, 78, 10, 29, 46, 22, 73, 31, 53, 7, 58, 48, 11, 91, 87, 65, 24, 26, 21, 88, 71, 37], aggregator=16 (bw=127.67)
32546.1s 334 Trained 56/70 nodes, threshold=56
32546.1s 335 Aggregator 16 aggregated 56 models
33948.0s 336 Metrics -> train_loss=0.4066, test_loss=11.6142, accuracy=40.96%, f1=17.43%, precision=18.81%, recall=29.29%, AF=N/A (final round only)
33948.0s 337 💾 Round checkpoint saved: ./results_incremental_plexus_20260520_184850/checkpoint_task_2_round_44.pt
33948.0s 338 → Round 5: sample=[39, 36, 91, 18, 34, 77, 30, 65, 69, 40, 1, 49, 76, 83, 52, 79, 2, 73, 87, 48, 7, 12, 17, 10, 25, 97, 3, 29, 63, 94, 56, 5, 61, 95, 89, 96, 22, 93, 37, 15, 16, 74, 44, 62, 64, 78, 75, 46, 21, 88, 8, 26, 98, 50, 45, 68, 80, 90, 24, 9, 67, 92, 31, 53, 82, 58, 47, 71, 6, 11], aggregator=16 (bw=127.67)
34176.1s 339 Trained 56/70 nodes, threshold=56
34176.1s 340 Aggregator 16 aggregated 56 models
35599.0s 341 Metrics -> train_loss=0.3903, test_loss=14.7389, accuracy=40.92%, f1=16.07%, precision=17.49%, recall=29.21%, AF=N/A (final round only)
35599.0s 342 → Round 6: sample=[26, 89, 11, 10, 29, 87, 39, 18, 9, 7, 56, 58, 71, 46, 63, 47, 5, 49, 62, 93, 73, 83, 22, 1, 76, 75, 8, 30, 95, 44, 17, 97, 64, 40, 88, 65, 25, 69, 96, 92, 82, 61, 31, 53, 67, 50, 94, 68, 79, 52, 15, 78, 98, 45, 34, 37, 16, 3, 2, 80, 90, 6, 48, 91, 77, 36, 21, 12, 24, 74], aggregator=16 (bw=127.67)
35795.6s 343 Trained 56/70 nodes, threshold=56
35795.6s 344 Aggregator 16 aggregated 56 models
37183.5s 345 Metrics -> train_loss=0.3659, test_loss=16.9365, accuracy=40.88%, f1=16.05%, precision=17.71%, recall=29.24%, AF=N/A (final round only)
37183.5s 346 → Round 7: sample=[31, 29, 48, 62, 63, 65, 74, 67, 46, 95, 9, 89, 18, 8, 90, 93, 10, 82, 97, 11, 36, 30, 15, 56, 78, 91, 61, 37, 44, 12, 96, 92, 1, 17, 52, 5, 75, 34, 49, 26, 58, 2, 87, 68, 25, 71, 16, 50, 24, 80, 88, 64, 79, 6, 76, 53, 47, 94, 77, 3, 73, 40, 45, 69, 7, 21, 22, 98, 83, 39], aggregator=16 (bw=127.67)
37391.1s 347 Trained 56/70 nodes, threshold=56
37391.1s 348 Aggregator 16 aggregated 56 models
38783.3s 349 Metrics -> train_loss=0.1761, test_loss=19.4358, accuracy=40.87%, f1=16.33%, precision=18.33%, recall=29.22%, AF=N/A (final round only)
38783.3s 350 → Round 8: sample=[98, 50, 26, 10, 62, 88, 80, 52, 18, 89, 75, 64, 77, 58, 39, 76, 71, 30, 87, 9, 63, 47, 83, 2, 11, 53, 8, 5, 40, 15, 90, 12, 61, 56, 94, 29, 36, 44, 3, 65, 31, 95, 67, 79, 68, 91, 93, 16, 74, 82, 96, 45, 22, 24, 78, 73, 1, 37, 25, 6, 17, 7, 92, 97, 21, 48, 49, 34, 46, 69], aggregator=16 (bw=127.67)
38973.4s 351 Trained 56/70 nodes, threshold=56
38973.4s 352 Aggregator 16 aggregated 56 models
40367.5s 353 Metrics -> train_loss=0.3993, test_loss=22.0340, accuracy=40.88%, f1=15.83%, precision=17.43%, recall=29.58%, AF=N/A (final round only)
40367.5s 354 → Round 9: sample=[48, 77, 64, 26, 18, 21, 16, 80, 74, 83, 69, 46, 95, 63, 82, 93, 1, 17, 71, 53, 58, 2, 22, 98, 73, 34, 79, 90, 25, 39, 67, 92, 94, 5, 15, 24, 87, 52, 56, 45, 76, 31, 40, 47, 89, 62, 9, 11, 97, 44, 3, 37, 7, 6, 91, 88, 29, 36, 65, 12, 68, 8, 49, 50, 30, 10, 78, 75, 96, 61], aggregator=16 (bw=127.67)
40554.6s 355 Trained 56/70 nodes, threshold=56
40554.6s 356 Aggregator 16 aggregated 56 models
41957.5s 357 Metrics -> train_loss=0.4554, test_loss=23.2386, accuracy=40.88%, f1=15.60%, precision=17.06%, recall=29.58%, AF=N/A (final round only)
41957.5s 358 💾 Round checkpoint saved: ./results_incremental_plexus_20260520_184850/checkpoint_task_2_round_49.pt
41957.5s 359 → Round 10: sample=[7, 25, 96, 30, 79, 24, 52, 98, 58, 95, 44, 82, 63, 36, 56, 88, 40, 6, 92, 8, 5, 10, 16, 91, 61, 64, 46, 77, 80, 83, 89, 68, 75, 87, 29, 37, 45, 97, 34, 39, 69, 50, 67, 26, 9, 22, 3, 76, 78, 11, 21, 15, 93, 48, 65, 62, 49, 53, 74, 12, 1, 94, 47, 31, 2, 73, 17, 18, 71, 90], aggregator=16 (bw=127.67)
42161.0s 360 Trained 56/70 nodes, threshold=56
42161.0s 361 Aggregator 16 aggregated 56 models
43209.1s 362 Timeout waiting for execute reply (43200s).